Archive member included to satisfy reference by file (symbol)

/home/chrisg/Ac6/SystemWorkbench/plugins/fr.ac6.mcu.externaltools.arm-none.linux64_1.7.0.201602291252/tools/compiler/bin/../lib/gcc/arm-none-eabi/5.2.1/armv6-m/libgcc.a(_udivsi3.o)
                              src/system_stm32f0xx.o (__aeabi_uidiv)
/home/chrisg/Ac6/SystemWorkbench/plugins/fr.ac6.mcu.externaltools.arm-none.linux64_1.7.0.201602291252/tools/compiler/bin/../lib/gcc/arm-none-eabi/5.2.1/armv6-m/libgcc.a(_dvmd_tls.o)
                              /home/chrisg/Ac6/SystemWorkbench/plugins/fr.ac6.mcu.externaltools.arm-none.linux64_1.7.0.201602291252/tools/compiler/bin/../lib/gcc/arm-none-eabi/5.2.1/armv6-m/libgcc.a(_udivsi3.o) (__aeabi_idiv0)
/home/chrisg/Ac6/SystemWorkbench/plugins/fr.ac6.mcu.externaltools.arm-none.linux64_1.7.0.201602291252/tools/compiler/bin/../lib/gcc/arm-none-eabi/5.2.1/../../../../arm-none-eabi/lib/armv6-m/libc.a(lib_a-errno.o)
                              src/syscalls.o (__errno)
/home/chrisg/Ac6/SystemWorkbench/plugins/fr.ac6.mcu.externaltools.arm-none.linux64_1.7.0.201602291252/tools/compiler/bin/../lib/gcc/arm-none-eabi/5.2.1/../../../../arm-none-eabi/lib/armv6-m/libc.a(lib_a-exit.o)
                              /home/chrisg/Ac6/SystemWorkbench/plugins/fr.ac6.mcu.externaltools.arm-none.linux64_1.7.0.201602291252/tools/compiler/bin/../lib/gcc/arm-none-eabi/5.2.1/../../../../arm-none-eabi/lib/armv6-m/crt0.o (exit)
/home/chrisg/Ac6/SystemWorkbench/plugins/fr.ac6.mcu.externaltools.arm-none.linux64_1.7.0.201602291252/tools/compiler/bin/../lib/gcc/arm-none-eabi/5.2.1/../../../../arm-none-eabi/lib/armv6-m/libc.a(lib_a-impure.o)
                              /home/chrisg/Ac6/SystemWorkbench/plugins/fr.ac6.mcu.externaltools.arm-none.linux64_1.7.0.201602291252/tools/compiler/bin/../lib/gcc/arm-none-eabi/5.2.1/../../../../arm-none-eabi/lib/armv6-m/libc.a(lib_a-exit.o) (_global_impure_ptr)
/home/chrisg/Ac6/SystemWorkbench/plugins/fr.ac6.mcu.externaltools.arm-none.linux64_1.7.0.201602291252/tools/compiler/bin/../lib/gcc/arm-none-eabi/5.2.1/../../../../arm-none-eabi/lib/armv6-m/libc.a(lib_a-init.o)
                              /home/chrisg/Ac6/SystemWorkbench/plugins/fr.ac6.mcu.externaltools.arm-none.linux64_1.7.0.201602291252/tools/compiler/bin/../lib/gcc/arm-none-eabi/5.2.1/../../../../arm-none-eabi/lib/armv6-m/crt0.o (__libc_init_array)
/home/chrisg/Ac6/SystemWorkbench/plugins/fr.ac6.mcu.externaltools.arm-none.linux64_1.7.0.201602291252/tools/compiler/bin/../lib/gcc/arm-none-eabi/5.2.1/../../../../arm-none-eabi/lib/armv6-m/libc.a(lib_a-memset.o)
                              /home/chrisg/Ac6/SystemWorkbench/plugins/fr.ac6.mcu.externaltools.arm-none.linux64_1.7.0.201602291252/tools/compiler/bin/../lib/gcc/arm-none-eabi/5.2.1/../../../../arm-none-eabi/lib/armv6-m/crt0.o (memset)
/home/chrisg/Ac6/SystemWorkbench/plugins/fr.ac6.mcu.externaltools.arm-none.linux64_1.7.0.201602291252/tools/compiler/bin/../lib/gcc/arm-none-eabi/5.2.1/../../../../arm-none-eabi/lib/armv6-m/libc.a(lib_a-__call_atexit.o)
                              /home/chrisg/Ac6/SystemWorkbench/plugins/fr.ac6.mcu.externaltools.arm-none.linux64_1.7.0.201602291252/tools/compiler/bin/../lib/gcc/arm-none-eabi/5.2.1/../../../../arm-none-eabi/lib/armv6-m/libc.a(lib_a-exit.o) (__call_exitprocs)
/home/chrisg/Ac6/SystemWorkbench/plugins/fr.ac6.mcu.externaltools.arm-none.linux64_1.7.0.201602291252/tools/compiler/bin/../lib/gcc/arm-none-eabi/5.2.1/../../../../arm-none-eabi/lib/armv6-m/libc.a(lib_a-atexit.o)
                              /home/chrisg/Ac6/SystemWorkbench/plugins/fr.ac6.mcu.externaltools.arm-none.linux64_1.7.0.201602291252/tools/compiler/bin/../lib/gcc/arm-none-eabi/5.2.1/../../../../arm-none-eabi/lib/armv6-m/libc.a(lib_a-__call_atexit.o) (atexit)
/home/chrisg/Ac6/SystemWorkbench/plugins/fr.ac6.mcu.externaltools.arm-none.linux64_1.7.0.201602291252/tools/compiler/bin/../lib/gcc/arm-none-eabi/5.2.1/../../../../arm-none-eabi/lib/armv6-m/libc.a(lib_a-fini.o)
                              /home/chrisg/Ac6/SystemWorkbench/plugins/fr.ac6.mcu.externaltools.arm-none.linux64_1.7.0.201602291252/tools/compiler/bin/../lib/gcc/arm-none-eabi/5.2.1/../../../../arm-none-eabi/lib/armv6-m/libc.a(lib_a-__call_atexit.o) (__libc_fini_array)
/home/chrisg/Ac6/SystemWorkbench/plugins/fr.ac6.mcu.externaltools.arm-none.linux64_1.7.0.201602291252/tools/compiler/bin/../lib/gcc/arm-none-eabi/5.2.1/../../../../arm-none-eabi/lib/armv6-m/libc.a(lib_a-__atexit.o)
                              /home/chrisg/Ac6/SystemWorkbench/plugins/fr.ac6.mcu.externaltools.arm-none.linux64_1.7.0.201602291252/tools/compiler/bin/../lib/gcc/arm-none-eabi/5.2.1/../../../../arm-none-eabi/lib/armv6-m/libc.a(lib_a-atexit.o) (__register_exitproc)

Discarded input sections

 .text          0x00000000        0x0 /home/chrisg/Ac6/SystemWorkbench/plugins/fr.ac6.mcu.externaltools.arm-none.linux64_1.7.0.201602291252/tools/compiler/bin/../lib/gcc/arm-none-eabi/5.2.1/armv6-m/crti.o
 .data          0x00000000        0x0 /home/chrisg/Ac6/SystemWorkbench/plugins/fr.ac6.mcu.externaltools.arm-none.linux64_1.7.0.201602291252/tools/compiler/bin/../lib/gcc/arm-none-eabi/5.2.1/armv6-m/crti.o
 .bss           0x00000000        0x0 /home/chrisg/Ac6/SystemWorkbench/plugins/fr.ac6.mcu.externaltools.arm-none.linux64_1.7.0.201602291252/tools/compiler/bin/../lib/gcc/arm-none-eabi/5.2.1/armv6-m/crti.o
 .data          0x00000000        0x4 /home/chrisg/Ac6/SystemWorkbench/plugins/fr.ac6.mcu.externaltools.arm-none.linux64_1.7.0.201602291252/tools/compiler/bin/../lib/gcc/arm-none-eabi/5.2.1/armv6-m/crtbegin.o
 .text          0x00000000       0x78 /home/chrisg/Ac6/SystemWorkbench/plugins/fr.ac6.mcu.externaltools.arm-none.linux64_1.7.0.201602291252/tools/compiler/bin/../lib/gcc/arm-none-eabi/5.2.1/../../../../arm-none-eabi/lib/armv6-m/crt0.o
 .data          0x00000000        0x0 /home/chrisg/Ac6/SystemWorkbench/plugins/fr.ac6.mcu.externaltools.arm-none.linux64_1.7.0.201602291252/tools/compiler/bin/../lib/gcc/arm-none-eabi/5.2.1/../../../../arm-none-eabi/lib/armv6-m/crt0.o
 .bss           0x00000000        0x0 /home/chrisg/Ac6/SystemWorkbench/plugins/fr.ac6.mcu.externaltools.arm-none.linux64_1.7.0.201602291252/tools/compiler/bin/../lib/gcc/arm-none-eabi/5.2.1/../../../../arm-none-eabi/lib/armv6-m/crt0.o
 .ARM.extab     0x00000000        0x0 /home/chrisg/Ac6/SystemWorkbench/plugins/fr.ac6.mcu.externaltools.arm-none.linux64_1.7.0.201602291252/tools/compiler/bin/../lib/gcc/arm-none-eabi/5.2.1/../../../../arm-none-eabi/lib/armv6-m/crt0.o
 .ARM.exidx     0x00000000        0x8 /home/chrisg/Ac6/SystemWorkbench/plugins/fr.ac6.mcu.externaltools.arm-none.linux64_1.7.0.201602291252/tools/compiler/bin/../lib/gcc/arm-none-eabi/5.2.1/../../../../arm-none-eabi/lib/armv6-m/crt0.o
 .ARM.attributes
                0x00000000       0x1b /home/chrisg/Ac6/SystemWorkbench/plugins/fr.ac6.mcu.externaltools.arm-none.linux64_1.7.0.201602291252/tools/compiler/bin/../lib/gcc/arm-none-eabi/5.2.1/../../../../arm-none-eabi/lib/armv6-m/crt0.o
 .group         0x00000000        0x8 src/main.o
 .group         0x00000000        0x8 src/main.o
 .group         0x00000000        0x8 src/main.o
 .group         0x00000000        0x8 src/main.o
 .group         0x00000000        0x8 src/main.o
 .group         0x00000000        0x8 src/main.o
 .group         0x00000000        0x8 src/main.o
 .group         0x00000000        0x8 src/main.o
 .group         0x00000000        0x8 src/main.o
 .group         0x00000000        0x8 src/main.o
 .group         0x00000000        0x8 src/main.o
 .group         0x00000000        0x8 src/main.o
 .group         0x00000000        0x8 src/main.o
 .group         0x00000000        0x8 src/main.o
 .group         0x00000000        0x8 src/main.o
 .group         0x00000000        0x8 src/main.o
 .group         0x00000000        0x8 src/main.o
 .group         0x00000000        0x8 src/main.o
 .group         0x00000000        0x8 src/main.o
 .group         0x00000000        0x8 src/main.o
 .group         0x00000000        0x8 src/main.o
 .group         0x00000000        0x8 src/main.o
 .group         0x00000000        0x8 src/main.o
 .group         0x00000000        0x8 src/main.o
 .group         0x00000000        0x8 src/main.o
 .group         0x00000000        0x8 src/main.o
 .group         0x00000000        0x8 src/main.o
 .group         0x00000000        0x8 src/main.o
 .group         0x00000000        0x8 src/main.o
 .group         0x00000000        0x8 src/main.o
 .group         0x00000000        0x8 src/main.o
 .group         0x00000000        0x8 src/main.o
 .group         0x00000000        0x8 src/main.o
 .group         0x00000000        0x8 src/main.o
 .group         0x00000000        0x8 src/main.o
 .text          0x00000000        0x0 src/main.o
 .data          0x00000000        0x0 src/main.o
 .bss           0x00000000        0x0 src/main.o
 .group         0x00000000        0x8 src/syscalls.o
 .group         0x00000000        0x8 src/syscalls.o
 .group         0x00000000        0x8 src/syscalls.o
 .group         0x00000000        0x8 src/syscalls.o
 .group         0x00000000        0x8 src/syscalls.o
 .group         0x00000000        0x8 src/syscalls.o
 .group         0x00000000        0x8 src/syscalls.o
 .group         0x00000000        0x8 src/syscalls.o
 .group         0x00000000        0x8 src/syscalls.o
 .group         0x00000000        0x8 src/syscalls.o
 .group         0x00000000        0x8 src/syscalls.o
 .group         0x00000000        0x8 src/syscalls.o
 .group         0x00000000        0x8 src/syscalls.o
 .group         0x00000000        0x8 src/syscalls.o
 .group         0x00000000        0x8 src/syscalls.o
 .group         0x00000000        0x8 src/syscalls.o
 .group         0x00000000        0x8 src/syscalls.o
 .group         0x00000000        0x8 src/syscalls.o
 .group         0x00000000        0x8 src/syscalls.o
 .group         0x00000000        0x8 src/syscalls.o
 .group         0x00000000        0x8 src/syscalls.o
 .group         0x00000000        0x8 src/syscalls.o
 .group         0x00000000        0x8 src/syscalls.o
 .group         0x00000000        0x8 src/syscalls.o
 .group         0x00000000        0x8 src/syscalls.o
 .group         0x00000000        0x8 src/syscalls.o
 .group         0x00000000        0x8 src/syscalls.o
 .group         0x00000000        0x8 src/syscalls.o
 .group         0x00000000        0x8 src/syscalls.o
 .group         0x00000000        0x8 src/syscalls.o
 .group         0x00000000        0x8 src/syscalls.o
 .group         0x00000000        0x8 src/syscalls.o
 .group         0x00000000        0x8 src/syscalls.o
 .group         0x00000000        0x8 src/syscalls.o
 .group         0x00000000        0x8 src/syscalls.o
 .group         0x00000000        0x8 src/syscalls.o
 .group         0x00000000        0x8 src/syscalls.o
 .text          0x00000000        0x0 src/syscalls.o
 .data          0x00000000        0x4 src/syscalls.o
 .bss           0x00000000        0x8 src/syscalls.o
 .text.initialise_monitor_handles
                0x00000000        0xc src/syscalls.o
 .text._getpid  0x00000000        0xc src/syscalls.o
 .text._kill    0x00000000       0x20 src/syscalls.o
 .text._exit    0x00000000       0x18 src/syscalls.o
 .text._read    0x00000000       0x3c src/syscalls.o
 .text._write   0x00000000       0x38 src/syscalls.o
 .text._sbrk    0x00000000       0x58 src/syscalls.o
 .text._close   0x00000000       0x14 src/syscalls.o
 .text._fstat   0x00000000       0x1c src/syscalls.o
 .text._isatty  0x00000000       0x14 src/syscalls.o
 .text._lseek   0x00000000       0x18 src/syscalls.o
 .text._open    0x00000000       0x1c src/syscalls.o
 .text._wait    0x00000000       0x20 src/syscalls.o
 .text._unlink  0x00000000       0x20 src/syscalls.o
 .text._times   0x00000000       0x14 src/syscalls.o
 .text._stat    0x00000000       0x1c src/syscalls.o
 .text._link    0x00000000       0x20 src/syscalls.o
 .text._fork    0x00000000       0x18 src/syscalls.o
 .text._execve  0x00000000       0x24 src/syscalls.o
 .debug_info    0x00000000      0x667 src/syscalls.o
 .debug_abbrev  0x00000000      0x177 src/syscalls.o
 .debug_aranges
                0x00000000       0xb0 src/syscalls.o
 .debug_ranges  0x00000000       0xa0 src/syscalls.o
 .debug_macro   0x00000000      0x1f3 src/syscalls.o
 .debug_macro   0x00000000      0x844 src/syscalls.o
 .debug_macro   0x00000000       0x58 src/syscalls.o
 .debug_macro   0x00000000       0x22 src/syscalls.o
 .debug_macro   0x00000000       0x35 src/syscalls.o
 .debug_macro   0x00000000       0x9c src/syscalls.o
 .debug_macro   0x00000000      0x174 src/syscalls.o
 .debug_macro   0x00000000       0x4a src/syscalls.o
 .debug_macro   0x00000000       0x52 src/syscalls.o
 .debug_macro   0x00000000       0x16 src/syscalls.o
 .debug_macro   0x00000000       0x43 src/syscalls.o
 .debug_macro   0x00000000      0x187 src/syscalls.o
 .debug_macro   0x00000000       0x10 src/syscalls.o
 .debug_macro   0x00000000       0x35 src/syscalls.o
 .debug_macro   0x00000000       0x10 src/syscalls.o
 .debug_macro   0x00000000       0x10 src/syscalls.o
 .debug_macro   0x00000000      0x329 src/syscalls.o
 .debug_macro   0x00000000       0x10 src/syscalls.o
 .debug_macro   0x00000000       0x22 src/syscalls.o
 .debug_macro   0x00000000       0x22 src/syscalls.o
 .debug_macro   0x00000000       0x3a src/syscalls.o
 .debug_macro   0x00000000       0x10 src/syscalls.o
 .debug_macro   0x00000000       0x40 src/syscalls.o
 .debug_macro   0x00000000       0x65 src/syscalls.o
 .debug_macro   0x00000000       0x35 src/syscalls.o
 .debug_macro   0x00000000      0x122 src/syscalls.o
 .debug_macro   0x00000000       0x16 src/syscalls.o
 .debug_macro   0x00000000       0x16 src/syscalls.o
 .debug_macro   0x00000000       0x29 src/syscalls.o
 .debug_macro   0x00000000       0x10 src/syscalls.o
 .debug_macro   0x00000000      0x241 src/syscalls.o
 .debug_macro   0x00000000       0x1c src/syscalls.o
 .debug_macro   0x00000000       0x10 src/syscalls.o
 .debug_macro   0x00000000       0x16 src/syscalls.o
 .debug_macro   0x00000000      0x197 src/syscalls.o
 .debug_macro   0x00000000      0x159 src/syscalls.o
 .debug_macro   0x00000000       0x16 src/syscalls.o
 .debug_macro   0x00000000       0x88 src/syscalls.o
 .debug_line    0x00000000      0x5a7 src/syscalls.o
 .debug_str     0x00000000     0x7175 src/syscalls.o
 .comment       0x00000000       0x6f src/syscalls.o
 .debug_frame   0x00000000      0x264 src/syscalls.o
 .ARM.attributes
                0x00000000       0x31 src/syscalls.o
 .group         0x00000000        0x8 src/system_stm32f0xx.o
 .group         0x00000000        0x8 src/system_stm32f0xx.o
 .group         0x00000000        0x8 src/system_stm32f0xx.o
 .group         0x00000000        0x8 src/system_stm32f0xx.o
 .group         0x00000000        0x8 src/system_stm32f0xx.o
 .group         0x00000000        0x8 src/system_stm32f0xx.o
 .group         0x00000000        0x8 src/system_stm32f0xx.o
 .group         0x00000000        0x8 src/system_stm32f0xx.o
 .group         0x00000000        0x8 src/system_stm32f0xx.o
 .group         0x00000000        0x8 src/system_stm32f0xx.o
 .group         0x00000000        0x8 src/system_stm32f0xx.o
 .group         0x00000000        0x8 src/system_stm32f0xx.o
 .group         0x00000000        0x8 src/system_stm32f0xx.o
 .group         0x00000000        0x8 src/system_stm32f0xx.o
 .group         0x00000000        0x8 src/system_stm32f0xx.o
 .group         0x00000000        0x8 src/system_stm32f0xx.o
 .group         0x00000000        0x8 src/system_stm32f0xx.o
 .group         0x00000000        0x8 src/system_stm32f0xx.o
 .group         0x00000000        0x8 src/system_stm32f0xx.o
 .group         0x00000000        0x8 src/system_stm32f0xx.o
 .group         0x00000000        0x8 src/system_stm32f0xx.o
 .group         0x00000000        0x8 src/system_stm32f0xx.o
 .group         0x00000000        0x8 src/system_stm32f0xx.o
 .group         0x00000000        0x8 src/system_stm32f0xx.o
 .group         0x00000000        0x8 src/system_stm32f0xx.o
 .group         0x00000000        0x8 src/system_stm32f0xx.o
 .group         0x00000000        0x8 src/system_stm32f0xx.o
 .group         0x00000000        0x8 src/system_stm32f0xx.o
 .group         0x00000000        0x8 src/system_stm32f0xx.o
 .group         0x00000000        0x8 src/system_stm32f0xx.o
 .group         0x00000000        0x8 src/system_stm32f0xx.o
 .group         0x00000000        0x8 src/system_stm32f0xx.o
 .group         0x00000000        0x8 src/system_stm32f0xx.o
 .group         0x00000000        0x8 src/system_stm32f0xx.o
 .text          0x00000000        0x0 src/system_stm32f0xx.o
 .data          0x00000000       0x14 src/system_stm32f0xx.o
 .bss           0x00000000        0x0 src/system_stm32f0xx.o
 .text.SystemCoreClockUpdate
                0x00000000       0xec src/system_stm32f0xx.o
 .debug_macro   0x00000000      0x844 src/system_stm32f0xx.o
 .debug_macro   0x00000000       0x80 src/system_stm32f0xx.o
 .debug_macro   0x00000000       0x3a src/system_stm32f0xx.o
 .debug_macro   0x00000000       0x22 src/system_stm32f0xx.o
 .debug_macro   0x00000000       0x44 src/system_stm32f0xx.o
 .debug_macro   0x00000000       0xfd src/system_stm32f0xx.o
 .debug_macro   0x00000000       0x22 src/system_stm32f0xx.o
 .debug_macro   0x00000000      0x1df src/system_stm32f0xx.o
 .debug_macro   0x00000000       0x1f src/system_stm32f0xx.o
 .debug_macro   0x00000000      0x242 src/system_stm32f0xx.o
 .debug_macro   0x00000000     0x5b9e src/system_stm32f0xx.o
 .debug_macro   0x00000000      0x2eb src/system_stm32f0xx.o
 .debug_macro   0x00000000      0x3cf src/system_stm32f0xx.o
 .debug_macro   0x00000000      0x191 src/system_stm32f0xx.o
 .debug_macro   0x00000000       0x46 src/system_stm32f0xx.o
 .debug_macro   0x00000000       0xd9 src/system_stm32f0xx.o
 .debug_macro   0x00000000       0xef src/system_stm32f0xx.o
 .debug_macro   0x00000000      0x184 src/system_stm32f0xx.o
 .debug_macro   0x00000000       0x7c src/system_stm32f0xx.o
 .debug_macro   0x00000000      0x295 src/system_stm32f0xx.o
 .debug_macro   0x00000000       0xd5 src/system_stm32f0xx.o
 .debug_macro   0x00000000      0x2b7 src/system_stm32f0xx.o
 .debug_macro   0x00000000      0x185 src/system_stm32f0xx.o
 .debug_macro   0x00000000      0x184 src/system_stm32f0xx.o
 .debug_macro   0x00000000      0x2a0 src/system_stm32f0xx.o
 .debug_macro   0x00000000       0x70 src/system_stm32f0xx.o
 .debug_macro   0x00000000       0xdf src/system_stm32f0xx.o
 .debug_macro   0x00000000      0x522 src/system_stm32f0xx.o
 .debug_macro   0x00000000      0x4c5 src/system_stm32f0xx.o
 .debug_macro   0x00000000      0x396 src/system_stm32f0xx.o
 .debug_macro   0x00000000      0x750 src/system_stm32f0xx.o
 .debug_macro   0x00000000      0x353 src/system_stm32f0xx.o
 .debug_macro   0x00000000       0x34 src/system_stm32f0xx.o
 .debug_macro   0x00000000       0x3a src/system_stm32f0xx.o
 .text          0x00000000       0x14 startup/startup_stm32f072.o
 .data          0x00000000        0x0 startup/startup_stm32f072.o
 .bss           0x00000000        0x0 startup/startup_stm32f072.o
 .text          0x00000000      0x114 /home/chrisg/Ac6/SystemWorkbench/plugins/fr.ac6.mcu.externaltools.arm-none.linux64_1.7.0.201602291252/tools/compiler/bin/../lib/gcc/arm-none-eabi/5.2.1/armv6-m/libgcc.a(_udivsi3.o)
 .data          0x00000000        0x0 /home/chrisg/Ac6/SystemWorkbench/plugins/fr.ac6.mcu.externaltools.arm-none.linux64_1.7.0.201602291252/tools/compiler/bin/../lib/gcc/arm-none-eabi/5.2.1/armv6-m/libgcc.a(_udivsi3.o)
 .bss           0x00000000        0x0 /home/chrisg/Ac6/SystemWorkbench/plugins/fr.ac6.mcu.externaltools.arm-none.linux64_1.7.0.201602291252/tools/compiler/bin/../lib/gcc/arm-none-eabi/5.2.1/armv6-m/libgcc.a(_udivsi3.o)
 .debug_frame   0x00000000       0x20 /home/chrisg/Ac6/SystemWorkbench/plugins/fr.ac6.mcu.externaltools.arm-none.linux64_1.7.0.201602291252/tools/compiler/bin/../lib/gcc/arm-none-eabi/5.2.1/armv6-m/libgcc.a(_udivsi3.o)
 .ARM.attributes
                0x00000000       0x1e /home/chrisg/Ac6/SystemWorkbench/plugins/fr.ac6.mcu.externaltools.arm-none.linux64_1.7.0.201602291252/tools/compiler/bin/../lib/gcc/arm-none-eabi/5.2.1/armv6-m/libgcc.a(_udivsi3.o)
 .text          0x00000000        0x4 /home/chrisg/Ac6/SystemWorkbench/plugins/fr.ac6.mcu.externaltools.arm-none.linux64_1.7.0.201602291252/tools/compiler/bin/../lib/gcc/arm-none-eabi/5.2.1/armv6-m/libgcc.a(_dvmd_tls.o)
 .data          0x00000000        0x0 /home/chrisg/Ac6/SystemWorkbench/plugins/fr.ac6.mcu.externaltools.arm-none.linux64_1.7.0.201602291252/tools/compiler/bin/../lib/gcc/arm-none-eabi/5.2.1/armv6-m/libgcc.a(_dvmd_tls.o)
 .bss           0x00000000        0x0 /home/chrisg/Ac6/SystemWorkbench/plugins/fr.ac6.mcu.externaltools.arm-none.linux64_1.7.0.201602291252/tools/compiler/bin/../lib/gcc/arm-none-eabi/5.2.1/armv6-m/libgcc.a(_dvmd_tls.o)
 .ARM.attributes
                0x00000000       0x1e /home/chrisg/Ac6/SystemWorkbench/plugins/fr.ac6.mcu.externaltools.arm-none.linux64_1.7.0.201602291252/tools/compiler/bin/../lib/gcc/arm-none-eabi/5.2.1/armv6-m/libgcc.a(_dvmd_tls.o)
 .text          0x00000000        0x0 /home/chrisg/Ac6/SystemWorkbench/plugins/fr.ac6.mcu.externaltools.arm-none.linux64_1.7.0.201602291252/tools/compiler/bin/../lib/gcc/arm-none-eabi/5.2.1/../../../../arm-none-eabi/lib/armv6-m/libc.a(lib_a-errno.o)
 .data          0x00000000        0x0 /home/chrisg/Ac6/SystemWorkbench/plugins/fr.ac6.mcu.externaltools.arm-none.linux64_1.7.0.201602291252/tools/compiler/bin/../lib/gcc/arm-none-eabi/5.2.1/../../../../arm-none-eabi/lib/armv6-m/libc.a(lib_a-errno.o)
 .bss           0x00000000        0x0 /home/chrisg/Ac6/SystemWorkbench/plugins/fr.ac6.mcu.externaltools.arm-none.linux64_1.7.0.201602291252/tools/compiler/bin/../lib/gcc/arm-none-eabi/5.2.1/../../../../arm-none-eabi/lib/armv6-m/libc.a(lib_a-errno.o)
 .text.__errno  0x00000000        0xc /home/chrisg/Ac6/SystemWorkbench/plugins/fr.ac6.mcu.externaltools.arm-none.linux64_1.7.0.201602291252/tools/compiler/bin/../lib/gcc/arm-none-eabi/5.2.1/../../../../arm-none-eabi/lib/armv6-m/libc.a(lib_a-errno.o)
 .debug_frame   0x00000000       0x20 /home/chrisg/Ac6/SystemWorkbench/plugins/fr.ac6.mcu.externaltools.arm-none.linux64_1.7.0.201602291252/tools/compiler/bin/../lib/gcc/arm-none-eabi/5.2.1/../../../../arm-none-eabi/lib/armv6-m/libc.a(lib_a-errno.o)
 .ARM.attributes
                0x00000000       0x2c /home/chrisg/Ac6/SystemWorkbench/plugins/fr.ac6.mcu.externaltools.arm-none.linux64_1.7.0.201602291252/tools/compiler/bin/../lib/gcc/arm-none-eabi/5.2.1/../../../../arm-none-eabi/lib/armv6-m/libc.a(lib_a-errno.o)
 .text          0x00000000        0x0 /home/chrisg/Ac6/SystemWorkbench/plugins/fr.ac6.mcu.externaltools.arm-none.linux64_1.7.0.201602291252/tools/compiler/bin/../lib/gcc/arm-none-eabi/5.2.1/../../../../arm-none-eabi/lib/armv6-m/libc.a(lib_a-exit.o)
 .data          0x00000000        0x0 /home/chrisg/Ac6/SystemWorkbench/plugins/fr.ac6.mcu.externaltools.arm-none.linux64_1.7.0.201602291252/tools/compiler/bin/../lib/gcc/arm-none-eabi/5.2.1/../../../../arm-none-eabi/lib/armv6-m/libc.a(lib_a-exit.o)
 .bss           0x00000000        0x0 /home/chrisg/Ac6/SystemWorkbench/plugins/fr.ac6.mcu.externaltools.arm-none.linux64_1.7.0.201602291252/tools/compiler/bin/../lib/gcc/arm-none-eabi/5.2.1/../../../../arm-none-eabi/lib/armv6-m/libc.a(lib_a-exit.o)
 .text.exit     0x00000000       0x20 /home/chrisg/Ac6/SystemWorkbench/plugins/fr.ac6.mcu.externaltools.arm-none.linux64_1.7.0.201602291252/tools/compiler/bin/../lib/gcc/arm-none-eabi/5.2.1/../../../../arm-none-eabi/lib/armv6-m/libc.a(lib_a-exit.o)
 .debug_frame   0x00000000       0x28 /home/chrisg/Ac6/SystemWorkbench/plugins/fr.ac6.mcu.externaltools.arm-none.linux64_1.7.0.201602291252/tools/compiler/bin/../lib/gcc/arm-none-eabi/5.2.1/../../../../arm-none-eabi/lib/armv6-m/libc.a(lib_a-exit.o)
 .ARM.attributes
                0x00000000       0x2c /home/chrisg/Ac6/SystemWorkbench/plugins/fr.ac6.mcu.externaltools.arm-none.linux64_1.7.0.201602291252/tools/compiler/bin/../lib/gcc/arm-none-eabi/5.2.1/../../../../arm-none-eabi/lib/armv6-m/libc.a(lib_a-exit.o)
 .text          0x00000000        0x0 /home/chrisg/Ac6/SystemWorkbench/plugins/fr.ac6.mcu.externaltools.arm-none.linux64_1.7.0.201602291252/tools/compiler/bin/../lib/gcc/arm-none-eabi/5.2.1/../../../../arm-none-eabi/lib/armv6-m/libc.a(lib_a-impure.o)
 .data          0x00000000        0x0 /home/chrisg/Ac6/SystemWorkbench/plugins/fr.ac6.mcu.externaltools.arm-none.linux64_1.7.0.201602291252/tools/compiler/bin/../lib/gcc/arm-none-eabi/5.2.1/../../../../arm-none-eabi/lib/armv6-m/libc.a(lib_a-impure.o)
 .bss           0x00000000        0x0 /home/chrisg/Ac6/SystemWorkbench/plugins/fr.ac6.mcu.externaltools.arm-none.linux64_1.7.0.201602291252/tools/compiler/bin/../lib/gcc/arm-none-eabi/5.2.1/../../../../arm-none-eabi/lib/armv6-m/libc.a(lib_a-impure.o)
 .data._impure_ptr
                0x00000000        0x4 /home/chrisg/Ac6/SystemWorkbench/plugins/fr.ac6.mcu.externaltools.arm-none.linux64_1.7.0.201602291252/tools/compiler/bin/../lib/gcc/arm-none-eabi/5.2.1/../../../../arm-none-eabi/lib/armv6-m/libc.a(lib_a-impure.o)
 .text          0x00000000        0x0 /home/chrisg/Ac6/SystemWorkbench/plugins/fr.ac6.mcu.externaltools.arm-none.linux64_1.7.0.201602291252/tools/compiler/bin/../lib/gcc/arm-none-eabi/5.2.1/../../../../arm-none-eabi/lib/armv6-m/libc.a(lib_a-init.o)
 .data          0x00000000        0x0 /home/chrisg/Ac6/SystemWorkbench/plugins/fr.ac6.mcu.externaltools.arm-none.linux64_1.7.0.201602291252/tools/compiler/bin/../lib/gcc/arm-none-eabi/5.2.1/../../../../arm-none-eabi/lib/armv6-m/libc.a(lib_a-init.o)
 .bss           0x00000000        0x0 /home/chrisg/Ac6/SystemWorkbench/plugins/fr.ac6.mcu.externaltools.arm-none.linux64_1.7.0.201602291252/tools/compiler/bin/../lib/gcc/arm-none-eabi/5.2.1/../../../../arm-none-eabi/lib/armv6-m/libc.a(lib_a-init.o)
 .text          0x00000000        0x0 /home/chrisg/Ac6/SystemWorkbench/plugins/fr.ac6.mcu.externaltools.arm-none.linux64_1.7.0.201602291252/tools/compiler/bin/../lib/gcc/arm-none-eabi/5.2.1/../../../../arm-none-eabi/lib/armv6-m/libc.a(lib_a-memset.o)
 .data          0x00000000        0x0 /home/chrisg/Ac6/SystemWorkbench/plugins/fr.ac6.mcu.externaltools.arm-none.linux64_1.7.0.201602291252/tools/compiler/bin/../lib/gcc/arm-none-eabi/5.2.1/../../../../arm-none-eabi/lib/armv6-m/libc.a(lib_a-memset.o)
 .bss           0x00000000        0x0 /home/chrisg/Ac6/SystemWorkbench/plugins/fr.ac6.mcu.externaltools.arm-none.linux64_1.7.0.201602291252/tools/compiler/bin/../lib/gcc/arm-none-eabi/5.2.1/../../../../arm-none-eabi/lib/armv6-m/libc.a(lib_a-memset.o)
 .text.memset   0x00000000       0x8c /home/chrisg/Ac6/SystemWorkbench/plugins/fr.ac6.mcu.externaltools.arm-none.linux64_1.7.0.201602291252/tools/compiler/bin/../lib/gcc/arm-none-eabi/5.2.1/../../../../arm-none-eabi/lib/armv6-m/libc.a(lib_a-memset.o)
 .debug_frame   0x00000000       0x2c /home/chrisg/Ac6/SystemWorkbench/plugins/fr.ac6.mcu.externaltools.arm-none.linux64_1.7.0.201602291252/tools/compiler/bin/../lib/gcc/arm-none-eabi/5.2.1/../../../../arm-none-eabi/lib/armv6-m/libc.a(lib_a-memset.o)
 .ARM.attributes
                0x00000000       0x2c /home/chrisg/Ac6/SystemWorkbench/plugins/fr.ac6.mcu.externaltools.arm-none.linux64_1.7.0.201602291252/tools/compiler/bin/../lib/gcc/arm-none-eabi/5.2.1/../../../../arm-none-eabi/lib/armv6-m/libc.a(lib_a-memset.o)
 .text          0x00000000        0x0 /home/chrisg/Ac6/SystemWorkbench/plugins/fr.ac6.mcu.externaltools.arm-none.linux64_1.7.0.201602291252/tools/compiler/bin/../lib/gcc/arm-none-eabi/5.2.1/../../../../arm-none-eabi/lib/armv6-m/libc.a(lib_a-__call_atexit.o)
 .data          0x00000000        0x0 /home/chrisg/Ac6/SystemWorkbench/plugins/fr.ac6.mcu.externaltools.arm-none.linux64_1.7.0.201602291252/tools/compiler/bin/../lib/gcc/arm-none-eabi/5.2.1/../../../../arm-none-eabi/lib/armv6-m/libc.a(lib_a-__call_atexit.o)
 .bss           0x00000000        0x0 /home/chrisg/Ac6/SystemWorkbench/plugins/fr.ac6.mcu.externaltools.arm-none.linux64_1.7.0.201602291252/tools/compiler/bin/../lib/gcc/arm-none-eabi/5.2.1/../../../../arm-none-eabi/lib/armv6-m/libc.a(lib_a-__call_atexit.o)
 .text.__call_exitprocs
                0x00000000       0xfc /home/chrisg/Ac6/SystemWorkbench/plugins/fr.ac6.mcu.externaltools.arm-none.linux64_1.7.0.201602291252/tools/compiler/bin/../lib/gcc/arm-none-eabi/5.2.1/../../../../arm-none-eabi/lib/armv6-m/libc.a(lib_a-__call_atexit.o)
 .text          0x00000000        0x0 /home/chrisg/Ac6/SystemWorkbench/plugins/fr.ac6.mcu.externaltools.arm-none.linux64_1.7.0.201602291252/tools/compiler/bin/../lib/gcc/arm-none-eabi/5.2.1/../../../../arm-none-eabi/lib/armv6-m/libc.a(lib_a-atexit.o)
 .data          0x00000000        0x0 /home/chrisg/Ac6/SystemWorkbench/plugins/fr.ac6.mcu.externaltools.arm-none.linux64_1.7.0.201602291252/tools/compiler/bin/../lib/gcc/arm-none-eabi/5.2.1/../../../../arm-none-eabi/lib/armv6-m/libc.a(lib_a-atexit.o)
 .bss           0x00000000        0x0 /home/chrisg/Ac6/SystemWorkbench/plugins/fr.ac6.mcu.externaltools.arm-none.linux64_1.7.0.201602291252/tools/compiler/bin/../lib/gcc/arm-none-eabi/5.2.1/../../../../arm-none-eabi/lib/armv6-m/libc.a(lib_a-atexit.o)
 .text          0x00000000        0x0 /home/chrisg/Ac6/SystemWorkbench/plugins/fr.ac6.mcu.externaltools.arm-none.linux64_1.7.0.201602291252/tools/compiler/bin/../lib/gcc/arm-none-eabi/5.2.1/../../../../arm-none-eabi/lib/armv6-m/libc.a(lib_a-fini.o)
 .data          0x00000000        0x0 /home/chrisg/Ac6/SystemWorkbench/plugins/fr.ac6.mcu.externaltools.arm-none.linux64_1.7.0.201602291252/tools/compiler/bin/../lib/gcc/arm-none-eabi/5.2.1/../../../../arm-none-eabi/lib/armv6-m/libc.a(lib_a-fini.o)
 .bss           0x00000000        0x0 /home/chrisg/Ac6/SystemWorkbench/plugins/fr.ac6.mcu.externaltools.arm-none.linux64_1.7.0.201602291252/tools/compiler/bin/../lib/gcc/arm-none-eabi/5.2.1/../../../../arm-none-eabi/lib/armv6-m/libc.a(lib_a-fini.o)
 .text          0x00000000        0x0 /home/chrisg/Ac6/SystemWorkbench/plugins/fr.ac6.mcu.externaltools.arm-none.linux64_1.7.0.201602291252/tools/compiler/bin/../lib/gcc/arm-none-eabi/5.2.1/../../../../arm-none-eabi/lib/armv6-m/libc.a(lib_a-__atexit.o)
 .data          0x00000000        0x0 /home/chrisg/Ac6/SystemWorkbench/plugins/fr.ac6.mcu.externaltools.arm-none.linux64_1.7.0.201602291252/tools/compiler/bin/../lib/gcc/arm-none-eabi/5.2.1/../../../../arm-none-eabi/lib/armv6-m/libc.a(lib_a-__atexit.o)
 .bss           0x00000000        0x0 /home/chrisg/Ac6/SystemWorkbench/plugins/fr.ac6.mcu.externaltools.arm-none.linux64_1.7.0.201602291252/tools/compiler/bin/../lib/gcc/arm-none-eabi/5.2.1/../../../../arm-none-eabi/lib/armv6-m/libc.a(lib_a-__atexit.o)
 .text          0x00000000        0x0 /home/chrisg/Ac6/SystemWorkbench/plugins/fr.ac6.mcu.externaltools.arm-none.linux64_1.7.0.201602291252/tools/compiler/bin/../lib/gcc/arm-none-eabi/5.2.1/armv6-m/crtend.o
 .data          0x00000000        0x0 /home/chrisg/Ac6/SystemWorkbench/plugins/fr.ac6.mcu.externaltools.arm-none.linux64_1.7.0.201602291252/tools/compiler/bin/../lib/gcc/arm-none-eabi/5.2.1/armv6-m/crtend.o
 .bss           0x00000000        0x0 /home/chrisg/Ac6/SystemWorkbench/plugins/fr.ac6.mcu.externaltools.arm-none.linux64_1.7.0.201602291252/tools/compiler/bin/../lib/gcc/arm-none-eabi/5.2.1/armv6-m/crtend.o
 .eh_frame      0x00000000        0x4 /home/chrisg/Ac6/SystemWorkbench/plugins/fr.ac6.mcu.externaltools.arm-none.linux64_1.7.0.201602291252/tools/compiler/bin/../lib/gcc/arm-none-eabi/5.2.1/armv6-m/crtend.o
 .jcr           0x00000000        0x4 /home/chrisg/Ac6/SystemWorkbench/plugins/fr.ac6.mcu.externaltools.arm-none.linux64_1.7.0.201602291252/tools/compiler/bin/../lib/gcc/arm-none-eabi/5.2.1/armv6-m/crtend.o
 .text          0x00000000        0x0 /home/chrisg/Ac6/SystemWorkbench/plugins/fr.ac6.mcu.externaltools.arm-none.linux64_1.7.0.201602291252/tools/compiler/bin/../lib/gcc/arm-none-eabi/5.2.1/armv6-m/crtn.o
 .data          0x00000000        0x0 /home/chrisg/Ac6/SystemWorkbench/plugins/fr.ac6.mcu.externaltools.arm-none.linux64_1.7.0.201602291252/tools/compiler/bin/../lib/gcc/arm-none-eabi/5.2.1/armv6-m/crtn.o
 .bss           0x00000000        0x0 /home/chrisg/Ac6/SystemWorkbench/plugins/fr.ac6.mcu.externaltools.arm-none.linux64_1.7.0.201602291252/tools/compiler/bin/../lib/gcc/arm-none-eabi/5.2.1/armv6-m/crtn.o

Memory Configuration

Name             Origin             Length             Attributes
FLASH            0x08000000         0x00020000         xr
RAM              0x20000000         0x00004000         xrw
*default*        0x00000000         0xffffffff

Linker script and memory map

LOAD /home/chrisg/Ac6/SystemWorkbench/plugins/fr.ac6.mcu.externaltools.arm-none.linux64_1.7.0.201602291252/tools/compiler/bin/../lib/gcc/arm-none-eabi/5.2.1/armv6-m/crti.o
LOAD /home/chrisg/Ac6/SystemWorkbench/plugins/fr.ac6.mcu.externaltools.arm-none.linux64_1.7.0.201602291252/tools/compiler/bin/../lib/gcc/arm-none-eabi/5.2.1/armv6-m/crtbegin.o
LOAD /home/chrisg/Ac6/SystemWorkbench/plugins/fr.ac6.mcu.externaltools.arm-none.linux64_1.7.0.201602291252/tools/compiler/bin/../lib/gcc/arm-none-eabi/5.2.1/../../../../arm-none-eabi/lib/armv6-m/crt0.o
LOAD /home/chrisg/Ac6/SystemWorkbench/plugins/fr.ac6.mcu.externaltools.arm-none.linux64_1.7.0.201602291252/tools/compiler/bin/../lib/gcc/arm-none-eabi/5.2.1/../../../../arm-none-eabi/lib/armv6-m/libm.a
LOAD src/main.o
LOAD src/syscalls.o
LOAD src/system_stm32f0xx.o
LOAD startup/startup_stm32f072.o
LOAD /home/chrisg/workspace_stm/stm32f072b-disco_stdperiph_lib/Debug/libstm32f072b-disco_stdperiph_lib.a
START GROUP
LOAD /home/chrisg/Ac6/SystemWorkbench/plugins/fr.ac6.mcu.externaltools.arm-none.linux64_1.7.0.201602291252/tools/compiler/bin/../lib/gcc/arm-none-eabi/5.2.1/armv6-m/libgcc.a
LOAD /home/chrisg/Ac6/SystemWorkbench/plugins/fr.ac6.mcu.externaltools.arm-none.linux64_1.7.0.201602291252/tools/compiler/bin/../lib/gcc/arm-none-eabi/5.2.1/../../../../arm-none-eabi/lib/armv6-m/libc.a
END GROUP
LOAD /home/chrisg/Ac6/SystemWorkbench/plugins/fr.ac6.mcu.externaltools.arm-none.linux64_1.7.0.201602291252/tools/compiler/bin/../lib/gcc/arm-none-eabi/5.2.1/armv6-m/crtend.o
LOAD /home/chrisg/Ac6/SystemWorkbench/plugins/fr.ac6.mcu.externaltools.arm-none.linux64_1.7.0.201602291252/tools/compiler/bin/../lib/gcc/arm-none-eabi/5.2.1/armv6-m/crtn.o
                0x20004000                _estack = 0x20004000
                0x00000000                _Min_Heap_Size = 0x0
                0x00000800                _Min_Stack_Size = 0x800

.isr_vector     0x08000000       0xc0
                0x08000000                . = ALIGN (0x4)
 *(.isr_vector)
 .isr_vector    0x08000000       0xc0 startup/startup_stm32f072.o
                0x08000000                g_pfnVectors
                0x080000c0                . = ALIGN (0x4)

.text           0x080000c0      0x39c
                0x080000c0                . = ALIGN (0x4)
 *(.text)
 .text          0x080000c0       0xb4 /home/chrisg/Ac6/SystemWorkbench/plugins/fr.ac6.mcu.externaltools.arm-none.linux64_1.7.0.201602291252/tools/compiler/bin/../lib/gcc/arm-none-eabi/5.2.1/armv6-m/crtbegin.o
 *(.text*)
 .text.main     0x08000174        0xc src/main.o
                0x08000174                main
 .text.SystemInit
                0x08000180       0x90 src/system_stm32f0xx.o
                0x08000180                SystemInit
 .text.SetSysClock
                0x08000210       0x68 src/system_stm32f0xx.o
 .text.Reset_Handler
                0x08000278       0x50 startup/startup_stm32f072.o
                0x08000278                Reset_Handler
 .text.Default_Handler
                0x080002c8        0x2 startup/startup_stm32f072.o
                0x080002c8                TIM1_CC_IRQHandler
                0x080002c8                TSC_IRQHandler
                0x080002c8                HardFault_Handler
                0x080002c8                ADC1_COMP_IRQHandler
                0x080002c8                SysTick_Handler
                0x080002c8                PendSV_Handler
                0x080002c8                NMI_Handler
                0x080002c8                I2C1_IRQHandler
                0x080002c8                RCC_CRS_IRQHandler
                0x080002c8                SPI1_IRQHandler
                0x080002c8                TIM6_DAC_IRQHandler
                0x080002c8                USART3_4_IRQHandler
                0x080002c8                EXTI2_3_IRQHandler
                0x080002c8                I2C2_IRQHandler
                0x080002c8                TIM17_IRQHandler
                0x080002c8                CEC_CAN_IRQHandler
                0x080002c8                RTC_IRQHandler
                0x080002c8                PVD_VDDIO2_IRQHandler
                0x080002c8                DMA1_Channel4_5_6_7_IRQHandler
                0x080002c8                TIM16_IRQHandler
                0x080002c8                TIM3_IRQHandler
                0x080002c8                EXTI4_15_IRQHandler
                0x080002c8                DMA1_Channel1_IRQHandler
                0x080002c8                Default_Handler
                0x080002c8                TIM14_IRQHandler
                0x080002c8                TIM7_IRQHandler
                0x080002c8                TIM15_IRQHandler
                0x080002c8                EXTI0_1_IRQHandler
                0x080002c8                USB_IRQHandler
                0x080002c8                SPI2_IRQHandler
                0x080002c8                SVC_Handler
                0x080002c8                WWDG_IRQHandler
                0x080002c8                TIM2_IRQHandler
                0x080002c8                DMA1_Channel2_3_IRQHandler
                0x080002c8                USART2_IRQHandler
                0x080002c8                FLASH_IRQHandler
                0x080002c8                USART1_IRQHandler
                0x080002c8                TIM1_BRK_UP_TRG_COM_IRQHandler
 *fill*         0x080002ca        0x2 
 .text.__libc_init_array
                0x080002cc       0x48 /home/chrisg/Ac6/SystemWorkbench/plugins/fr.ac6.mcu.externaltools.arm-none.linux64_1.7.0.201602291252/tools/compiler/bin/../lib/gcc/arm-none-eabi/5.2.1/../../../../arm-none-eabi/lib/armv6-m/libc.a(lib_a-init.o)
                0x080002cc                __libc_init_array
 .text.startup.register_fini
                0x08000314       0x18 /home/chrisg/Ac6/SystemWorkbench/plugins/fr.ac6.mcu.externaltools.arm-none.linux64_1.7.0.201602291252/tools/compiler/bin/../lib/gcc/arm-none-eabi/5.2.1/../../../../arm-none-eabi/lib/armv6-m/libc.a(lib_a-__call_atexit.o)
 .text.atexit   0x0800032c       0x10 /home/chrisg/Ac6/SystemWorkbench/plugins/fr.ac6.mcu.externaltools.arm-none.linux64_1.7.0.201602291252/tools/compiler/bin/../lib/gcc/arm-none-eabi/5.2.1/../../../../arm-none-eabi/lib/armv6-m/libc.a(lib_a-atexit.o)
                0x0800032c                atexit
 .text.__libc_fini_array
                0x0800033c       0x34 /home/chrisg/Ac6/SystemWorkbench/plugins/fr.ac6.mcu.externaltools.arm-none.linux64_1.7.0.201602291252/tools/compiler/bin/../lib/gcc/arm-none-eabi/5.2.1/../../../../arm-none-eabi/lib/armv6-m/libc.a(lib_a-fini.o)
                0x0800033c                __libc_fini_array
 .text.__register_exitproc
                0x08000370       0xd4 /home/chrisg/Ac6/SystemWorkbench/plugins/fr.ac6.mcu.externaltools.arm-none.linux64_1.7.0.201602291252/tools/compiler/bin/../lib/gcc/arm-none-eabi/5.2.1/../../../../arm-none-eabi/lib/armv6-m/libc.a(lib_a-__atexit.o)
                0x08000370                __register_exitproc
 *(.glue_7)
 .glue_7        0x08000444        0x0 linker stubs
 *(.glue_7t)
 .glue_7t       0x08000444        0x0 linker stubs
 *(.eh_frame)
 .eh_frame      0x08000444        0x0 /home/chrisg/Ac6/SystemWorkbench/plugins/fr.ac6.mcu.externaltools.arm-none.linux64_1.7.0.201602291252/tools/compiler/bin/../lib/gcc/arm-none-eabi/5.2.1/armv6-m/crtbegin.o
 *(.init)
 .init          0x08000444        0x4 /home/chrisg/Ac6/SystemWorkbench/plugins/fr.ac6.mcu.externaltools.arm-none.linux64_1.7.0.201602291252/tools/compiler/bin/../lib/gcc/arm-none-eabi/5.2.1/armv6-m/crti.o
                0x08000444                _init
 .init          0x08000448        0x8 /home/chrisg/Ac6/SystemWorkbench/plugins/fr.ac6.mcu.externaltools.arm-none.linux64_1.7.0.201602291252/tools/compiler/bin/../lib/gcc/arm-none-eabi/5.2.1/armv6-m/crtn.o
 *(.fini)
 .fini          0x08000450        0x4 /home/chrisg/Ac6/SystemWorkbench/plugins/fr.ac6.mcu.externaltools.arm-none.linux64_1.7.0.201602291252/tools/compiler/bin/../lib/gcc/arm-none-eabi/5.2.1/armv6-m/crti.o
                0x08000450                _fini
 .fini          0x08000454        0x8 /home/chrisg/Ac6/SystemWorkbench/plugins/fr.ac6.mcu.externaltools.arm-none.linux64_1.7.0.201602291252/tools/compiler/bin/../lib/gcc/arm-none-eabi/5.2.1/armv6-m/crtn.o
                0x0800045c                . = ALIGN (0x4)
                0x0800045c                _etext = .

.vfp11_veneer   0x0800045c        0x0
 .vfp11_veneer  0x0800045c        0x0 linker stubs

.v4_bx          0x0800045c        0x0
 .v4_bx         0x0800045c        0x0 linker stubs

.iplt           0x0800045c        0x0
 .iplt          0x0800045c        0x0 /home/chrisg/Ac6/SystemWorkbench/plugins/fr.ac6.mcu.externaltools.arm-none.linux64_1.7.0.201602291252/tools/compiler/bin/../lib/gcc/arm-none-eabi/5.2.1/armv6-m/crtbegin.o

.rodata         0x0800045c        0x8
                0x0800045c                . = ALIGN (0x4)
 *(.rodata)
 *(.rodata*)
 .rodata.str1.4
                0x0800045c        0x4 /home/chrisg/Ac6/SystemWorkbench/plugins/fr.ac6.mcu.externaltools.arm-none.linux64_1.7.0.201602291252/tools/compiler/bin/../lib/gcc/arm-none-eabi/5.2.1/../../../../arm-none-eabi/lib/armv6-m/libc.a(lib_a-impure.o)
                                  0x2 (size before relaxing)
 .rodata._global_impure_ptr
                0x08000460        0x4 /home/chrisg/Ac6/SystemWorkbench/plugins/fr.ac6.mcu.externaltools.arm-none.linux64_1.7.0.201602291252/tools/compiler/bin/../lib/gcc/arm-none-eabi/5.2.1/../../../../arm-none-eabi/lib/armv6-m/libc.a(lib_a-impure.o)
                0x08000460                _global_impure_ptr
                0x08000464                . = ALIGN (0x4)

.rel.dyn        0x08000464        0x0
 .rel.iplt      0x08000464        0x0 /home/chrisg/Ac6/SystemWorkbench/plugins/fr.ac6.mcu.externaltools.arm-none.linux64_1.7.0.201602291252/tools/compiler/bin/../lib/gcc/arm-none-eabi/5.2.1/armv6-m/crtbegin.o

.ARM.extab
 *(.ARM.extab* .gnu.linkonce.armextab.*)

.ARM            0x08000464        0x0
                0x08000464                __exidx_start = .
 *(.ARM.exidx*)
                0x08000464                __exidx_end = .

.preinit_array  0x08000464        0x0
                0x08000464                PROVIDE (__preinit_array_start, .)
 *(.preinit_array*)
                0x08000464                PROVIDE (__preinit_array_end, .)

.init_array     0x08000464        0x8
                0x08000464                PROVIDE (__init_array_start, .)
 *(SORT(.init_array.*))
 .init_array.00000
                0x08000464        0x4 /home/chrisg/Ac6/SystemWorkbench/plugins/fr.ac6.mcu.externaltools.arm-none.linux64_1.7.0.201602291252/tools/compiler/bin/../lib/gcc/arm-none-eabi/5.2.1/../../../../arm-none-eabi/lib/armv6-m/libc.a(lib_a-__call_atexit.o)
 *(.init_array*)
 .init_array    0x08000468        0x4 /home/chrisg/Ac6/SystemWorkbench/plugins/fr.ac6.mcu.externaltools.arm-none.linux64_1.7.0.201602291252/tools/compiler/bin/../lib/gcc/arm-none-eabi/5.2.1/armv6-m/crtbegin.o
                0x0800046c                PROVIDE (__init_array_end, .)

.fini_array     0x0800046c        0x4
                0x0800046c                PROVIDE (__fini_array_start, .)
 *(SORT(.fini_array.*))
 *(.fini_array*)
 .fini_array    0x0800046c        0x4 /home/chrisg/Ac6/SystemWorkbench/plugins/fr.ac6.mcu.externaltools.arm-none.linux64_1.7.0.201602291252/tools/compiler/bin/../lib/gcc/arm-none-eabi/5.2.1/armv6-m/crtbegin.o
                0x08000470                PROVIDE (__fini_array_end, .)
                0x08000470                _sidata = LOADADDR (.data)

.data           0x20000000      0x428 load address 0x08000470
                0x20000000                . = ALIGN (0x4)
                0x20000000                _sdata = .
 *(.data)
 *(.data*)
 .data.impure_data
                0x20000000      0x428 /home/chrisg/Ac6/SystemWorkbench/plugins/fr.ac6.mcu.externaltools.arm-none.linux64_1.7.0.201602291252/tools/compiler/bin/../lib/gcc/arm-none-eabi/5.2.1/../../../../arm-none-eabi/lib/armv6-m/libc.a(lib_a-impure.o)
                0x20000428                . = ALIGN (0x4)
                0x20000428                _edata = .

.jcr            0x20000428        0x0 load address 0x08000898
 .jcr           0x20000428        0x0 /home/chrisg/Ac6/SystemWorkbench/plugins/fr.ac6.mcu.externaltools.arm-none.linux64_1.7.0.201602291252/tools/compiler/bin/../lib/gcc/arm-none-eabi/5.2.1/armv6-m/crtbegin.o

.tm_clone_table
                0x20000428        0x0 load address 0x08000898
 .tm_clone_table
                0x20000428        0x0 /home/chrisg/Ac6/SystemWorkbench/plugins/fr.ac6.mcu.externaltools.arm-none.linux64_1.7.0.201602291252/tools/compiler/bin/../lib/gcc/arm-none-eabi/5.2.1/armv6-m/crtbegin.o
 .tm_clone_table
                0x20000428        0x0 /home/chrisg/Ac6/SystemWorkbench/plugins/fr.ac6.mcu.externaltools.arm-none.linux64_1.7.0.201602291252/tools/compiler/bin/../lib/gcc/arm-none-eabi/5.2.1/armv6-m/crtend.o

.igot.plt       0x20000428        0x0 load address 0x08000898
 .igot.plt      0x20000428        0x0 /home/chrisg/Ac6/SystemWorkbench/plugins/fr.ac6.mcu.externaltools.arm-none.linux64_1.7.0.201602291252/tools/compiler/bin/../lib/gcc/arm-none-eabi/5.2.1/armv6-m/crtbegin.o
                0x20000428                . = ALIGN (0x4)

.bss            0x20000428       0x1c load address 0x08000898
                0x20000428                _sbss = .
                0x20000428                __bss_start__ = _sbss
 *(.bss)
 .bss           0x20000428       0x1c /home/chrisg/Ac6/SystemWorkbench/plugins/fr.ac6.mcu.externaltools.arm-none.linux64_1.7.0.201602291252/tools/compiler/bin/../lib/gcc/arm-none-eabi/5.2.1/armv6-m/crtbegin.o
 *(.bss*)
 *(COMMON)
                0x20000444                . = ALIGN (0x4)
                0x20000444                _ebss = .
                0x20000444                __bss_end__ = _ebss

._user_heap_stack
                0x20000444      0x804 load address 0x08000898
                0x20000448                . = ALIGN (0x8)
 *fill*         0x20000444        0x4 
                0x20000448                PROVIDE (end, .)
                [!provide]                PROVIDE (_end, .)
                0x20000448                . = (. + _Min_Heap_Size)
                0x20000c48                . = (. + _Min_Stack_Size)
 *fill*         0x20000448      0x800 
                0x20000c48                . = ALIGN (0x8)

/DISCARD/
 libc.a(*)
 libm.a(*)
 libgcc.a(*)

.ARM.attributes
                0x00000000       0x28
 *(.ARM.attributes)
 .ARM.attributes
                0x00000000       0x1e /home/chrisg/Ac6/SystemWorkbench/plugins/fr.ac6.mcu.externaltools.arm-none.linux64_1.7.0.201602291252/tools/compiler/bin/../lib/gcc/arm-none-eabi/5.2.1/armv6-m/crti.o
 .ARM.attributes
                0x0000001e       0x2c /home/chrisg/Ac6/SystemWorkbench/plugins/fr.ac6.mcu.externaltools.arm-none.linux64_1.7.0.201602291252/tools/compiler/bin/../lib/gcc/arm-none-eabi/5.2.1/armv6-m/crtbegin.o
 .ARM.attributes
                0x0000004a       0x31 src/main.o
 .ARM.attributes
                0x0000007b       0x31 src/system_stm32f0xx.o
 .ARM.attributes
                0x000000ac       0x21 startup/startup_stm32f072.o
 .ARM.attributes
                0x000000cd       0x2c /home/chrisg/Ac6/SystemWorkbench/plugins/fr.ac6.mcu.externaltools.arm-none.linux64_1.7.0.201602291252/tools/compiler/bin/../lib/gcc/arm-none-eabi/5.2.1/../../../../arm-none-eabi/lib/armv6-m/libc.a(lib_a-impure.o)
 .ARM.attributes
                0x000000f9       0x2c /home/chrisg/Ac6/SystemWorkbench/plugins/fr.ac6.mcu.externaltools.arm-none.linux64_1.7.0.201602291252/tools/compiler/bin/../lib/gcc/arm-none-eabi/5.2.1/../../../../arm-none-eabi/lib/armv6-m/libc.a(lib_a-init.o)
 .ARM.attributes
                0x00000125       0x2c /home/chrisg/Ac6/SystemWorkbench/plugins/fr.ac6.mcu.externaltools.arm-none.linux64_1.7.0.201602291252/tools/compiler/bin/../lib/gcc/arm-none-eabi/5.2.1/../../../../arm-none-eabi/lib/armv6-m/libc.a(lib_a-__call_atexit.o)
 .ARM.attributes
                0x00000151       0x2c /home/chrisg/Ac6/SystemWorkbench/plugins/fr.ac6.mcu.externaltools.arm-none.linux64_1.7.0.201602291252/tools/compiler/bin/../lib/gcc/arm-none-eabi/5.2.1/../../../../arm-none-eabi/lib/armv6-m/libc.a(lib_a-atexit.o)
 .ARM.attributes
                0x0000017d       0x2c /home/chrisg/Ac6/SystemWorkbench/plugins/fr.ac6.mcu.externaltools.arm-none.linux64_1.7.0.201602291252/tools/compiler/bin/../lib/gcc/arm-none-eabi/5.2.1/../../../../arm-none-eabi/lib/armv6-m/libc.a(lib_a-fini.o)
 .ARM.attributes
                0x000001a9       0x2c /home/chrisg/Ac6/SystemWorkbench/plugins/fr.ac6.mcu.externaltools.arm-none.linux64_1.7.0.201602291252/tools/compiler/bin/../lib/gcc/arm-none-eabi/5.2.1/../../../../arm-none-eabi/lib/armv6-m/libc.a(lib_a-__atexit.o)
 .ARM.attributes
                0x000001d5       0x2c /home/chrisg/Ac6/SystemWorkbench/plugins/fr.ac6.mcu.externaltools.arm-none.linux64_1.7.0.201602291252/tools/compiler/bin/../lib/gcc/arm-none-eabi/5.2.1/armv6-m/crtend.o
 .ARM.attributes
                0x00000201       0x1e /home/chrisg/Ac6/SystemWorkbench/plugins/fr.ac6.mcu.externaltools.arm-none.linux64_1.7.0.201602291252/tools/compiler/bin/../lib/gcc/arm-none-eabi/5.2.1/armv6-m/crtn.o
OUTPUT(FirstProject.elf elf32-littlearm)

.debug_info     0x00000000      0x3c9
 .debug_info    0x00000000       0x8c src/main.o
 .debug_info    0x0000008c      0x2cb src/system_stm32f0xx.o
 .debug_info    0x00000357       0x72 startup/startup_stm32f072.o

.debug_abbrev   0x00000000      0x173
 .debug_abbrev  0x00000000       0x47 src/main.o
 .debug_abbrev  0x00000047      0x11a src/system_stm32f0xx.o
 .debug_abbrev  0x00000161       0x12 startup/startup_stm32f072.o

.debug_aranges  0x00000000       0x78
 .debug_aranges
                0x00000000       0x20 src/main.o
 .debug_aranges
                0x00000020       0x30 src/system_stm32f0xx.o
 .debug_aranges
                0x00000050       0x28 startup/startup_stm32f072.o

.debug_ranges   0x00000000       0x50
 .debug_ranges  0x00000000       0x10 src/main.o
 .debug_ranges  0x00000010       0x20 src/system_stm32f0xx.o
 .debug_ranges  0x00000030       0x20 startup/startup_stm32f072.o

.debug_macro    0x00000000     0x9ff2
 .debug_macro   0x00000000      0x183 src/main.o
 .debug_macro   0x00000183      0x844 src/main.o
 .debug_macro   0x000009c7       0x80 src/main.o
 .debug_macro   0x00000a47       0x3a src/main.o
 .debug_macro   0x00000a81       0x22 src/main.o
 .debug_macro   0x00000aa3       0x44 src/main.o
 .debug_macro   0x00000ae7       0xfd src/main.o
 .debug_macro   0x00000be4       0x22 src/main.o
 .debug_macro   0x00000c06      0x1df src/main.o
 .debug_macro   0x00000de5       0x1f src/main.o
 .debug_macro   0x00000e04      0x242 src/main.o
 .debug_macro   0x00001046     0x5b9e src/main.o
 .debug_macro   0x00006be4      0x2eb src/main.o
 .debug_macro   0x00006ecf      0x3cf src/main.o
 .debug_macro   0x0000729e      0x191 src/main.o
 .debug_macro   0x0000742f       0x46 src/main.o
 .debug_macro   0x00007475       0xd9 src/main.o
 .debug_macro   0x0000754e       0xef src/main.o
 .debug_macro   0x0000763d      0x184 src/main.o
 .debug_macro   0x000077c1       0x7c src/main.o
 .debug_macro   0x0000783d      0x295 src/main.o
 .debug_macro   0x00007ad2       0xd5 src/main.o
 .debug_macro   0x00007ba7      0x2b7 src/main.o
 .debug_macro   0x00007e5e      0x185 src/main.o
 .debug_macro   0x00007fe3      0x184 src/main.o
 .debug_macro   0x00008167      0x2a0 src/main.o
 .debug_macro   0x00008407       0x70 src/main.o
 .debug_macro   0x00008477       0xdf src/main.o
 .debug_macro   0x00008556      0x522 src/main.o
 .debug_macro   0x00008a78      0x4c5 src/main.o
 .debug_macro   0x00008f3d      0x396 src/main.o
 .debug_macro   0x000092d3      0x750 src/main.o
 .debug_macro   0x00009a23      0x353 src/main.o
 .debug_macro   0x00009d76       0x34 src/main.o
 .debug_macro   0x00009daa       0x3a src/main.o
 .debug_macro   0x00009de4       0x88 src/main.o
 .debug_macro   0x00009e6c      0x186 src/system_stm32f0xx.o

.debug_line     0x00000000      0xd16
 .debug_line    0x00000000      0x655 src/main.o
 .debug_line    0x00000655      0x641 src/system_stm32f0xx.o
 .debug_line    0x00000c96       0x80 startup/startup_stm32f072.o

.debug_str      0x00000000    0x3f643
 .debug_str     0x00000000    0x3f4f7 src/main.o
                              0x3f652 (size before relaxing)
 .debug_str     0x0003f4f7      0x14c src/system_stm32f0xx.o
                              0x3f548 (size before relaxing)

.comment        0x00000000       0x6e
 .comment       0x00000000       0x6e src/main.o
                                 0x6f (size before relaxing)
 .comment       0x0000006e       0x6f src/system_stm32f0xx.o

.debug_frame    0x00000000      0x1a8
 .debug_frame   0x00000000       0x2c src/main.o
 .debug_frame   0x0000002c       0x6c src/system_stm32f0xx.o
 .debug_frame   0x00000098       0x2c /home/chrisg/Ac6/SystemWorkbench/plugins/fr.ac6.mcu.externaltools.arm-none.linux64_1.7.0.201602291252/tools/compiler/bin/../lib/gcc/arm-none-eabi/5.2.1/../../../../arm-none-eabi/lib/armv6-m/libc.a(lib_a-init.o)
 .debug_frame   0x000000c4       0x54 /home/chrisg/Ac6/SystemWorkbench/plugins/fr.ac6.mcu.externaltools.arm-none.linux64_1.7.0.201602291252/tools/compiler/bin/../lib/gcc/arm-none-eabi/5.2.1/../../../../arm-none-eabi/lib/armv6-m/libc.a(lib_a-__call_atexit.o)
 .debug_frame   0x00000118       0x28 /home/chrisg/Ac6/SystemWorkbench/plugins/fr.ac6.mcu.externaltools.arm-none.linux64_1.7.0.201602291252/tools/compiler/bin/../lib/gcc/arm-none-eabi/5.2.1/../../../../arm-none-eabi/lib/armv6-m/libc.a(lib_a-atexit.o)
 .debug_frame   0x00000140       0x2c /home/chrisg/Ac6/SystemWorkbench/plugins/fr.ac6.mcu.externaltools.arm-none.linux64_1.7.0.201602291252/tools/compiler/bin/../lib/gcc/arm-none-eabi/5.2.1/../../../../arm-none-eabi/lib/armv6-m/libc.a(lib_a-fini.o)
 .debug_frame   0x0000016c       0x3c /home/chrisg/Ac6/SystemWorkbench/plugins/fr.ac6.mcu.externaltools.arm-none.linux64_1.7.0.201602291252/tools/compiler/bin/../lib/gcc/arm-none-eabi/5.2.1/../../../../arm-none-eabi/lib/armv6-m/libc.a(lib_a-__atexit.o)
