Archive member included to satisfy reference by file (symbol)

/home/chrisg/Ac6/SystemWorkbench/plugins/fr.ac6.mcu.externaltools.arm-none.linux64_1.7.0.201602291252/tools/compiler/bin/../lib/gcc/arm-none-eabi/5.2.1/../../../../arm-none-eabi/lib/armv6-m/libc_nano.a(lib_a-exit.o)
                              /home/chrisg/Ac6/SystemWorkbench/plugins/fr.ac6.mcu.externaltools.arm-none.linux64_1.7.0.201602291252/tools/compiler/bin/../lib/gcc/arm-none-eabi/5.2.1/../../../../arm-none-eabi/lib/armv6-m/rdimon-crt0.o (exit)
/home/chrisg/Ac6/SystemWorkbench/plugins/fr.ac6.mcu.externaltools.arm-none.linux64_1.7.0.201602291252/tools/compiler/bin/../lib/gcc/arm-none-eabi/5.2.1/../../../../arm-none-eabi/lib/armv6-m/libc_nano.a(lib_a-impure.o)
                              /home/chrisg/Ac6/SystemWorkbench/plugins/fr.ac6.mcu.externaltools.arm-none.linux64_1.7.0.201602291252/tools/compiler/bin/../lib/gcc/arm-none-eabi/5.2.1/../../../../arm-none-eabi/lib/armv6-m/libc_nano.a(lib_a-exit.o) (_global_impure_ptr)
/home/chrisg/Ac6/SystemWorkbench/plugins/fr.ac6.mcu.externaltools.arm-none.linux64_1.7.0.201602291252/tools/compiler/bin/../lib/gcc/arm-none-eabi/5.2.1/../../../../arm-none-eabi/lib/armv6-m/libc_nano.a(lib_a-init.o)
                              /home/chrisg/Ac6/SystemWorkbench/plugins/fr.ac6.mcu.externaltools.arm-none.linux64_1.7.0.201602291252/tools/compiler/bin/../lib/gcc/arm-none-eabi/5.2.1/../../../../arm-none-eabi/lib/armv6-m/rdimon-crt0.o (__libc_init_array)
/home/chrisg/Ac6/SystemWorkbench/plugins/fr.ac6.mcu.externaltools.arm-none.linux64_1.7.0.201602291252/tools/compiler/bin/../lib/gcc/arm-none-eabi/5.2.1/../../../../arm-none-eabi/lib/armv6-m/libc_nano.a(lib_a-memset.o)
                              /home/chrisg/Ac6/SystemWorkbench/plugins/fr.ac6.mcu.externaltools.arm-none.linux64_1.7.0.201602291252/tools/compiler/bin/../lib/gcc/arm-none-eabi/5.2.1/../../../../arm-none-eabi/lib/armv6-m/rdimon-crt0.o (memset)
/home/chrisg/Ac6/SystemWorkbench/plugins/fr.ac6.mcu.externaltools.arm-none.linux64_1.7.0.201602291252/tools/compiler/bin/../lib/gcc/arm-none-eabi/5.2.1/../../../../arm-none-eabi/lib/armv6-m/librdimon_nano.a(rdimon-syscalls.o)
                              /home/chrisg/Ac6/SystemWorkbench/plugins/fr.ac6.mcu.externaltools.arm-none.linux64_1.7.0.201602291252/tools/compiler/bin/../lib/gcc/arm-none-eabi/5.2.1/../../../../arm-none-eabi/lib/armv6-m/rdimon-crt0.o (initialise_monitor_handles)
/home/chrisg/Ac6/SystemWorkbench/plugins/fr.ac6.mcu.externaltools.arm-none.linux64_1.7.0.201602291252/tools/compiler/bin/../lib/gcc/arm-none-eabi/5.2.1/../../../../arm-none-eabi/lib/armv6-m/librdimon_nano.a(rdimon-_exit.o)
                              /home/chrisg/Ac6/SystemWorkbench/plugins/fr.ac6.mcu.externaltools.arm-none.linux64_1.7.0.201602291252/tools/compiler/bin/../lib/gcc/arm-none-eabi/5.2.1/../../../../arm-none-eabi/lib/armv6-m/libc_nano.a(lib_a-exit.o) (_exit)
/home/chrisg/Ac6/SystemWorkbench/plugins/fr.ac6.mcu.externaltools.arm-none.linux64_1.7.0.201602291252/tools/compiler/bin/../lib/gcc/arm-none-eabi/5.2.1/../../../../arm-none-eabi/lib/armv6-m/librdimon_nano.a(rdimon-_kill.o)
                              /home/chrisg/Ac6/SystemWorkbench/plugins/fr.ac6.mcu.externaltools.arm-none.linux64_1.7.0.201602291252/tools/compiler/bin/../lib/gcc/arm-none-eabi/5.2.1/../../../../arm-none-eabi/lib/armv6-m/librdimon_nano.a(rdimon-_exit.o) (_kill)
/home/chrisg/Ac6/SystemWorkbench/plugins/fr.ac6.mcu.externaltools.arm-none.linux64_1.7.0.201602291252/tools/compiler/bin/../lib/gcc/arm-none-eabi/5.2.1/armv6-m/libgcc.a(_thumb1_case_uqi.o)
                              Drivers/STM32F0xx_HAL_Driver/Src/stm32f0xx_hal_tim.o (__gnu_thumb1_case_uqi)
/home/chrisg/Ac6/SystemWorkbench/plugins/fr.ac6.mcu.externaltools.arm-none.linux64_1.7.0.201602291252/tools/compiler/bin/../lib/gcc/arm-none-eabi/5.2.1/armv6-m/libgcc.a(_udivsi3.o)
                              Drivers/CMSIS/Device/ST/STM32F0xx/Source/Templates/system_stm32f0xx.o (__aeabi_uidiv)
/home/chrisg/Ac6/SystemWorkbench/plugins/fr.ac6.mcu.externaltools.arm-none.linux64_1.7.0.201602291252/tools/compiler/bin/../lib/gcc/arm-none-eabi/5.2.1/armv6-m/libgcc.a(_dvmd_tls.o)
                              /home/chrisg/Ac6/SystemWorkbench/plugins/fr.ac6.mcu.externaltools.arm-none.linux64_1.7.0.201602291252/tools/compiler/bin/../lib/gcc/arm-none-eabi/5.2.1/armv6-m/libgcc.a(_udivsi3.o) (__aeabi_idiv0)
/home/chrisg/Ac6/SystemWorkbench/plugins/fr.ac6.mcu.externaltools.arm-none.linux64_1.7.0.201602291252/tools/compiler/bin/../lib/gcc/arm-none-eabi/5.2.1/armv6-m/libgcc.a(_lshrdi3.o)
                              Drivers/STM32F0xx_HAL_Driver/Src/stm32f0xx_hal_flash.o (__aeabi_llsr)
/home/chrisg/Ac6/SystemWorkbench/plugins/fr.ac6.mcu.externaltools.arm-none.linux64_1.7.0.201602291252/tools/compiler/bin/../lib/gcc/arm-none-eabi/5.2.1/../../../../arm-none-eabi/lib/armv6-m/libc_nano.a(lib_a-errno.o)
[...]
Memory Configuration

Name             Origin             Length             Attributes
FLASH            0x08000000         0x00020000         xr
RAM              0x20000000         0x00004000         xrw
*default*        0x00000000         0xffffffff

Linker script and memory map

LOAD /home/chrisg/Ac6/SystemWorkbench/plugins/fr.ac6.mcu.externaltools.arm-none.linux64_1.7.0.201602291252/tools/compiler/bin/../lib/gcc/arm-none-eabi/5.2.1/armv6-m/crti.o
LOAD /home/chrisg/Ac6/SystemWorkbench/plugins/fr.ac6.mcu.externaltools.arm-none.linux64_1.7.0.201602291252/tools/compiler/bin/../lib/gcc/arm-none-eabi/5.2.1/armv6-m/crtbegin.o
LOAD /home/chrisg/Ac6/SystemWorkbench/plugins/fr.ac6.mcu.externaltools.arm-none.linux64_1.7.0.201602291252/tools/compiler/bin/../lib/gcc/arm-none-eabi/5.2.1/../../../../arm-none-eabi/lib/armv6-m/rdimon-crt0.o
LOAD /home/chrisg/Ac6/SystemWorkbench/plugins/fr.ac6.mcu.externaltools.arm-none.linux64_1.7.0.201602291252/tools/compiler/bin/../lib/gcc/arm-none-eabi/5.2.1/../../../../arm-none-eabi/lib/armv6-m/libc_nano.a
LOAD /home/chrisg/Ac6/SystemWorkbench/plugins/fr.ac6.mcu.externaltools.arm-none.linux64_1.7.0.201602291252/tools/compiler/bin/../lib/gcc/arm-none-eabi/5.2.1/../../../../arm-none-eabi/lib/armv6-m/librdimon_nano.a
LOAD /home/chrisg/Ac6/SystemWorkbench/plugins/fr.ac6.mcu.externaltools.arm-none.linux64_1.7.0.201602291252/tools/compiler/bin/../lib/gcc/arm-none-eabi/5.2.1/../../../../arm-none-eabi/lib/armv6-m/libm.a
LOAD Drivers/CMSIS/Device/ST/STM32F0xx/Source/Templates/gcc/startup_stm32f072xb.o
LOAD Drivers/CMSIS/Device/ST/STM32F0xx/Source/Templates/system_stm32f0xx.o
LOAD Drivers/STM32F0xx_HAL_Driver/Src/stm32f0xx_hal.o
LOAD Drivers/STM32F0xx_HAL_Driver/Src/stm32f0xx_hal_cortex.o
LOAD Drivers/STM32F0xx_HAL_Driver/Src/stm32f0xx_hal_dma.o
LOAD Drivers/STM32F0xx_HAL_Driver/Src/stm32f0xx_hal_flash.o
LOAD Drivers/STM32F0xx_HAL_Driver/Src/stm32f0xx_hal_flash_ex.o
LOAD Drivers/STM32F0xx_HAL_Driver/Src/stm32f0xx_hal_gpio.o
LOAD Drivers/STM32F0xx_HAL_Driver/Src/stm32f0xx_hal_i2c.o
LOAD Drivers/STM32F0xx_HAL_Driver/Src/stm32f0xx_hal_i2c_ex.o
LOAD Drivers/STM32F0xx_HAL_Driver/Src/stm32f0xx_hal_pwr.o
LOAD Drivers/STM32F0xx_HAL_Driver/Src/stm32f0xx_hal_pwr_ex.o
LOAD Drivers/STM32F0xx_HAL_Driver/Src/stm32f0xx_hal_rcc.o
LOAD Drivers/STM32F0xx_HAL_Driver/Src/stm32f0xx_hal_rcc_ex.o
LOAD Drivers/STM32F0xx_HAL_Driver/Src/stm32f0xx_hal_tim.o
LOAD Drivers/STM32F0xx_HAL_Driver/Src/stm32f0xx_hal_tim_ex.o
LOAD Src/main.o
LOAD Src/stm32f0xx_hal_msp.o
LOAD Src/stm32f0xx_it.o
START GROUP
LOAD /home/chrisg/Ac6/SystemWorkbench/plugins/fr.ac6.mcu.externaltools.arm-none.linux64_1.7.0.201602291252/tools/compiler/bin/../lib/gcc/arm-none-eabi/5.2.1/armv6-m/libgcc.a
LOAD /home/chrisg/Ac6/SystemWorkbench/plugins/fr.ac6.mcu.externaltools.arm-none.linux64_1.7.0.201602291252/tools/compiler/bin/../lib/gcc/arm-none-eabi/5.2.1/../../../../arm-none-eabi/lib/armv6-m/libc_nano.a
END GROUP
START GROUP
LOAD /home/chrisg/Ac6/SystemWorkbench/plugins/fr.ac6.mcu.externaltools.arm-none.linux64_1.7.0.201602291252/tools/compiler/bin/../lib/gcc/arm-none-eabi/5.2.1/armv6-m/libgcc.a
LOAD /home/chrisg/Ac6/SystemWorkbench/plugins/fr.ac6.mcu.externaltools.arm-none.linux64_1.7.0.201602291252/tools/compiler/bin/../lib/gcc/arm-none-eabi/5.2.1/../../../../arm-none-eabi/lib/armv6-m/libc_nano.a
LOAD /home/chrisg/Ac6/SystemWorkbench/plugins/fr.ac6.mcu.externaltools.arm-none.linux64_1.7.0.201602291252/tools/compiler/bin/../lib/gcc/arm-none-eabi/5.2.1/../../../../arm-none-eabi/lib/armv6-m/libnosys.a
END GROUP
START GROUP
LOAD /home/chrisg/Ac6/SystemWorkbench/plugins/fr.ac6.mcu.externaltools.arm-none.linux64_1.7.0.201602291252/tools/compiler/bin/../lib/gcc/arm-none-eabi/5.2.1/armv6-m/libgcc.a
LOAD /home/chrisg/Ac6/SystemWorkbench/plugins/fr.ac6.mcu.externaltools.arm-none.linux64_1.7.0.201602291252/tools/compiler/bin/../lib/gcc/arm-none-eabi/5.2.1/../../../../arm-none-eabi/lib/armv6-m/libc_nano.a
LOAD /home/chrisg/Ac6/SystemWorkbench/plugins/fr.ac6.mcu.externaltools.arm-none.linux64_1.7.0.201602291252/tools/compiler/bin/../lib/gcc/arm-none-eabi/5.2.1/../../../../arm-none-eabi/lib/armv6-m/librdimon_nano.a
LOAD /home/chrisg/Ac6/SystemWorkbench/plugins/fr.ac6.mcu.externaltools.arm-none.linux64_1.7.0.201602291252/tools/compiler/bin/../lib/gcc/arm-none-eabi/5.2.1/../../../../arm-none-eabi/lib/armv6-m/libnosys.a
END GROUP
START GROUP
LOAD /home/chrisg/Ac6/SystemWorkbench/plugins/fr.ac6.mcu.externaltools.arm-none.linux64_1.7.0.201602291252/tools/compiler/bin/../lib/gcc/arm-none-eabi/5.2.1/armv6-m/libgcc.a
LOAD /home/chrisg/Ac6/SystemWorkbench/plugins/fr.ac6.mcu.externaltools.arm-none.linux64_1.7.0.201602291252/tools/compiler/bin/../lib/gcc/arm-none-eabi/5.2.1/../../../../arm-none-eabi/lib/armv6-m/libc_nano.a
LOAD /home/chrisg/Ac6/SystemWorkbench/plugins/fr.ac6.mcu.externaltools.arm-none.linux64_1.7.0.201602291252/tools/compiler/bin/../lib/gcc/arm-none-eabi/5.2.1/../../../../arm-none-eabi/lib/armv6-m/librdimon_nano.a
END GROUP
LOAD /home/chrisg/Ac6/SystemWorkbench/plugins/fr.ac6.mcu.externaltools.arm-none.linux64_1.7.0.201602291252/tools/compiler/bin/../lib/gcc/arm-none-eabi/5.2.1/armv6-m/crtend.o
LOAD /home/chrisg/Ac6/SystemWorkbench/plugins/fr.ac6.mcu.externaltools.arm-none.linux64_1.7.0.201602291252/tools/compiler/bin/../lib/gcc/arm-none-eabi/5.2.1/armv6-m/crtn.o
                0x20004000                _estack = 0x20004000
                0x00000200                _Min_Heap_Size = 0x200
                0x00000400                _Min_Stack_Size = 0x400

.isr_vector     0x08000000       0xc0
                0x08000000                . = ALIGN (0x4)
 *(.isr_vector)
 .isr_vector    0x08000000       0xc0 Drivers/CMSIS/Device/ST/STM32F0xx/Source/Templates/gcc/startup_stm32f072xb.o
                0x08000000                g_pfnVectors
                0x080000c0                . = ALIGN (0x4)

.text           0x080000c0     0x2214
                0x080000c0                . = ALIGN (0x4)
 *(.text)
 .text          0x080000c0       0xb4 /home/chrisg/Ac6/SystemWorkbench/plugins/fr.ac6.mcu.externaltools.arm-none.linux64_1.7.0.201602291252/tools/compiler/bin/../lib/gcc/arm-none-eabi/5.2.1/armv6-m/crtbegin.o
 .text          0x08000174      0x114 /home/chrisg/Ac6/SystemWorkbench/plugins/fr.ac6.mcu.externaltools.arm-none.linux64_1.7.0.201602291252/tools/compiler/bin/../lib/gcc/arm-none-eabi/5.2.1/armv6-m/libgcc.a(_udivsi3.o)
                0x08000174                __udivsi3
                0x08000174                __aeabi_uidiv
                0x08000280                __aeabi_uidivmod
 .text          0x08000288        0x4 /home/chrisg/Ac6/SystemWorkbench/plugins/fr.ac6.mcu.externaltools.arm-none.linux64_1.7.0.201602291252/tools/compiler/bin/../lib/gcc/arm-none-eabi/5.2.1/armv6-m/libgcc.a(_dvmd_tls.o)
                0x08000288                __aeabi_ldiv0
                0x08000288                __aeabi_idiv0
 *(.text*)
 .text.__libc_init_array
                0x0800028c       0x4c /home/chrisg/Ac6/SystemWorkbench/plugins/fr.ac6.mcu.externaltools.arm-none.linux64_1.7.0.201602291252/tools/compiler/bin/../lib/gcc/arm-none-eabi/5.2.1/../../../../arm-none-eabi/lib/armv6-m/libc_nano.a(lib_a-init.o)
                0x0800028c                __libc_init_array
 .text.memset   0x080002d8       0x10 /home/chrisg/Ac6/SystemWorkbench/plugins/fr.ac6.mcu.externaltools.arm-none.linux64_1.7.0.201602291252/tools/compiler/bin/../lib/gcc/arm-none-eabi/5.2.1/../../../../arm-none-eabi/lib/armv6-m/libc_nano.a(lib_a-memset.o)
                0x080002d8                memset
 .text.findslot
                0x080002e8       0x34 /home/chrisg/Ac6/SystemWorkbench/plugins/fr.ac6.mcu.externaltools.arm-none.linux64_1.7.0.201602291252/tools/compiler/bin/../lib/gcc/arm-none-eabi/5.2.1/../../../../arm-none-eabi/lib/armv6-m/librdimon_nano.a(rdimon-syscalls.o)
 .text.checkerror
                0x0800031c       0x20 /home/chrisg/Ac6/SystemWorkbench/plugins/fr.ac6.mcu.externaltools.arm-none.linux64_1.7.0.201602291252/tools/compiler/bin/../lib/gcc/arm-none-eabi/5.2.1/../../../../arm-none-eabi/lib/armv6-m/librdimon_nano.a(rdimon-syscalls.o)
 .text.error    0x0800033c       0x1c /home/chrisg/Ac6/SystemWorkbench/plugins/fr.ac6.mcu.externaltools.arm-none.linux64_1.7.0.201602291252/tools/compiler/bin/../lib/gcc/arm-none-eabi/5.2.1/../../../../arm-none-eabi/lib/armv6-m/librdimon_nano.a(rdimon-syscalls.o)
 .text.initialise_monitor_handles
                0x08000358       0x98 /home/chrisg/Ac6/SystemWorkbench/plugins/fr.ac6.mcu.externaltools.arm-none.linux64_1.7.0.201602291252/tools/compiler/bin/../lib/gcc/arm-none-eabi/5.2.1/../../../../arm-none-eabi/lib/armv6-m/librdimon_nano.a(rdimon-syscalls.o)
                0x08000358                initialise_monitor_handles
 .text._swiread
                0x080003f0       0x20 /home/chrisg/Ac6/SystemWorkbench/plugins/fr.ac6.mcu.externaltools.arm-none.linux64_1.7.0.201602291252/tools/compiler/bin/../lib/gcc/arm-none-eabi/5.2.1/../../../../arm-none-eabi/lib/armv6-m/librdimon_nano.a(rdimon-syscalls.o)
                0x080003f0                _swiread
 .text._read    0x08000410       0x36 /home/chrisg/Ac6/SystemWorkbench/plugins/fr.ac6.mcu.externaltools.arm-none.linux64_1.7.0.201602291252/tools/compiler/bin/../lib/gcc/arm-none-eabi/5.2.1/../../../../arm-none-eabi/lib/armv6-m/librdimon_nano.a(rdimon-syscalls.o)
                0x08000410                _read
 .text._swilseek
                0x08000446       0x76 /home/chrisg/Ac6/SystemWorkbench/plugins/fr.ac6.mcu.externaltools.arm-none.linux64_1.7.0.201602291252/tools/compiler/bin/../lib/gcc/arm-none-eabi/5.2.1/../../../../arm-none-eabi/lib/armv6-m/librdimon_nano.a(rdimon-syscalls.o)
                0x08000446                _swilseek
 .text._lseek   0x080004bc        0x8 /home/chrisg/Ac6/SystemWorkbench/plugins/fr.ac6.mcu.externaltools.arm-none.linux64_1.7.0.201602291252/tools/compiler/bin/../lib/gcc/arm-none-eabi/5.2.1/../../../../arm-none-eabi/lib/armv6-m/librdimon_nano.a(rdimon-syscalls.o)
                0x080004bc                _lseek
 .text._swiwrite
                0x080004c4       0x20 /home/chrisg/Ac6/SystemWorkbench/plugins/fr.ac6.mcu.externaltools.arm-none.linux64_1.7.0.201602291252/tools/compiler/bin/../lib/gcc/arm-none-eabi/5.2.1/../../../../arm-none-eabi/lib/armv6-m/librdimon_nano.a(rdimon-syscalls.o)
                0x080004c4                _swiwrite
 .text._write   0x080004e4       0x40 /home/chrisg/Ac6/SystemWorkbench/plugins/fr.ac6.mcu.externaltools.arm-none.linux64_1.7.0.201602291252/tools/compiler/bin/../lib/gcc/arm-none-eabi/5.2.1/../../../../arm-none-eabi/lib/armv6-m/librdimon_nano.a(rdimon-syscalls.o)
                0x080004e4                _write
 .text._swiclose
                0x08000524       0x18 /home/chrisg/Ac6/SystemWorkbench/plugins/fr.ac6.mcu.externaltools.arm-none.linux64_1.7.0.201602291252/tools/compiler/bin/../lib/gcc/arm-none-eabi/5.2.1/../../../../arm-none-eabi/lib/armv6-m/librdimon_nano.a(rdimon-syscalls.o)
                0x08000524                _swiclose
 .text._close   0x0800053c       0x4c /home/chrisg/Ac6/SystemWorkbench/plugins/fr.ac6.mcu.externaltools.arm-none.linux64_1.7.0.201602291252/tools/compiler/bin/../lib/gcc/arm-none-eabi/5.2.1/../../../../arm-none-eabi/lib/armv6-m/librdimon_nano.a(rdimon-syscalls.o)
                0x0800053c                _close
 .text._sbrk    0x08000588       0x4c /home/chrisg/Ac6/SystemWorkbench/plugins/fr.ac6.mcu.externaltools.arm-none.linux64_1.7.0.201602291252/tools/compiler/bin/../lib/gcc/arm-none-eabi/5.2.1/../../../../arm-none-eabi/lib/armv6-m/librdimon_nano.a(rdimon-syscalls.o)
                0x08000588                _sbrk
 .text._swistat
                0x080005d4       0x46 /home/chrisg/Ac6/SystemWorkbench/plugins/fr.ac6.mcu.externaltools.arm-none.linux64_1.7.0.201602291252/tools/compiler/bin/../lib/gcc/arm-none-eabi/5.2.1/../../../../arm-none-eabi/lib/armv6-m/librdimon_nano.a(rdimon-syscalls.o)
                0x080005d4                _swistat
 .text._fstat   0x0800061a       0x1a /home/chrisg/Ac6/SystemWorkbench/plugins/fr.ac6.mcu.externaltools.arm-none.linux64_1.7.0.201602291252/tools/compiler/bin/../lib/gcc/arm-none-eabi/5.2.1/../../../../arm-none-eabi/lib/armv6-m/librdimon_nano.a(rdimon-syscalls.o)
                0x0800061a                _fstat
 .text._isatty  0x08000634       0x3a /home/chrisg/Ac6/SystemWorkbench/plugins/fr.ac6.mcu.externaltools.arm-none.linux64_1.7.0.201602291252/tools/compiler/bin/../lib/gcc/arm-none-eabi/5.2.1/../../../../arm-none-eabi/lib/armv6-m/librdimon_nano.a(rdimon-syscalls.o)
                0x08000634                _isatty
 *fill*         0x0800066e        0x2 
 .text.Reset_Handler
                0x08000670       0x50 Drivers/CMSIS/Device/ST/STM32F0xx/Source/Templates/gcc/startup_stm32f072xb.o
                0x08000670                Reset_Handler
 .text.Default_Handler
                0x080006c0        0x2 Drivers/CMSIS/Device/ST/STM32F0xx/Source/Templates/gcc/startup_stm32f072xb.o
                0x080006c0                TIM1_CC_IRQHandler
                0x080006c0                TSC_IRQHandler
                0x080006c0                HardFault_Handler
                0x080006c0                ADC1_COMP_IRQHandler
                0x080006c0                NMI_Handler
                0x080006c0                I2C1_IRQHandler
                0x080006c0                RCC_CRS_IRQHandler
                0x080006c0                SPI1_IRQHandler
                0x080006c0                TIM6_DAC_IRQHandler
                0x080006c0                USART3_4_IRQHandler
                0x080006c0                EXTI2_3_IRQHandler
                0x080006c0                I2C2_IRQHandler
                0x080006c0                TIM17_IRQHandler
                0x080006c0                CEC_CAN_IRQHandler
                0x080006c0                RTC_IRQHandler
                0x080006c0                PVD_VDDIO2_IRQHandler
                0x080006c0                DMA1_Channel4_5_6_7_IRQHandler
                0x080006c0                TIM16_IRQHandler
                0x080006c0                EXTI4_15_IRQHandler
                0x080006c0                DMA1_Channel1_IRQHandler
                0x080006c0                Default_Handler
                0x080006c0                TIM14_IRQHandler
                0x080006c0                TIM7_IRQHandler
                0x080006c0                TIM15_IRQHandler
                0x080006c0                EXTI0_1_IRQHandler
                0x080006c0                USB_IRQHandler
                0x080006c0                SPI2_IRQHandler
                0x080006c0                WWDG_IRQHandler
                0x080006c0                TIM2_IRQHandler
                0x080006c0                DMA1_Channel2_3_IRQHandler
                0x080006c0                USART2_IRQHandler
                0x080006c0                FLASH_IRQHandler
                0x080006c0                USART1_IRQHandler
                0x080006c0                TIM1_BRK_UP_TRG_COM_IRQHandler
 *fill*         0x080006c2        0x2 
 .text.SystemInit
                0x080006c4       0x60 Drivers/CMSIS/Device/ST/STM32F0xx/Source/Templates/system_stm32f0xx.o
                0x080006c4                SystemInit
 .text.HAL_InitTick
                0x08000724       0x24 Drivers/STM32F0xx_HAL_Driver/Src/stm32f0xx_hal.o
                0x08000724                HAL_InitTick
 .text.HAL_Init
                0x08000748       0x20 Drivers/STM32F0xx_HAL_Driver/Src/stm32f0xx_hal.o
                0x08000748                HAL_Init
 .text.HAL_IncTick
                0x08000768       0x10 Drivers/STM32F0xx_HAL_Driver/Src/stm32f0xx_hal.o
                0x08000768                HAL_IncTick
 .text.HAL_GetTick
                0x08000778        0xc Drivers/STM32F0xx_HAL_Driver/Src/stm32f0xx_hal.o
                0x08000778                HAL_GetTick
 .text.HAL_Delay
                0x08000784       0x18 Drivers/STM32F0xx_HAL_Driver/Src/stm32f0xx_hal.o
                0x08000784                HAL_Delay
 .text.HAL_NVIC_SetPriority
                0x0800079c       0x60 Drivers/STM32F0xx_HAL_Driver/Src/stm32f0xx_hal_cortex.o
                0x0800079c                HAL_NVIC_SetPriority
 .text.HAL_NVIC_EnableIRQ
                0x080007fc       0x14 Drivers/STM32F0xx_HAL_Driver/Src/stm32f0xx_hal_cortex.o
                0x080007fc                HAL_NVIC_EnableIRQ
 .text.HAL_SYSTICK_Config
                0x08000810       0x34 Drivers/STM32F0xx_HAL_Driver/Src/stm32f0xx_hal_cortex.o
                0x08000810                HAL_SYSTICK_Config
 .text.HAL_SYSTICK_CLKSourceConfig
                0x08000844       0x1c Drivers/STM32F0xx_HAL_Driver/Src/stm32f0xx_hal_cortex.o
                0x08000844                HAL_SYSTICK_CLKSourceConfig
 .text.HAL_SYSTICK_Callback
                0x08000860        0x2 Drivers/STM32F0xx_HAL_Driver/Src/stm32f0xx_hal_cortex.o
                0x08000860                HAL_SYSTICK_Callback
 .text.HAL_SYSTICK_IRQHandler
                0x08000862        0x8 Drivers/STM32F0xx_HAL_Driver/Src/stm32f0xx_hal_cortex.o
                0x08000862                HAL_SYSTICK_IRQHandler
 *fill*         0x0800086a        0x2 
 .text.HAL_GPIO_Init
                0x0800086c      0x17c Drivers/STM32F0xx_HAL_Driver/Src/stm32f0xx_hal_gpio.o
                0x0800086c                HAL_GPIO_Init
 .text.HAL_GPIO_WritePin
                0x080009e8        0xc Drivers/STM32F0xx_HAL_Driver/Src/stm32f0xx_hal_gpio.o
                0x080009e8                HAL_GPIO_WritePin
 .text.HAL_I2C_Init
                0x080009f4       0xa8 Drivers/STM32F0xx_HAL_Driver/Src/stm32f0xx_hal_i2c.o
                0x080009f4                HAL_I2C_Init
 .text.HAL_I2CEx_ConfigAnalogFilter
                0x08000a9c       0x4c Drivers/STM32F0xx_HAL_Driver/Src/stm32f0xx_hal_i2c_ex.o
                0x08000a9c                HAL_I2CEx_ConfigAnalogFilter
 .text.HAL_RCC_OscConfig
                0x08000ae8      0x4ac Drivers/STM32F0xx_HAL_Driver/Src/stm32f0xx_hal_rcc.o
                0x08000ae8                HAL_RCC_OscConfig
 .text.HAL_RCC_ClockConfig
                0x08000f94      0x13c Drivers/STM32F0xx_HAL_Driver/Src/stm32f0xx_hal_rcc.o
                0x08000f94                HAL_RCC_ClockConfig
 .text.HAL_RCC_GetSysClockFreq
                0x080010d0       0x78 Drivers/STM32F0xx_HAL_Driver/Src/stm32f0xx_hal_rcc.o
                0x080010d0                HAL_RCC_GetSysClockFreq
 .text.HAL_RCC_GetHCLKFreq
                0x08001148       0x2c Drivers/STM32F0xx_HAL_Driver/Src/stm32f0xx_hal_rcc.o
                0x08001148                HAL_RCC_GetHCLKFreq
 .text.HAL_RCCEx_PeriphCLKConfig
                0x08001174      0x120 Drivers/STM32F0xx_HAL_Driver/Src/stm32f0xx_hal_rcc_ex.o
                0x08001174                HAL_RCCEx_PeriphCLKConfig
 .text.HAL_TIM_ConfigClockSource
                0x08001294      0x170 Drivers/STM32F0xx_HAL_Driver/Src/stm32f0xx_hal_tim.o
                0x08001294                HAL_TIM_ConfigClockSource
 .text.HAL_TIM_PeriodElapsedCallback
                0x08001404        0x2 Drivers/STM32F0xx_HAL_Driver/Src/stm32f0xx_hal_tim.o
                0x08001404                HAL_TIM_PeriodElapsedCallback
 .text.HAL_TIM_OC_DelayElapsedCallback
                0x08001406        0x2 Drivers/STM32F0xx_HAL_Driver/Src/stm32f0xx_hal_tim.o
                0x08001406                HAL_TIM_OC_DelayElapsedCallback
 .text.HAL_TIM_IC_CaptureCallback
                0x08001408        0x2 Drivers/STM32F0xx_HAL_Driver/Src/stm32f0xx_hal_tim.o
                0x08001408                HAL_TIM_IC_CaptureCallback
 .text.HAL_TIM_PWM_PulseFinishedCallback
                0x0800140a        0x2 Drivers/STM32F0xx_HAL_Driver/Src/stm32f0xx_hal_tim.o
                0x0800140a                HAL_TIM_PWM_PulseFinishedCallback
 .text.HAL_TIM_TriggerCallback
                0x0800140c        0x2 Drivers/STM32F0xx_HAL_Driver/Src/stm32f0xx_hal_tim.o
                0x0800140c                HAL_TIM_TriggerCallback
 .text.HAL_TIM_IRQHandler
                0x0800140e      0x146 Drivers/STM32F0xx_HAL_Driver/Src/stm32f0xx_hal_tim.o
                0x0800140e                HAL_TIM_IRQHandler
 .text.TIM_Base_SetConfig
                0x08001554       0x98 Drivers/STM32F0xx_HAL_Driver/Src/stm32f0xx_hal_tim.o
                0x08001554                TIM_Base_SetConfig
 .text.HAL_TIM_Base_Init
                0x080015ec       0x36 Drivers/STM32F0xx_HAL_Driver/Src/stm32f0xx_hal_tim.o
                0x080015ec                HAL_TIM_Base_Init
 .text.HAL_TIMEx_MasterConfigSynchronization
                0x08001622       0x42 Drivers/STM32F0xx_HAL_Driver/Src/stm32f0xx_hal_tim_ex.o
                0x08001622                HAL_TIMEx_MasterConfigSynchronization
 .text.HAL_TIMEx_CommutationCallback
                0x08001664        0x2 Drivers/STM32F0xx_HAL_Driver/Src/stm32f0xx_hal_tim_ex.o
                0x08001664                HAL_TIMEx_CommutationCallback
 .text.HAL_TIMEx_BreakCallback
                0x08001666        0x2 Drivers/STM32F0xx_HAL_Driver/Src/stm32f0xx_hal_tim_ex.o
                0x08001666                HAL_TIMEx_BreakCallback
 .text.SystemClock_Config
                0x08001668       0x7e Src/main.o
                0x08001668                SystemClock_Config
 *fill*         0x080016e6        0x2 
 .text.startup.main
                0x080016e8      0x1a8 Src/main.o
                0x080016e8                main
 .text.HAL_MspInit
                0x08001890       0x40 Src/stm32f0xx_hal_msp.o
                0x08001890                HAL_MspInit
 .text.HAL_I2C_MspInit
                0x080018d0       0x48 Src/stm32f0xx_hal_msp.o
                0x080018d0                HAL_I2C_MspInit
 .text.HAL_TIM_Base_MspInit
                0x08001918       0x38 Src/stm32f0xx_hal_msp.o
                0x08001918                HAL_TIM_Base_MspInit
 .text.SVC_Handler
                0x08001950        0x2 Src/stm32f0xx_it.o
                0x08001950                SVC_Handler
 .text.PendSV_Handler
                0x08001952        0x2 Src/stm32f0xx_it.o
                0x08001952                PendSV_Handler
 .text.SysTick_Handler
                0x08001954        0xc Src/stm32f0xx_it.o
                0x08001954                SysTick_Handler
 .text.TIM3_IRQHandler
                0x08001960       0x10 Src/stm32f0xx_it.o
                0x08001960                TIM3_IRQHandler
 .text.__errno  0x08001970        0xc /home/chrisg/Ac6/SystemWorkbench/plugins/fr.ac6.mcu.externaltools.arm-none.linux64_1.7.0.201602291252/tools/compiler/bin/../lib/gcc/arm-none-eabi/5.2.1/../../../../arm-none-eabi/lib/armv6-m/libc_nano.a(lib_a-errno.o)
                0x08001970                __errno
 .text._cleanup_r
                0x0800197c       0x10 /home/chrisg/Ac6/SystemWorkbench/plugins/fr.ac6.mcu.externaltools.arm-none.linux64_1.7.0.201602291252/tools/compiler/bin/../lib/gcc/arm-none-eabi/5.2.1/../../../../arm-none-eabi/lib/armv6-m/libc_nano.a(lib_a-findfp.o)
                0x0800197c                _cleanup_r
 .text.std.isra.0
                0x0800198c       0x48 /home/chrisg/Ac6/SystemWorkbench/plugins/fr.ac6.mcu.externaltools.arm-none.linux64_1.7.0.201602291252/tools/compiler/bin/../lib/gcc/arm-none-eabi/5.2.1/../../../../arm-none-eabi/lib/armv6-m/libc_nano.a(lib_a-findfp.o)
 .text.__sfmoreglue
                0x080019d4       0x2c /home/chrisg/Ac6/SystemWorkbench/plugins/fr.ac6.mcu.externaltools.arm-none.linux64_1.7.0.201602291252/tools/compiler/bin/../lib/gcc/arm-none-eabi/5.2.1/../../../../arm-none-eabi/lib/armv6-m/libc_nano.a(lib_a-findfp.o)
                0x080019d4                __sfmoreglue
 .text.__sinit  0x08001a00       0x68 /home/chrisg/Ac6/SystemWorkbench/plugins/fr.ac6.mcu.externaltools.arm-none.linux64_1.7.0.201602291252/tools/compiler/bin/../lib/gcc/arm-none-eabi/5.2.1/../../../../arm-none-eabi/lib/armv6-m/libc_nano.a(lib_a-findfp.o)
                0x08001a00                __sinit
 .text.__sfp    0x08001a68       0x7c /home/chrisg/Ac6/SystemWorkbench/plugins/fr.ac6.mcu.externaltools.arm-none.linux64_1.7.0.201602291252/tools/compiler/bin/../lib/gcc/arm-none-eabi/5.2.1/../../../../arm-none-eabi/lib/armv6-m/libc_nano.a(lib_a-findfp.o)
                0x08001a68                __sfp
 .text._fwalk_reent
                0x08001ae4       0x42 /home/chrisg/Ac6/SystemWorkbench/plugins/fr.ac6.mcu.externaltools.arm-none.linux64_1.7.0.201602291252/tools/compiler/bin/../lib/gcc/arm-none-eabi/5.2.1/../../../../arm-none-eabi/lib/armv6-m/libc_nano.a(lib_a-fwalk.o)
                0x08001ae4                _fwalk_reent
 .text.memcpy   0x08001b26       0x12 /home/chrisg/Ac6/SystemWorkbench/plugins/fr.ac6.mcu.externaltools.arm-none.linux64_1.7.0.201602291252/tools/compiler/bin/../lib/gcc/arm-none-eabi/5.2.1/../../../../arm-none-eabi/lib/armv6-m/libc_nano.a(lib_a-memcpy-stub.o)
                0x08001b26                memcpy
 .text._malloc_r
                0x08001b38       0xac /home/chrisg/Ac6/SystemWorkbench/plugins/fr.ac6.mcu.externaltools.arm-none.linux64_1.7.0.201602291252/tools/compiler/bin/../lib/gcc/arm-none-eabi/5.2.1/../../../../arm-none-eabi/lib/armv6-m/libc_nano.a(lib_a-nano-mallocr.o)
                0x08001b38                _malloc_r
 .text._puts_r  0x08001be4       0xf8 /home/chrisg/Ac6/SystemWorkbench/plugins/fr.ac6.mcu.externaltools.arm-none.linux64_1.7.0.201602291252/tools/compiler/bin/../lib/gcc/arm-none-eabi/5.2.1/../../../../arm-none-eabi/lib/armv6-m/libc_nano.a(lib_a-puts.o)
                0x08001be4                _puts_r
 .text.puts     0x08001cdc       0x14 /home/chrisg/Ac6/SystemWorkbench/plugins/fr.ac6.mcu.externaltools.arm-none.linux64_1.7.0.201602291252/tools/compiler/bin/../lib/gcc/arm-none-eabi/5.2.1/../../../../arm-none-eabi/lib/armv6-m/libc_nano.a(lib_a-puts.o)
                0x08001cdc                puts
 .text._sbrk_r  0x08001cf0       0x24 /home/chrisg/Ac6/SystemWorkbench/plugins/fr.ac6.mcu.externaltools.arm-none.linux64_1.7.0.201602291252/tools/compiler/bin/../lib/gcc/arm-none-eabi/5.2.1/../../../../arm-none-eabi/lib/armv6-m/libc_nano.a(lib_a-sbrkr.o)
                0x08001cf0                _sbrk_r
 .text.__sread  0x08001d14       0x28 /home/chrisg/Ac6/SystemWorkbench/plugins/fr.ac6.mcu.externaltools.arm-none.linux64_1.7.0.201602291252/tools/compiler/bin/../lib/gcc/arm-none-eabi/5.2.1/../../../../arm-none-eabi/lib/armv6-m/libc_nano.a(lib_a-stdio.o)
                0x08001d14                __sread
 .text.__swrite
                0x08001d3c       0x38 /home/chrisg/Ac6/SystemWorkbench/plugins/fr.ac6.mcu.externaltools.arm-none.linux64_1.7.0.201602291252/tools/compiler/bin/../lib/gcc/arm-none-eabi/5.2.1/../../../../arm-none-eabi/lib/armv6-m/libc_nano.a(lib_a-stdio.o)
                0x08001d3c                __swrite
 .text.__sseek  0x08001d74       0x2c /home/chrisg/Ac6/SystemWorkbench/plugins/fr.ac6.mcu.externaltools.arm-none.linux64_1.7.0.201602291252/tools/compiler/bin/../lib/gcc/arm-none-eabi/5.2.1/../../../../arm-none-eabi/lib/armv6-m/libc_nano.a(lib_a-stdio.o)
                0x08001d74                __sseek
 .text.__sclose
                0x08001da0        0xc /home/chrisg/Ac6/SystemWorkbench/plugins/fr.ac6.mcu.externaltools.arm-none.linux64_1.7.0.201602291252/tools/compiler/bin/../lib/gcc/arm-none-eabi/5.2.1/../../../../arm-none-eabi/lib/armv6-m/libc_nano.a(lib_a-stdio.o)
                0x08001da0                __sclose
 .text.__swbuf_r
                0x08001dac       0xb0 /home/chrisg/Ac6/SystemWorkbench/plugins/fr.ac6.mcu.externaltools.arm-none.linux64_1.7.0.201602291252/tools/compiler/bin/../lib/gcc/arm-none-eabi/5.2.1/../../../../arm-none-eabi/lib/armv6-m/libc_nano.a(lib_a-wbuf.o)
                0x08001dac                __swbuf_r
 .text._write_r
                0x08001e5c       0x28 /home/chrisg/Ac6/SystemWorkbench/plugins/fr.ac6.mcu.externaltools.arm-none.linux64_1.7.0.201602291252/tools/compiler/bin/../lib/gcc/arm-none-eabi/5.2.1/../../../../arm-none-eabi/lib/armv6-m/libc_nano.a(lib_a-writer.o)
                0x08001e5c                _write_r
 .text.__swsetup_r
                0x08001e84       0xe8 /home/chrisg/Ac6/SystemWorkbench/plugins/fr.ac6.mcu.externaltools.arm-none.linux64_1.7.0.201602291252/tools/compiler/bin/../lib/gcc/arm-none-eabi/5.2.1/../../../../arm-none-eabi/lib/armv6-m/libc_nano.a(lib_a-wsetup.o)
                0x08001e84                __swsetup_r
 .text._close_r
                0x08001f6c       0x24 /home/chrisg/Ac6/SystemWorkbench/plugins/fr.ac6.mcu.externaltools.arm-none.linux64_1.7.0.201602291252/tools/compiler/bin/../lib/gcc/arm-none-eabi/5.2.1/../../../../arm-none-eabi/lib/armv6-m/libc_nano.a(lib_a-closer.o)
                0x08001f6c                _close_r
 .text.__sflush_r
                0x08001f90      0x10c /home/chrisg/Ac6/SystemWorkbench/plugins/fr.ac6.mcu.externaltools.arm-none.linux64_1.7.0.201602291252/tools/compiler/bin/../lib/gcc/arm-none-eabi/5.2.1/../../../../arm-none-eabi/lib/armv6-m/libc_nano.a(lib_a-fflush.o)
                0x08001f90                __sflush_r
 .text._fflush_r
                0x0800209c       0x58 /home/chrisg/Ac6/SystemWorkbench/plugins/fr.ac6.mcu.externaltools.arm-none.linux64_1.7.0.201602291252/tools/compiler/bin/../lib/gcc/arm-none-eabi/5.2.1/../../../../arm-none-eabi/lib/armv6-m/libc_nano.a(lib_a-fflush.o)
                0x0800209c                _fflush_r
 .text._lseek_r
                0x080020f4       0x28 /home/chrisg/Ac6/SystemWorkbench/plugins/fr.ac6.mcu.externaltools.arm-none.linux64_1.7.0.201602291252/tools/compiler/bin/../lib/gcc/arm-none-eabi/5.2.1/../../../../arm-none-eabi/lib/armv6-m/libc_nano.a(lib_a-lseekr.o)
                0x080020f4                _lseek_r
 .text.__smakebuf_r
                0x0800211c       0xa4 /home/chrisg/Ac6/SystemWorkbench/plugins/fr.ac6.mcu.externaltools.arm-none.linux64_1.7.0.201602291252/tools/compiler/bin/../lib/gcc/arm-none-eabi/5.2.1/../../../../arm-none-eabi/lib/armv6-m/libc_nano.a(lib_a-makebuf.o)
                0x0800211c                __smakebuf_r
 .text._free_r  0x080021c0       0x8c /home/chrisg/Ac6/SystemWorkbench/plugins/fr.ac6.mcu.externaltools.arm-none.linux64_1.7.0.201602291252/tools/compiler/bin/../lib/gcc/arm-none-eabi/5.2.1/../../../../arm-none-eabi/lib/armv6-m/libc_nano.a(lib_a-nano-freer.o)
                0x080021c0                _free_r
 .text._read_r  0x0800224c       0x28 /home/chrisg/Ac6/SystemWorkbench/plugins/fr.ac6.mcu.externaltools.arm-none.linux64_1.7.0.201602291252/tools/compiler/bin/../lib/gcc/arm-none-eabi/5.2.1/../../../../arm-none-eabi/lib/armv6-m/libc_nano.a(lib_a-readr.o)
                0x0800224c                _read_r
 .text._fstat_r
                0x08002274       0x24 /home/chrisg/Ac6/SystemWorkbench/plugins/fr.ac6.mcu.externaltools.arm-none.linux64_1.7.0.201602291252/tools/compiler/bin/../lib/gcc/arm-none-eabi/5.2.1/../../../../arm-none-eabi/lib/armv6-m/libc_nano.a(lib_a-fstatr.o)
                0x08002274                _fstat_r
 .text._isatty_r
                0x08002298       0x24 /home/chrisg/Ac6/SystemWorkbench/plugins/fr.ac6.mcu.externaltools.arm-none.linux64_1.7.0.201602291252/tools/compiler/bin/../lib/gcc/arm-none-eabi/5.2.1/../../../../arm-none-eabi/lib/armv6-m/libc_nano.a(lib_a-isattyr.o)
                0x08002298                _isatty_r
 *(.glue_7)
 .glue_7        0x080022bc        0x0 linker stubs
 *(.glue_7t)
 .glue_7t       0x080022bc        0x0 linker stubs
 *(.eh_frame)
 .eh_frame      0x080022bc        0x0 /home/chrisg/Ac6/SystemWorkbench/plugins/fr.ac6.mcu.externaltools.arm-none.linux64_1.7.0.201602291252/tools/compiler/bin/../lib/gcc/arm-none-eabi/5.2.1/armv6-m/crtbegin.o
 *(.init)
 .init          0x080022bc        0x4 /home/chrisg/Ac6/SystemWorkbench/plugins/fr.ac6.mcu.externaltools.arm-none.linux64_1.7.0.201602291252/tools/compiler/bin/../lib/gcc/arm-none-eabi/5.2.1/armv6-m/crti.o
                0x080022bc                _init
 .init          0x080022c0        0x8 /home/chrisg/Ac6/SystemWorkbench/plugins/fr.ac6.mcu.externaltools.arm-none.linux64_1.7.0.201602291252/tools/compiler/bin/../lib/gcc/arm-none-eabi/5.2.1/armv6-m/crtn.o
 *(.fini)
 .fini          0x080022c8        0x4 /home/chrisg/Ac6/SystemWorkbench/plugins/fr.ac6.mcu.externaltools.arm-none.linux64_1.7.0.201602291252/tools/compiler/bin/../lib/gcc/arm-none-eabi/5.2.1/armv6-m/crti.o
                0x080022c8                _fini
 .fini          0x080022cc        0x8 /home/chrisg/Ac6/SystemWorkbench/plugins/fr.ac6.mcu.externaltools.arm-none.linux64_1.7.0.201602291252/tools/compiler/bin/../lib/gcc/arm-none-eabi/5.2.1/armv6-m/crtn.o
                0x080022d4                . = ALIGN (0x4)
                0x080022d4                _etext = .

.vfp11_veneer   0x080022d4        0x0
 .vfp11_veneer  0x080022d4        0x0 linker stubs

.v4_bx          0x080022d4        0x0
 .v4_bx         0x080022d4        0x0 linker stubs

.iplt           0x080022d4        0x0
 .iplt          0x080022d4        0x0 /home/chrisg/Ac6/SystemWorkbench/plugins/fr.ac6.mcu.externaltools.arm-none.linux64_1.7.0.201602291252/tools/compiler/bin/../lib/gcc/arm-none-eabi/5.2.1/armv6-m/crtbegin.o

.rodata         0x080022d4       0xac
                0x080022d4                . = ALIGN (0x4)
 *(.rodata)
 .rodata        0x080022d4       0x30 Drivers/STM32F0xx_HAL_Driver/Src/stm32f0xx_hal_rcc.o
                0x080022f4                aAPBAHBPrescTable
 *(.rodata*)
 .rodata.str1.1
                0x08002304        0x2 /home/chrisg/Ac6/SystemWorkbench/plugins/fr.ac6.mcu.externaltools.arm-none.linux64_1.7.0.201602291252/tools/compiler/bin/../lib/gcc/arm-none-eabi/5.2.1/../../../../arm-none-eabi/lib/armv6-m/libc_nano.a(lib_a-impure.o)
 *fill*         0x08002306        0x2 
 .rodata._global_impure_ptr
                0x08002308        0x4 /home/chrisg/Ac6/SystemWorkbench/plugins/fr.ac6.mcu.externaltools.arm-none.linux64_1.7.0.201602291252/tools/compiler/bin/../lib/gcc/arm-none-eabi/5.2.1/../../../../arm-none-eabi/lib/armv6-m/libc_nano.a(lib_a-impure.o)
                0x08002308                _global_impure_ptr
 .rodata.str1.1
                0x0800230c        0x4 /home/chrisg/Ac6/SystemWorkbench/plugins/fr.ac6.mcu.externaltools.arm-none.linux64_1.7.0.201602291252/tools/compiler/bin/../lib/gcc/arm-none-eabi/5.2.1/../../../../arm-none-eabi/lib/armv6-m/librdimon_nano.a(rdimon-syscalls.o)
 .rodata.str1.1
                0x08002310        0xf Src/main.o
 *fill*         0x0800231f        0x1 
 .rodata.__sf_fake_stdin
                0x08002320       0x20 /home/chrisg/Ac6/SystemWorkbench/plugins/fr.ac6.mcu.externaltools.arm-none.linux64_1.7.0.201602291252/tools/compiler/bin/../lib/gcc/arm-none-eabi/5.2.1/../../../../arm-none-eabi/lib/armv6-m/libc_nano.a(lib_a-findfp.o)
                0x08002320                __sf_fake_stdin
 .rodata.__sf_fake_stdout
                0x08002340       0x20 /home/chrisg/Ac6/SystemWorkbench/plugins/fr.ac6.mcu.externaltools.arm-none.linux64_1.7.0.201602291252/tools/compiler/bin/../lib/gcc/arm-none-eabi/5.2.1/../../../../arm-none-eabi/lib/armv6-m/libc_nano.a(lib_a-findfp.o)
                0x08002340                __sf_fake_stdout
 .rodata.__sf_fake_stderr
                0x08002360       0x20 /home/chrisg/Ac6/SystemWorkbench/plugins/fr.ac6.mcu.externaltools.arm-none.linux64_1.7.0.201602291252/tools/compiler/bin/../lib/gcc/arm-none-eabi/5.2.1/../../../../arm-none-eabi/lib/armv6-m/libc_nano.a(lib_a-findfp.o)
                0x08002360                __sf_fake_stderr
                0x08002380                . = ALIGN (0x4)

.rel.dyn        0x08002380        0x0
 .rel.iplt      0x08002380        0x0 /home/chrisg/Ac6/SystemWorkbench/plugins/fr.ac6.mcu.externaltools.arm-none.linux64_1.7.0.201602291252/tools/compiler/bin/../lib/gcc/arm-none-eabi/5.2.1/armv6-m/crtbegin.o

.ARM.extab
 *(.ARM.extab* .gnu.linkonce.armextab.*)

.ARM            0x08002380        0x0
                0x08002380                __exidx_start = .
 *(.ARM.exidx*)
                0x08002380                __exidx_end = .

.preinit_array  0x08002380        0x0
                0x08002380                PROVIDE (__preinit_array_start, .)
 *(.preinit_array*)
                0x08002380                PROVIDE (__preinit_array_end, .)

.init_array     0x08002380        0x4
                0x08002380                PROVIDE (__init_array_start, .)
 *(SORT(.init_array.*))
 *(.init_array*)
 .init_array    0x08002380        0x4 /home/chrisg/Ac6/SystemWorkbench/plugins/fr.ac6.mcu.externaltools.arm-none.linux64_1.7.0.201602291252/tools/compiler/bin/../lib/gcc/arm-none-eabi/5.2.1/armv6-m/crtbegin.o
                0x08002384                PROVIDE (__init_array_end, .)

.fini_array     0x08002384        0x4
                [!provide]                PROVIDE (__fini_array_start, .)
 *(SORT(.fini_array.*))
 *(.fini_array*)
 .fini_array    0x08002384        0x4 /home/chrisg/Ac6/SystemWorkbench/plugins/fr.ac6.mcu.externaltools.arm-none.linux64_1.7.0.201602291252/tools/compiler/bin/../lib/gcc/arm-none-eabi/5.2.1/armv6-m/crtbegin.o
                [!provide]                PROVIDE (__fini_array_end, .)
                0x08002388                _sidata = LOADADDR (.data)

.data           0x20000000       0x6c load address 0x08002388
                0x20000000                . = ALIGN (0x4)
                0x20000000                _sdata = .
 *(.data)
 .data          0x20000000        0x4 Drivers/CMSIS/Device/ST/STM32F0xx/Source/Templates/system_stm32f0xx.o
                0x20000000                SystemCoreClock
 *(.data*)
 .data.impure_data
                0x20000004       0x60 /home/chrisg/Ac6/SystemWorkbench/plugins/fr.ac6.mcu.externaltools.arm-none.linux64_1.7.0.201602291252/tools/compiler/bin/../lib/gcc/arm-none-eabi/5.2.1/../../../../arm-none-eabi/lib/armv6-m/libc_nano.a(lib_a-impure.o)
 .data._impure_ptr
                0x20000064        0x4 /home/chrisg/Ac6/SystemWorkbench/plugins/fr.ac6.mcu.externaltools.arm-none.linux64_1.7.0.201602291252/tools/compiler/bin/../lib/gcc/arm-none-eabi/5.2.1/../../../../arm-none-eabi/lib/armv6-m/libc_nano.a(lib_a-impure.o)
                0x20000064                _impure_ptr
 .data.__heap_limit
                0x20000068        0x4 /home/chrisg/Ac6/SystemWorkbench/plugins/fr.ac6.mcu.externaltools.arm-none.linux64_1.7.0.201602291252/tools/compiler/bin/../lib/gcc/arm-none-eabi/5.2.1/../../../../arm-none-eabi/lib/armv6-m/librdimon_nano.a(rdimon-syscalls.o)
                0x20000068                __heap_limit
                0x2000006c                . = ALIGN (0x4)
                0x2000006c                _edata = .

.jcr            0x2000006c        0x0 load address 0x080023f4
 .jcr           0x2000006c        0x0 /home/chrisg/Ac6/SystemWorkbench/plugins/fr.ac6.mcu.externaltools.arm-none.linux64_1.7.0.201602291252/tools/compiler/bin/../lib/gcc/arm-none-eabi/5.2.1/armv6-m/crtbegin.o

.tm_clone_table
                0x2000006c        0x0 load address 0x080023f4
 .tm_clone_table
                0x2000006c        0x0 /home/chrisg/Ac6/SystemWorkbench/plugins/fr.ac6.mcu.externaltools.arm-none.linux64_1.7.0.201602291252/tools/compiler/bin/../lib/gcc/arm-none-eabi/5.2.1/armv6-m/crtbegin.o
 .tm_clone_table
                0x2000006c        0x0 /home/chrisg/Ac6/SystemWorkbench/plugins/fr.ac6.mcu.externaltools.arm-none.linux64_1.7.0.201602291252/tools/compiler/bin/../lib/gcc/arm-none-eabi/5.2.1/armv6-m/crtend.o

.igot.plt       0x2000006c        0x0 load address 0x080023f4
 .igot.plt      0x2000006c        0x0 /home/chrisg/Ac6/SystemWorkbench/plugins/fr.ac6.mcu.externaltools.arm-none.linux64_1.7.0.201602291252/tools/compiler/bin/../lib/gcc/arm-none-eabi/5.2.1/armv6-m/crtbegin.o
                0x2000006c                . = ALIGN (0x4)

.bss            0x2000006c      0x154 load address 0x080023f4
                0x2000006c                _sbss = .
                0x2000006c                __bss_start__ = _sbss
 *(.bss)
 .bss           0x2000006c       0x1c /home/chrisg/Ac6/SystemWorkbench/plugins/fr.ac6.mcu.externaltools.arm-none.linux64_1.7.0.201602291252/tools/compiler/bin/../lib/gcc/arm-none-eabi/5.2.1/armv6-m/crtbegin.o
 .bss           0x20000088        0x4 Drivers/STM32F0xx_HAL_Driver/Src/stm32f0xx_hal.o
 *(.bss*)
 .bss.monitor_stdout
                0x2000008c        0x4 /home/chrisg/Ac6/SystemWorkbench/plugins/fr.ac6.mcu.externaltools.arm-none.linux64_1.7.0.201602291252/tools/compiler/bin/../lib/gcc/arm-none-eabi/5.2.1/../../../../arm-none-eabi/lib/armv6-m/librdimon_nano.a(rdimon-syscalls.o)
 .bss.monitor_stdin
                0x20000090        0x4 /home/chrisg/Ac6/SystemWorkbench/plugins/fr.ac6.mcu.externaltools.arm-none.linux64_1.7.0.201602291252/tools/compiler/bin/../lib/gcc/arm-none-eabi/5.2.1/../../../../arm-none-eabi/lib/armv6-m/librdimon_nano.a(rdimon-syscalls.o)
 .bss.heap_end.6108
                0x20000094        0x4 /home/chrisg/Ac6/SystemWorkbench/plugins/fr.ac6.mcu.externaltools.arm-none.linux64_1.7.0.201602291252/tools/compiler/bin/../lib/gcc/arm-none-eabi/5.2.1/../../../../arm-none-eabi/lib/armv6-m/librdimon_nano.a(rdimon-syscalls.o)
 .bss.monitor_stderr
                0x20000098        0x4 /home/chrisg/Ac6/SystemWorkbench/plugins/fr.ac6.mcu.externaltools.arm-none.linux64_1.7.0.201602291252/tools/compiler/bin/../lib/gcc/arm-none-eabi/5.2.1/../../../../arm-none-eabi/lib/armv6-m/librdimon_nano.a(rdimon-syscalls.o)
 .bss.openfiles
                0x2000009c       0xa0 /home/chrisg/Ac6/SystemWorkbench/plugins/fr.ac6.mcu.externaltools.arm-none.linux64_1.7.0.201602291252/tools/compiler/bin/../lib/gcc/arm-none-eabi/5.2.1/../../../../arm-none-eabi/lib/armv6-m/librdimon_nano.a(rdimon-syscalls.o)
 .bss.__malloc_sbrk_start
                0x2000013c        0x4 /home/chrisg/Ac6/SystemWorkbench/plugins/fr.ac6.mcu.externaltools.arm-none.linux64_1.7.0.201602291252/tools/compiler/bin/../lib/gcc/arm-none-eabi/5.2.1/../../../../arm-none-eabi/lib/armv6-m/libc_nano.a(lib_a-nano-mallocr.o)
                0x2000013c                __malloc_sbrk_start
 .bss.__malloc_free_list
                0x20000140        0x4 /home/chrisg/Ac6/SystemWorkbench/plugins/fr.ac6.mcu.externaltools.arm-none.linux64_1.7.0.201602291252/tools/compiler/bin/../lib/gcc/arm-none-eabi/5.2.1/../../../../arm-none-eabi/lib/armv6-m/libc_nano.a(lib_a-nano-mallocr.o)
                0x20000140                __malloc_free_list
 *(COMMON)
 COMMON         0x20000144       0x78 Src/main.o
                0x20000144                hi2c1
                0x20000180                htim3
 COMMON         0x200001bc        0x4 /home/chrisg/Ac6/SystemWorkbench/plugins/fr.ac6.mcu.externaltools.arm-none.linux64_1.7.0.201602291252/tools/compiler/bin/../lib/gcc/arm-none-eabi/5.2.1/../../../../arm-none-eabi/lib/armv6-m/libc_nano.a(lib_a-reent.o)
                0x200001bc                errno
                0x200001c0                . = ALIGN (0x4)
                0x200001c0                _ebss = .
                0x200001c0                __bss_end__ = _ebss

._user_heap_stack
                0x200001c0      0x600 load address 0x080023f4
                0x200001c0                . = ALIGN (0x8)
                0x200001c0                PROVIDE (end, .)
                [!provide]                PROVIDE (_end, .)
                0x200003c0                . = (. + _Min_Heap_Size)
 *fill*         0x200001c0      0x200 
                0x200007c0                . = (. + _Min_Stack_Size)
 *fill*         0x200003c0      0x400 
                0x200007c0                . = ALIGN (0x8)

/DISCARD/
 libc.a(*)
 libm.a(*)
 libgcc.a(*)

.ARM.attributes
                0x00000000       0x28
 *(.ARM.attributes)
 .ARM.attributes
                0x00000000       0x1e /home/chrisg/Ac6/SystemWorkbench/plugins/fr.ac6.mcu.externaltools.arm-none.linux64_1.7.0.201602291252/tools/compiler/bin/../lib/gcc/arm-none-eabi/5.2.1/armv6-m/crti.o
 .ARM.attributes
                0x0000001e       0x2c /home/chrisg/Ac6/SystemWorkbench/plugins/fr.ac6.mcu.externaltools.arm-none.linux64_1.7.0.201602291252/tools/compiler/bin/../lib/gcc/arm-none-eabi/5.2.1/armv6-m/crtbegin.o
 .ARM.attributes
                0x0000004a       0x2c /home/chrisg/Ac6/SystemWorkbench/plugins/fr.ac6.mcu.externaltools.arm-none.linux64_1.7.0.201602291252/tools/compiler/bin/../lib/gcc/arm-none-eabi/5.2.1/../../../../arm-none-eabi/lib/armv6-m/libc_nano.a(lib_a-impure.o)
 .ARM.attributes
                0x00000076       0x2c /home/chrisg/Ac6/SystemWorkbench/plugins/fr.ac6.mcu.externaltools.arm-none.linux64_1.7.0.201602291252/tools/compiler/bin/../lib/gcc/arm-none-eabi/5.2.1/../../../../arm-none-eabi/lib/armv6-m/libc_nano.a(lib_a-init.o)
 .ARM.attributes
                0x000000a2       0x2c /home/chrisg/Ac6/SystemWorkbench/plugins/fr.ac6.mcu.externaltools.arm-none.linux64_1.7.0.201602291252/tools/compiler/bin/../lib/gcc/arm-none-eabi/5.2.1/../../../../arm-none-eabi/lib/armv6-m/libc_nano.a(lib_a-memset.o)
 .ARM.attributes
                0x000000ce       0x2c /home/chrisg/Ac6/SystemWorkbench/plugins/fr.ac6.mcu.externaltools.arm-none.linux64_1.7.0.201602291252/tools/compiler/bin/../lib/gcc/arm-none-eabi/5.2.1/../../../../arm-none-eabi/lib/armv6-m/librdimon_nano.a(rdimon-syscalls.o)
 .ARM.attributes
                0x000000fa       0x21 Drivers/CMSIS/Device/ST/STM32F0xx/Source/Templates/gcc/startup_stm32f072xb.o
 .ARM.attributes
                0x0000011b       0x31 Drivers/CMSIS/Device/ST/STM32F0xx/Source/Templates/system_stm32f0xx.o
 .ARM.attributes
                0x0000014c       0x31 Drivers/STM32F0xx_HAL_Driver/Src/stm32f0xx_hal.o
 .ARM.attributes
                0x0000017d       0x31 Drivers/STM32F0xx_HAL_Driver/Src/stm32f0xx_hal_cortex.o
 .ARM.attributes
                0x000001ae       0x31 Drivers/STM32F0xx_HAL_Driver/Src/stm32f0xx_hal_gpio.o
 .ARM.attributes
                0x000001df       0x31 Drivers/STM32F0xx_HAL_Driver/Src/stm32f0xx_hal_i2c.o
 .ARM.attributes
                0x00000210       0x31 Drivers/STM32F0xx_HAL_Driver/Src/stm32f0xx_hal_i2c_ex.o
 .ARM.attributes
                0x00000241       0x31 Drivers/STM32F0xx_HAL_Driver/Src/stm32f0xx_hal_rcc.o
 .ARM.attributes
                0x00000272       0x31 Drivers/STM32F0xx_HAL_Driver/Src/stm32f0xx_hal_rcc_ex.o
 .ARM.attributes
                0x000002a3       0x31 Drivers/STM32F0xx_HAL_Driver/Src/stm32f0xx_hal_tim.o
 .ARM.attributes
                0x000002d4       0x31 Drivers/STM32F0xx_HAL_Driver/Src/stm32f0xx_hal_tim_ex.o
 .ARM.attributes
                0x00000305       0x31 Src/main.o
 .ARM.attributes
                0x00000336       0x31 Src/stm32f0xx_hal_msp.o
 .ARM.attributes
                0x00000367       0x31 Src/stm32f0xx_it.o
 .ARM.attributes
                0x00000398       0x1e /home/chrisg/Ac6/SystemWorkbench/plugins/fr.ac6.mcu.externaltools.arm-none.linux64_1.7.0.201602291252/tools/compiler/bin/../lib/gcc/arm-none-eabi/5.2.1/armv6-m/libgcc.a(_udivsi3.o)
 .ARM.attributes
                0x000003b6       0x1e /home/chrisg/Ac6/SystemWorkbench/plugins/fr.ac6.mcu.externaltools.arm-none.linux64_1.7.0.201602291252/tools/compiler/bin/../lib/gcc/arm-none-eabi/5.2.1/armv6-m/libgcc.a(_dvmd_tls.o)
 .ARM.attributes
                0x000003d4       0x2c /home/chrisg/Ac6/SystemWorkbench/plugins/fr.ac6.mcu.externaltools.arm-none.linux64_1.7.0.201602291252/tools/compiler/bin/../lib/gcc/arm-none-eabi/5.2.1/../../../../arm-none-eabi/lib/armv6-m/libc_nano.a(lib_a-errno.o)
 .ARM.attributes
                0x00000400       0x2c /home/chrisg/Ac6/SystemWorkbench/plugins/fr.ac6.mcu.externaltools.arm-none.linux64_1.7.0.201602291252/tools/compiler/bin/../lib/gcc/arm-none-eabi/5.2.1/../../../../arm-none-eabi/lib/armv6-m/libc_nano.a(lib_a-findfp.o)
 .ARM.attributes
                0x0000042c       0x2c /home/chrisg/Ac6/SystemWorkbench/plugins/fr.ac6.mcu.externaltools.arm-none.linux64_1.7.0.201602291252/tools/compiler/bin/../lib/gcc/arm-none-eabi/5.2.1/../../../../arm-none-eabi/lib/armv6-m/libc_nano.a(lib_a-fwalk.o)
 .ARM.attributes
                0x00000458       0x2c /home/chrisg/Ac6/SystemWorkbench/plugins/fr.ac6.mcu.externaltools.arm-none.linux64_1.7.0.201602291252/tools/compiler/bin/../lib/gcc/arm-none-eabi/5.2.1/../../../../arm-none-eabi/lib/armv6-m/libc_nano.a(lib_a-memcpy-stub.o)
 .ARM.attributes
                0x00000484       0x2c /home/chrisg/Ac6/SystemWorkbench/plugins/fr.ac6.mcu.externaltools.arm-none.linux64_1.7.0.201602291252/tools/compiler/bin/../lib/gcc/arm-none-eabi/5.2.1/../../../../arm-none-eabi/lib/armv6-m/libc_nano.a(lib_a-nano-mallocr.o)
 .ARM.attributes
                0x000004b0       0x2c /home/chrisg/Ac6/SystemWorkbench/plugins/fr.ac6.mcu.externaltools.arm-none.linux64_1.7.0.201602291252/tools/compiler/bin/../lib/gcc/arm-none-eabi/5.2.1/../../../../arm-none-eabi/lib/armv6-m/libc_nano.a(lib_a-puts.o)
 .ARM.attributes
                0x000004dc       0x2c /home/chrisg/Ac6/SystemWorkbench/plugins/fr.ac6.mcu.externaltools.arm-none.linux64_1.7.0.201602291252/tools/compiler/bin/../lib/gcc/arm-none-eabi/5.2.1/../../../../arm-none-eabi/lib/armv6-m/libc_nano.a(lib_a-sbrkr.o)
 .ARM.attributes
                0x00000508       0x2c /home/chrisg/Ac6/SystemWorkbench/plugins/fr.ac6.mcu.externaltools.arm-none.linux64_1.7.0.201602291252/tools/compiler/bin/../lib/gcc/arm-none-eabi/5.2.1/../../../../arm-none-eabi/lib/armv6-m/libc_nano.a(lib_a-stdio.o)
 .ARM.attributes
                0x00000534       0x2c /home/chrisg/Ac6/SystemWorkbench/plugins/fr.ac6.mcu.externaltools.arm-none.linux64_1.7.0.201602291252/tools/compiler/bin/../lib/gcc/arm-none-eabi/5.2.1/../../../../arm-none-eabi/lib/armv6-m/libc_nano.a(lib_a-wbuf.o)
 .ARM.attributes
                0x00000560       0x2c /home/chrisg/Ac6/SystemWorkbench/plugins/fr.ac6.mcu.externaltools.arm-none.linux64_1.7.0.201602291252/tools/compiler/bin/../lib/gcc/arm-none-eabi/5.2.1/../../../../arm-none-eabi/lib/armv6-m/libc_nano.a(lib_a-writer.o)
 .ARM.attributes
                0x0000058c       0x2c /home/chrisg/Ac6/SystemWorkbench/plugins/fr.ac6.mcu.externaltools.arm-none.linux64_1.7.0.201602291252/tools/compiler/bin/../lib/gcc/arm-none-eabi/5.2.1/../../../../arm-none-eabi/lib/armv6-m/libc_nano.a(lib_a-wsetup.o)
 .ARM.attributes
                0x000005b8       0x2c /home/chrisg/Ac6/SystemWorkbench/plugins/fr.ac6.mcu.externaltools.arm-none.linux64_1.7.0.201602291252/tools/compiler/bin/../lib/gcc/arm-none-eabi/5.2.1/../../../../arm-none-eabi/lib/armv6-m/libc_nano.a(lib_a-closer.o)
 .ARM.attributes
                0x000005e4       0x2c /home/chrisg/Ac6/SystemWorkbench/plugins/fr.ac6.mcu.externaltools.arm-none.linux64_1.7.0.201602291252/tools/compiler/bin/../lib/gcc/arm-none-eabi/5.2.1/../../../../arm-none-eabi/lib/armv6-m/libc_nano.a(lib_a-fflush.o)
 .ARM.attributes
                0x00000610       0x2c /home/chrisg/Ac6/SystemWorkbench/plugins/fr.ac6.mcu.externaltools.arm-none.linux64_1.7.0.201602291252/tools/compiler/bin/../lib/gcc/arm-none-eabi/5.2.1/../../../../arm-none-eabi/lib/armv6-m/libc_nano.a(lib_a-lseekr.o)
 .ARM.attributes
                0x0000063c       0x2c /home/chrisg/Ac6/SystemWorkbench/plugins/fr.ac6.mcu.externaltools.arm-none.linux64_1.7.0.201602291252/tools/compiler/bin/../lib/gcc/arm-none-eabi/5.2.1/../../../../arm-none-eabi/lib/armv6-m/libc_nano.a(lib_a-makebuf.o)
 .ARM.attributes
                0x00000668       0x2c /home/chrisg/Ac6/SystemWorkbench/plugins/fr.ac6.mcu.externaltools.arm-none.linux64_1.7.0.201602291252/tools/compiler/bin/../lib/gcc/arm-none-eabi/5.2.1/../../../../arm-none-eabi/lib/armv6-m/libc_nano.a(lib_a-nano-freer.o)
 .ARM.attributes
                0x00000694       0x2c /home/chrisg/Ac6/SystemWorkbench/plugins/fr.ac6.mcu.externaltools.arm-none.linux64_1.7.0.201602291252/tools/compiler/bin/../lib/gcc/arm-none-eabi/5.2.1/../../../../arm-none-eabi/lib/armv6-m/libc_nano.a(lib_a-readr.o)
 .ARM.attributes
                0x000006c0       0x2c /home/chrisg/Ac6/SystemWorkbench/plugins/fr.ac6.mcu.externaltools.arm-none.linux64_1.7.0.201602291252/tools/compiler/bin/../lib/gcc/arm-none-eabi/5.2.1/../../../../arm-none-eabi/lib/armv6-m/libc_nano.a(lib_a-reent.o)
 .ARM.attributes
                0x000006ec       0x2c /home/chrisg/Ac6/SystemWorkbench/plugins/fr.ac6.mcu.externaltools.arm-none.linux64_1.7.0.201602291252/tools/compiler/bin/../lib/gcc/arm-none-eabi/5.2.1/../../../../arm-none-eabi/lib/armv6-m/libc_nano.a(lib_a-fstatr.o)
 .ARM.attributes
                0x00000718       0x2c /home/chrisg/Ac6/SystemWorkbench/plugins/fr.ac6.mcu.externaltools.arm-none.linux64_1.7.0.201602291252/tools/compiler/bin/../lib/gcc/arm-none-eabi/5.2.1/../../../../arm-none-eabi/lib/armv6-m/libc_nano.a(lib_a-isattyr.o)
 .ARM.attributes
                0x00000744       0x2c /home/chrisg/Ac6/SystemWorkbench/plugins/fr.ac6.mcu.externaltools.arm-none.linux64_1.7.0.201602291252/tools/compiler/bin/../lib/gcc/arm-none-eabi/5.2.1/armv6-m/crtend.o
 .ARM.attributes
                0x00000770       0x1e /home/chrisg/Ac6/SystemWorkbench/plugins/fr.ac6.mcu.externaltools.arm-none.linux64_1.7.0.201602291252/tools/compiler/bin/../lib/gcc/arm-none-eabi/5.2.1/armv6-m/crtn.o
OUTPUT(i2cTest.elf elf32-littlearm)

.debug_frame    0x00000000     0x221c
 .debug_frame   0x00000000       0x2c /home/chrisg/Ac6/SystemWorkbench/plugins/fr.ac6.mcu.externaltools.arm-none.linux64_1.7.0.201602291252/tools/compiler/bin/../lib/gcc/arm-none-eabi/5.2.1/../../../../arm-none-eabi/lib/armv6-m/libc_nano.a(lib_a-init.o)
 .debug_frame   0x0000002c       0x20 /home/chrisg/Ac6/SystemWorkbench/plugins/fr.ac6.mcu.externaltools.arm-none.linux64_1.7.0.201602291252/tools/compiler/bin/../lib/gcc/arm-none-eabi/5.2.1/../../../../arm-none-eabi/lib/armv6-m/libc_nano.a(lib_a-memset.o)
 .debug_frame   0x0000004c      0x308 /home/chrisg/Ac6/SystemWorkbench/plugins/fr.ac6.mcu.externaltools.arm-none.linux64_1.7.0.201602291252/tools/compiler/bin/../lib/gcc/arm-none-eabi/5.2.1/../../../../arm-none-eabi/lib/armv6-m/librdimon_nano.a(rdimon-syscalls.o)
 .debug_frame   0x00000354       0x3c Drivers/CMSIS/Device/ST/STM32F0xx/Source/Templates/system_stm32f0xx.o
 .debug_frame   0x00000390      0x144 Drivers/STM32F0xx_HAL_Driver/Src/stm32f0xx_hal.o
 .debug_frame   0x000004d4       0xe4 Drivers/STM32F0xx_HAL_Driver/Src/stm32f0xx_hal_cortex.o
 .debug_frame   0x000005b8       0xbc Drivers/STM32F0xx_HAL_Driver/Src/stm32f0xx_hal_gpio.o
 .debug_frame   0x00000674      0x57c Drivers/STM32F0xx_HAL_Driver/Src/stm32f0xx_hal_i2c.o
 .debug_frame   0x00000bf0       0xb0 Drivers/STM32F0xx_HAL_Driver/Src/stm32f0xx_hal_i2c_ex.o
 .debug_frame   0x00000ca0      0x140 Drivers/STM32F0xx_HAL_Driver/Src/stm32f0xx_hal_rcc.o
 .debug_frame   0x00000de0       0xac Drivers/STM32F0xx_HAL_Driver/Src/stm32f0xx_hal_rcc_ex.o
 .debug_frame   0x00000e8c      0x8fc Drivers/STM32F0xx_HAL_Driver/Src/stm32f0xx_hal_tim.o
 .debug_frame   0x00001788      0x388 Drivers/STM32F0xx_HAL_Driver/Src/stm32f0xx_hal_tim_ex.o
 .debug_frame   0x00001b10       0x5c Src/main.o
 .debug_frame   0x00001b6c       0x9c Src/stm32f0xx_hal_msp.o
 .debug_frame   0x00001c08       0x60 Src/stm32f0xx_it.o
 .debug_frame   0x00001c68       0x20 /home/chrisg/Ac6/SystemWorkbench/plugins/fr.ac6.mcu.externaltools.arm-none.linux64_1.7.0.201602291252/tools/compiler/bin/../lib/gcc/arm-none-eabi/5.2.1/armv6-m/libgcc.a(_udivsi3.o)
 .debug_frame   0x00001c88       0x20 /home/chrisg/Ac6/SystemWorkbench/plugins/fr.ac6.mcu.externaltools.arm-none.linux64_1.7.0.201602291252/tools/compiler/bin/../lib/gcc/arm-none-eabi/5.2.1/../../../../arm-none-eabi/lib/armv6-m/libc_nano.a(lib_a-errno.o)
 .debug_frame   0x00001ca8      0x140 /home/chrisg/Ac6/SystemWorkbench/plugins/fr.ac6.mcu.externaltools.arm-none.linux64_1.7.0.201602291252/tools/compiler/bin/../lib/gcc/arm-none-eabi/5.2.1/../../../../arm-none-eabi/lib/armv6-m/libc_nano.a(lib_a-findfp.o)
 .debug_frame   0x00001de8       0x58 /home/chrisg/Ac6/SystemWorkbench/plugins/fr.ac6.mcu.externaltools.arm-none.linux64_1.7.0.201602291252/tools/compiler/bin/../lib/gcc/arm-none-eabi/5.2.1/../../../../arm-none-eabi/lib/armv6-m/libc_nano.a(lib_a-fwalk.o)
 .debug_frame   0x00001e40       0x28 /home/chrisg/Ac6/SystemWorkbench/plugins/fr.ac6.mcu.externaltools.arm-none.linux64_1.7.0.201602291252/tools/compiler/bin/../lib/gcc/arm-none-eabi/5.2.1/../../../../arm-none-eabi/lib/armv6-m/libc_nano.a(lib_a-memcpy-stub.o)
 .debug_frame   0x00001e68       0x2c /home/chrisg/Ac6/SystemWorkbench/plugins/fr.ac6.mcu.externaltools.arm-none.linux64_1.7.0.201602291252/tools/compiler/bin/../lib/gcc/arm-none-eabi/5.2.1/../../../../arm-none-eabi/lib/armv6-m/libc_nano.a(lib_a-nano-mallocr.o)
 .debug_frame   0x00001e94       0x44 /home/chrisg/Ac6/SystemWorkbench/plugins/fr.ac6.mcu.externaltools.arm-none.linux64_1.7.0.201602291252/tools/compiler/bin/../lib/gcc/arm-none-eabi/5.2.1/../../../../arm-none-eabi/lib/armv6-m/libc_nano.a(lib_a-puts.o)
 .debug_frame   0x00001ed8       0x2c /home/chrisg/Ac6/SystemWorkbench/plugins/fr.ac6.mcu.externaltools.arm-none.linux64_1.7.0.201602291252/tools/compiler/bin/../lib/gcc/arm-none-eabi/5.2.1/../../../../arm-none-eabi/lib/armv6-m/libc_nano.a(lib_a-sbrkr.o)
 .debug_frame   0x00001f04       0x90 /home/chrisg/Ac6/SystemWorkbench/plugins/fr.ac6.mcu.externaltools.arm-none.linux64_1.7.0.201602291252/tools/compiler/bin/../lib/gcc/arm-none-eabi/5.2.1/../../../../arm-none-eabi/lib/armv6-m/libc_nano.a(lib_a-stdio.o)
 .debug_frame   0x00001f94       0x48 /home/chrisg/Ac6/SystemWorkbench/plugins/fr.ac6.mcu.externaltools.arm-none.linux64_1.7.0.201602291252/tools/compiler/bin/../lib/gcc/arm-none-eabi/5.2.1/../../../../arm-none-eabi/lib/armv6-m/libc_nano.a(lib_a-wbuf.o)
 .debug_frame   0x00001fdc       0x2c /home/chrisg/Ac6/SystemWorkbench/plugins/fr.ac6.mcu.externaltools.arm-none.linux64_1.7.0.201602291252/tools/compiler/bin/../lib/gcc/arm-none-eabi/5.2.1/../../../../arm-none-eabi/lib/armv6-m/libc_nano.a(lib_a-writer.o)
 .debug_frame   0x00002008       0x2c /home/chrisg/Ac6/SystemWorkbench/plugins/fr.ac6.mcu.externaltools.arm-none.linux64_1.7.0.201602291252/tools/compiler/bin/../lib/gcc/arm-none-eabi/5.2.1/../../../../arm-none-eabi/lib/armv6-m/libc_nano.a(lib_a-wsetup.o)
 .debug_frame   0x00002034       0x2c /home/chrisg/Ac6/SystemWorkbench/plugins/fr.ac6.mcu.externaltools.arm-none.linux64_1.7.0.201602291252/tools/compiler/bin/../lib/gcc/arm-none-eabi/5.2.1/../../../../arm-none-eabi/lib/armv6-m/libc_nano.a(lib_a-closer.o)
 .debug_frame   0x00002060       0x68 /home/chrisg/Ac6/SystemWorkbench/plugins/fr.ac6.mcu.externaltools.arm-none.linux64_1.7.0.201602291252/tools/compiler/bin/../lib/gcc/arm-none-eabi/5.2.1/../../../../arm-none-eabi/lib/armv6-m/libc_nano.a(lib_a-fflush.o)
 .debug_frame   0x000020c8       0x2c /home/chrisg/Ac6/SystemWorkbench/plugins/fr.ac6.mcu.externaltools.arm-none.linux64_1.7.0.201602291252/tools/compiler/bin/../lib/gcc/arm-none-eabi/5.2.1/../../../../arm-none-eabi/lib/armv6-m/libc_nano.a(lib_a-lseekr.o)
 .debug_frame   0x000020f4       0x30 /home/chrisg/Ac6/SystemWorkbench/plugins/fr.ac6.mcu.externaltools.arm-none.linux64_1.7.0.201602291252/tools/compiler/bin/../lib/gcc/arm-none-eabi/5.2.1/../../../../arm-none-eabi/lib/armv6-m/libc_nano.a(lib_a-makebuf.o)
 .debug_frame   0x00002124       0x2c /home/chrisg/Ac6/SystemWorkbench/plugins/fr.ac6.mcu.externaltools.arm-none.linux64_1.7.0.201602291252/tools/compiler/bin/../lib/gcc/arm-none-eabi/5.2.1/../../../../arm-none-eabi/lib/armv6-m/libc_nano.a(lib_a-nano-freer.o)
 .debug_frame   0x00002150       0x2c /home/chrisg/Ac6/SystemWorkbench/plugins/fr.ac6.mcu.externaltools.arm-none.linux64_1.7.0.201602291252/tools/compiler/bin/../lib/gcc/arm-none-eabi/5.2.1/../../../../arm-none-eabi/lib/armv6-m/libc_nano.a(lib_a-readr.o)
 .debug_frame   0x0000217c       0x48 /home/chrisg/Ac6/SystemWorkbench/plugins/fr.ac6.mcu.externaltools.arm-none.linux64_1.7.0.201602291252/tools/compiler/bin/../lib/gcc/arm-none-eabi/5.2.1/../../../../arm-none-eabi/lib/armv6-m/libc_nano.a(lib_a-reent.o)
 .debug_frame   0x000021c4       0x2c /home/chrisg/Ac6/SystemWorkbench/plugins/fr.ac6.mcu.externaltools.arm-none.linux64_1.7.0.201602291252/tools/compiler/bin/../lib/gcc/arm-none-eabi/5.2.1/../../../../arm-none-eabi/lib/armv6-m/libc_nano.a(lib_a-fstatr.o)
 .debug_frame   0x000021f0       0x2c /home/chrisg/Ac6/SystemWorkbench/plugins/fr.ac6.mcu.externaltools.arm-none.linux64_1.7.0.201602291252/tools/compiler/bin/../lib/gcc/arm-none-eabi/5.2.1/../../../../arm-none-eabi/lib/armv6-m/libc_nano.a(lib_a-isattyr.o)

.debug_line     0x00000000     0x9268
 .debug_line    0x00000000       0xb2 Drivers/CMSIS/Device/ST/STM32F0xx/Source/Templates/gcc/startup_stm32f072xb.o
 .debug_line    0x000000b2      0x7da Drivers/CMSIS/Device/ST/STM32F0xx/Source/Templates/system_stm32f0xx.o
 .debug_line    0x0000088c      0x8b9 Drivers/STM32F0xx_HAL_Driver/Src/stm32f0xx_hal.o
 .debug_line    0x00001145      0x908 Drivers/STM32F0xx_HAL_Driver/Src/stm32f0xx_hal_cortex.o
 .debug_line    0x00001a4d      0x926 Drivers/STM32F0xx_HAL_Driver/Src/stm32f0xx_hal_gpio.o
 .debug_line    0x00002373     0x1642 Drivers/STM32F0xx_HAL_Driver/Src/stm32f0xx_hal_i2c.o
 .debug_line    0x000039b5      0x8eb Drivers/STM32F0xx_HAL_Driver/Src/stm32f0xx_hal_i2c_ex.o
 .debug_line    0x000042a0      0xac0 Drivers/STM32F0xx_HAL_Driver/Src/stm32f0xx_hal_rcc.o
 .debug_line    0x00004d60      0x97b Drivers/STM32F0xx_HAL_Driver/Src/stm32f0xx_hal_rcc_ex.o
 .debug_line    0x000056db     0x17b1 Drivers/STM32F0xx_HAL_Driver/Src/stm32f0xx_hal_tim.o
 .debug_line    0x00006e8c      0xc0d Drivers/STM32F0xx_HAL_Driver/Src/stm32f0xx_hal_tim_ex.o
 .debug_line    0x00007a99      0x84e Src/main.o
 .debug_line    0x000082e7      0x7e7 Src/stm32f0xx_hal_msp.o
 .debug_line    0x00008ace      0x79a Src/stm32f0xx_it.o

.debug_info     0x00000000     0xb22b
 .debug_info    0x00000000       0x9e Drivers/CMSIS/Device/ST/STM32F0xx/Source/Templates/gcc/startup_stm32f072xb.o
 .debug_info    0x0000009e      0x220 Drivers/CMSIS/Device/ST/STM32F0xx/Source/Templates/system_stm32f0xx.o
 .debug_info    0x000002be      0x5ba Drivers/STM32F0xx_HAL_Driver/Src/stm32f0xx_hal.o
 .debug_info    0x00000878      0x7c3 Drivers/STM32F0xx_HAL_Driver/Src/stm32f0xx_hal_cortex.o
 .debug_info    0x0000103b      0x5ec Drivers/STM32F0xx_HAL_Driver/Src/stm32f0xx_hal_gpio.o
 .debug_info    0x00001627     0x2640 Drivers/STM32F0xx_HAL_Driver/Src/stm32f0xx_hal_i2c.o
 .debug_info    0x00003c67      0x76d Drivers/STM32F0xx_HAL_Driver/Src/stm32f0xx_hal_i2c_ex.o
 .debug_info    0x000043d4      0x9c1 Drivers/STM32F0xx_HAL_Driver/Src/stm32f0xx_hal_rcc.o
 .debug_info    0x00004d95      0x585 Drivers/STM32F0xx_HAL_Driver/Src/stm32f0xx_hal_rcc_ex.o
 .debug_info    0x0000531a     0x2e2d Drivers/STM32F0xx_HAL_Driver/Src/stm32f0xx_hal_tim.o
 .debug_info    0x00008147      0xec5 Drivers/STM32F0xx_HAL_Driver/Src/stm32f0xx_hal_tim_ex.o
 .debug_info    0x0000900c     0x10e2 Src/main.o
 .debug_info    0x0000a0ee      0xbed Src/stm32f0xx_hal_msp.o
 .debug_info    0x0000acdb      0x550 Src/stm32f0xx_it.o

.debug_abbrev   0x00000000     0x1a18
 .debug_abbrev  0x00000000       0x12 Drivers/CMSIS/Device/ST/STM32F0xx/Source/Templates/gcc/startup_stm32f072xb.o
 .debug_abbrev  0x00000012       0xf3 Drivers/CMSIS/Device/ST/STM32F0xx/Source/Templates/system_stm32f0xx.o
 .debug_abbrev  0x00000105      0x1dc Drivers/STM32F0xx_HAL_Driver/Src/stm32f0xx_hal.o
 .debug_abbrev  0x000002e1      0x276 Drivers/STM32F0xx_HAL_Driver/Src/stm32f0xx_hal_cortex.o
 .debug_abbrev  0x00000557      0x1e1 Drivers/STM32F0xx_HAL_Driver/Src/stm32f0xx_hal_gpio.o
 .debug_abbrev  0x00000738      0x295 Drivers/STM32F0xx_HAL_Driver/Src/stm32f0xx_hal_i2c.o
 .debug_abbrev  0x000009cd      0x18e Drivers/STM32F0xx_HAL_Driver/Src/stm32f0xx_hal_i2c_ex.o
 .debug_abbrev  0x00000b5b      0x21d Drivers/STM32F0xx_HAL_Driver/Src/stm32f0xx_hal_rcc.o
 .debug_abbrev  0x00000d78      0x1a8 Drivers/STM32F0xx_HAL_Driver/Src/stm32f0xx_hal_rcc_ex.o
 .debug_abbrev  0x00000f20      0x306 Drivers/STM32F0xx_HAL_Driver/Src/stm32f0xx_hal_tim.o
 .debug_abbrev  0x00001226      0x262 Drivers/STM32F0xx_HAL_Driver/Src/stm32f0xx_hal_tim_ex.o
 .debug_abbrev  0x00001488      0x273 Src/main.o
 .debug_abbrev  0x000016fb      0x1a7 Src/stm32f0xx_hal_msp.o
 .debug_abbrev  0x000018a2      0x176 Src/stm32f0xx_it.o

.debug_aranges  0x00000000      0x818
 .debug_aranges
                0x00000000       0x28 Drivers/CMSIS/Device/ST/STM32F0xx/Source/Templates/gcc/startup_stm32f072xb.o
 .debug_aranges
                0x00000028       0x28 Drivers/CMSIS/Device/ST/STM32F0xx/Source/Templates/system_stm32f0xx.o
 .debug_aranges
                0x00000050       0x98 Drivers/STM32F0xx_HAL_Driver/Src/stm32f0xx_hal.o
 .debug_aranges
                0x000000e8       0x78 Drivers/STM32F0xx_HAL_Driver/Src/stm32f0xx_hal_cortex.o
 .debug_aranges
                0x00000160       0x58 Drivers/STM32F0xx_HAL_Driver/Src/stm32f0xx_hal_gpio.o
 .debug_aranges
                0x000001b8      0x168 Drivers/STM32F0xx_HAL_Driver/Src/stm32f0xx_hal_i2c.o
 .debug_aranges
                0x00000320       0x48 Drivers/STM32F0xx_HAL_Driver/Src/stm32f0xx_hal_i2c_ex.o
 .debug_aranges
                0x00000368       0x80 Drivers/STM32F0xx_HAL_Driver/Src/stm32f0xx_hal_rcc.o
 .debug_aranges
                0x000003e8       0x50 Drivers/STM32F0xx_HAL_Driver/Src/stm32f0xx_hal_rcc_ex.o
 .debug_aranges
                0x00000438      0x250 Drivers/STM32F0xx_HAL_Driver/Src/stm32f0xx_hal_tim.o
 .debug_aranges
                0x00000688       0xf0 Drivers/STM32F0xx_HAL_Driver/Src/stm32f0xx_hal_tim_ex.o
 .debug_aranges
                0x00000778       0x30 Src/main.o
 .debug_aranges
                0x000007a8       0x40 Src/stm32f0xx_hal_msp.o
 .debug_aranges
                0x000007e8       0x30 Src/stm32f0xx_it.o

.debug_ranges   0x00000000      0xc58
 .debug_ranges  0x00000000       0x20 Drivers/CMSIS/Device/ST/STM32F0xx/Source/Templates/gcc/startup_stm32f072xb.o
 .debug_ranges  0x00000020       0x18 Drivers/CMSIS/Device/ST/STM32F0xx/Source/Templates/system_stm32f0xx.o
 .debug_ranges  0x00000038       0x88 Drivers/STM32F0xx_HAL_Driver/Src/stm32f0xx_hal.o
 .debug_ranges  0x000000c0       0xe8 Drivers/STM32F0xx_HAL_Driver/Src/stm32f0xx_hal_cortex.o
 .debug_ranges  0x000001a8       0x68 Drivers/STM32F0xx_HAL_Driver/Src/stm32f0xx_hal_gpio.o
 .debug_ranges  0x00000210      0x158 Drivers/STM32F0xx_HAL_Driver/Src/stm32f0xx_hal_i2c.o
 .debug_ranges  0x00000368       0x70 Drivers/STM32F0xx_HAL_Driver/Src/stm32f0xx_hal_i2c_ex.o
 .debug_ranges  0x000003d8       0xb8 Drivers/STM32F0xx_HAL_Driver/Src/stm32f0xx_hal_rcc.o
 .debug_ranges  0x00000490       0x68 Drivers/STM32F0xx_HAL_Driver/Src/stm32f0xx_hal_rcc_ex.o
 .debug_ranges  0x000004f8      0x550 Drivers/STM32F0xx_HAL_Driver/Src/stm32f0xx_hal_tim.o
 .debug_ranges  0x00000a48       0xe0 Drivers/STM32F0xx_HAL_Driver/Src/stm32f0xx_hal_tim_ex.o
 .debug_ranges  0x00000b28       0x78 Src/main.o
 .debug_ranges  0x00000ba0       0x98 Src/stm32f0xx_hal_msp.o
 .debug_ranges  0x00000c38       0x20 Src/stm32f0xx_it.o

.debug_loc      0x00000000     0x7514
 .debug_loc     0x00000000       0xe1 Drivers/CMSIS/Device/ST/STM32F0xx/Source/Templates/system_stm32f0xx.o
 .debug_loc     0x000000e1       0x6a Drivers/STM32F0xx_HAL_Driver/Src/stm32f0xx_hal.o
 .debug_loc     0x0000014b      0x3da Drivers/STM32F0xx_HAL_Driver/Src/stm32f0xx_hal_cortex.o
 .debug_loc     0x00000525      0x2c8 Drivers/STM32F0xx_HAL_Driver/Src/stm32f0xx_hal_gpio.o
 .debug_loc     0x000007ed     0x2047 Drivers/STM32F0xx_HAL_Driver/Src/stm32f0xx_hal_i2c.o
 .debug_loc     0x00002834      0x194 Drivers/STM32F0xx_HAL_Driver/Src/stm32f0xx_hal_i2c_ex.o
 .debug_loc     0x000029c8      0x449 Drivers/STM32F0xx_HAL_Driver/Src/stm32f0xx_hal_rcc.o
 .debug_loc     0x00002e11      0x418 Drivers/STM32F0xx_HAL_Driver/Src/stm32f0xx_hal_rcc_ex.o
 .debug_loc     0x00003229     0x3895 Drivers/STM32F0xx_HAL_Driver/Src/stm32f0xx_hal_tim.o
 .debug_loc     0x00006abe      0x9d2 Drivers/STM32F0xx_HAL_Driver/Src/stm32f0xx_hal_tim_ex.o
 .debug_loc     0x00007490       0x84 Src/stm32f0xx_hal_msp.o

.debug_macro    0x00000000    0x107cc
 .debug_macro   0x00000000      0x2c3 Drivers/CMSIS/Device/ST/STM32F0xx/Source/Templates/system_stm32f0xx.o
 .debug_macro   0x000002c3      0x838 Drivers/CMSIS/Device/ST/STM32F0xx/Source/Templates/system_stm32f0xx.o
 .debug_macro   0x00000afb       0x2e Drivers/CMSIS/Device/ST/STM32F0xx/Source/Templates/system_stm32f0xx.o
 .debug_macro   0x00000b29       0x22 Drivers/CMSIS/Device/ST/STM32F0xx/Source/Templates/system_stm32f0xx.o
 .debug_macro   0x00000b4b       0x22 Drivers/CMSIS/Device/ST/STM32F0xx/Source/Templates/system_stm32f0xx.o
 .debug_macro   0x00000b6d       0x44 Drivers/CMSIS/Device/ST/STM32F0xx/Source/Templates/system_stm32f0xx.o
 .debug_macro   0x00000bb1       0xfd Drivers/CMSIS/Device/ST/STM32F0xx/Source/Templates/system_stm32f0xx.o
 .debug_macro   0x00000cae       0x22 Drivers/CMSIS/Device/ST/STM32F0xx/Source/Templates/system_stm32f0xx.o
 .debug_macro   0x00000cd0      0x1df Drivers/CMSIS/Device/ST/STM32F0xx/Source/Templates/system_stm32f0xx.o
 .debug_macro   0x00000eaf       0x34 Drivers/CMSIS/Device/ST/STM32F0xx/Source/Templates/system_stm32f0xx.o
 .debug_macro   0x00000ee3       0x26 Drivers/CMSIS/Device/ST/STM32F0xx/Source/Templates/system_stm32f0xx.o
 .debug_macro   0x00000f09      0x30d Drivers/CMSIS/Device/ST/STM32F0xx/Source/Templates/system_stm32f0xx.o
 .debug_macro   0x00001216     0x6e28 Drivers/CMSIS/Device/ST/STM32F0xx/Source/Templates/system_stm32f0xx.o
 .debug_macro   0x0000803e       0x3c Drivers/CMSIS/Device/ST/STM32F0xx/Source/Templates/system_stm32f0xx.o
 .debug_macro   0x0000807a       0xa6 Drivers/CMSIS/Device/ST/STM32F0xx/Source/Templates/system_stm32f0xx.o
 .debug_macro   0x00008120       0x9e Drivers/CMSIS/Device/ST/STM32F0xx/Source/Templates/system_stm32f0xx.o
 .debug_macro   0x000081be     0x3295 Drivers/CMSIS/Device/ST/STM32F0xx/Source/Templates/system_stm32f0xx.o
 .debug_macro   0x0000b453       0x58 Drivers/CMSIS/Device/ST/STM32F0xx/Source/Templates/system_stm32f0xx.o
 .debug_macro   0x0000b4ab       0x35 Drivers/CMSIS/Device/ST/STM32F0xx/Source/Templates/system_stm32f0xx.o
 .debug_macro   0x0000b4e0       0x9c Drivers/CMSIS/Device/ST/STM32F0xx/Source/Templates/system_stm32f0xx.o
 .debug_macro   0x0000b57c       0x16 Drivers/CMSIS/Device/ST/STM32F0xx/Source/Templates/system_stm32f0xx.o
 .debug_macro   0x0000b592       0x97 Drivers/CMSIS/Device/ST/STM32F0xx/Source/Templates/system_stm32f0xx.o
 .debug_macro   0x0000b629      0x329 Drivers/CMSIS/Device/ST/STM32F0xx/Source/Templates/system_stm32f0xx.o
 .debug_macro   0x0000b952       0xfd Drivers/CMSIS/Device/ST/STM32F0xx/Source/Templates/system_stm32f0xx.o
 .debug_macro   0x0000ba4f       0x10 Drivers/CMSIS/Device/ST/STM32F0xx/Source/Templates/system_stm32f0xx.o
 .debug_macro   0x0000ba5f       0x52 Drivers/CMSIS/Device/ST/STM32F0xx/Source/Templates/system_stm32f0xx.o
 .debug_macro   0x0000bab1       0x16 Drivers/CMSIS/Device/ST/STM32F0xx/Source/Templates/system_stm32f0xx.o
 .debug_macro   0x0000bac7       0x43 Drivers/CMSIS/Device/ST/STM32F0xx/Source/Templates/system_stm32f0xx.o
 .debug_macro   0x0000bb0a      0x187 Drivers/CMSIS/Device/ST/STM32F0xx/Source/Templates/system_stm32f0xx.o
 .debug_macro   0x0000bc91       0x10 Drivers/CMSIS/Device/ST/STM32F0xx/Source/Templates/system_stm32f0xx.o
 .debug_macro   0x0000bca1       0x22 Drivers/CMSIS/Device/ST/STM32F0xx/Source/Templates/system_stm32f0xx.o
 .debug_macro   0x0000bcc3       0x3a Drivers/CMSIS/Device/ST/STM32F0xx/Source/Templates/system_stm32f0xx.o
 .debug_macro   0x0000bcfd       0x10 Drivers/CMSIS/Device/ST/STM32F0xx/Source/Templates/system_stm32f0xx.o
 .debug_macro   0x0000bd0d       0x40 Drivers/CMSIS/Device/ST/STM32F0xx/Source/Templates/system_stm32f0xx.o
 .debug_macro   0x0000bd4d       0x65 Drivers/CMSIS/Device/ST/STM32F0xx/Source/Templates/system_stm32f0xx.o
 .debug_macro   0x0000bdb2       0x16 Drivers/CMSIS/Device/ST/STM32F0xx/Source/Templates/system_stm32f0xx.o
 .debug_macro   0x0000bdc8      0x197 Drivers/CMSIS/Device/ST/STM32F0xx/Source/Templates/system_stm32f0xx.o
 .debug_macro   0x0000bf5f       0x49 Drivers/CMSIS/Device/ST/STM32F0xx/Source/Templates/system_stm32f0xx.o
 .debug_macro   0x0000bfa8      0x944 Drivers/CMSIS/Device/ST/STM32F0xx/Source/Templates/system_stm32f0xx.o
 .debug_macro   0x0000c8ec      0x609 Drivers/CMSIS/Device/ST/STM32F0xx/Source/Templates/system_stm32f0xx.o
 .debug_macro   0x0000cef5      0x13a Drivers/CMSIS/Device/ST/STM32F0xx/Source/Templates/system_stm32f0xx.o
 .debug_macro   0x0000d02f      0x1a7 Drivers/CMSIS/Device/ST/STM32F0xx/Source/Templates/system_stm32f0xx.o
 .debug_macro   0x0000d1d6      0x217 Drivers/CMSIS/Device/ST/STM32F0xx/Source/Templates/system_stm32f0xx.o
 .debug_macro   0x0000d3ed       0x2d Drivers/CMSIS/Device/ST/STM32F0xx/Source/Templates/system_stm32f0xx.o
 .debug_macro   0x0000d41a       0x43 Drivers/CMSIS/Device/ST/STM32F0xx/Source/Templates/system_stm32f0xx.o
 .debug_macro   0x0000d45d       0x29 Drivers/CMSIS/Device/ST/STM32F0xx/Source/Templates/system_stm32f0xx.o
 .debug_macro   0x0000d486       0xb6 Drivers/CMSIS/Device/ST/STM32F0xx/Source/Templates/system_stm32f0xx.o
 .debug_macro   0x0000d53c      0x217 Drivers/CMSIS/Device/ST/STM32F0xx/Source/Templates/system_stm32f0xx.o
 .debug_macro   0x0000d753      0x1ca Drivers/CMSIS/Device/ST/STM32F0xx/Source/Templates/system_stm32f0xx.o
 .debug_macro   0x0000d91d       0x4f Drivers/CMSIS/Device/ST/STM32F0xx/Source/Templates/system_stm32f0xx.o
 .debug_macro   0x0000d96c       0x66 Drivers/CMSIS/Device/ST/STM32F0xx/Source/Templates/system_stm32f0xx.o
 .debug_macro   0x0000d9d2       0x4d Drivers/CMSIS/Device/ST/STM32F0xx/Source/Templates/system_stm32f0xx.o
 .debug_macro   0x0000da1f      0x16d Drivers/CMSIS/Device/ST/STM32F0xx/Source/Templates/system_stm32f0xx.o
 .debug_macro   0x0000db8c      0x829 Drivers/CMSIS/Device/ST/STM32F0xx/Source/Templates/system_stm32f0xx.o
 .debug_macro   0x0000e3b5       0x32 Drivers/CMSIS/Device/ST/STM32F0xx/Source/Templates/system_stm32f0xx.o
 .debug_macro   0x0000e3e7      0x129 Drivers/CMSIS/Device/ST/STM32F0xx/Source/Templates/system_stm32f0xx.o
 .debug_macro   0x0000e510      0x2e7 Drivers/STM32F0xx_HAL_Driver/Src/stm32f0xx_hal.o
 .debug_macro   0x0000e7f7      0x2c3 Drivers/STM32F0xx_HAL_Driver/Src/stm32f0xx_hal_cortex.o
 .debug_macro   0x0000eaba      0x2fc Drivers/STM32F0xx_HAL_Driver/Src/stm32f0xx_hal_gpio.o
 .debug_macro   0x0000edb6      0x311 Drivers/STM32F0xx_HAL_Driver/Src/stm32f0xx_hal_i2c.o
 .debug_macro   0x0000f0c7      0x2c3 Drivers/STM32F0xx_HAL_Driver/Src/stm32f0xx_hal_i2c_ex.o
 .debug_macro   0x0000f38a      0x2d5 Drivers/STM32F0xx_HAL_Driver/Src/stm32f0xx_hal_rcc.o
 .debug_macro   0x0000f65f      0x2d5 Drivers/STM32F0xx_HAL_Driver/Src/stm32f0xx_hal_rcc_ex.o
 .debug_macro   0x0000f934      0x2c4 Drivers/STM32F0xx_HAL_Driver/Src/stm32f0xx_hal_tim.o
 .debug_macro   0x0000fbf8      0x2c3 Drivers/STM32F0xx_HAL_Driver/Src/stm32f0xx_hal_tim_ex.o
 .debug_macro   0x0000febb      0x2f7 Src/main.o
 .debug_macro   0x000101b2       0x16 Src/main.o
 .debug_macro   0x000101c8       0x35 Src/main.o
 .debug_macro   0x000101fd       0x16 Src/main.o
 .debug_macro   0x00010213       0x29 Src/main.o
 .debug_macro   0x0001023c      0x2c3 Src/stm32f0xx_hal_msp.o
 .debug_macro   0x000104ff      0x2cd Src/stm32f0xx_it.o

.debug_str      0x00000000    0x61b9d
 .debug_str     0x00000000    0x5efa0 Drivers/CMSIS/Device/ST/STM32F0xx/Source/Templates/system_stm32f0xx.o
                              0x5f23e (size before relaxing)
 .debug_str     0x0005efa0      0x473 Drivers/STM32F0xx_HAL_Driver/Src/stm32f0xx_hal.o
                              0x5f716 (size before relaxing)
 .debug_str     0x0005f413      0x1dc Drivers/STM32F0xx_HAL_Driver/Src/stm32f0xx_hal_cortex.o
                              0x5f5f6 (size before relaxing)
 .debug_str     0x0005f5ef      0x2e1 Drivers/STM32F0xx_HAL_Driver/Src/stm32f0xx_hal_gpio.o
                              0x5f4ce (size before relaxing)
 .debug_str     0x0005f8d0      0x97d Drivers/STM32F0xx_HAL_Driver/Src/stm32f0xx_hal_i2c.o
                              0x5fbb1 (size before relaxing)
 .debug_str     0x0006024d       0xb8 Drivers/STM32F0xx_HAL_Driver/Src/stm32f0xx_hal_i2c_ex.o
                              0x5f6da (size before relaxing)
 .debug_str     0x00060305      0x32f Drivers/STM32F0xx_HAL_Driver/Src/stm32f0xx_hal_rcc.o
                              0x5f61e (size before relaxing)
 .debug_str     0x00060634      0x2db Drivers/STM32F0xx_HAL_Driver/Src/stm32f0xx_hal_rcc_ex.o
                              0x5f54d (size before relaxing)
 .debug_str     0x0006090f      0xc04 Drivers/STM32F0xx_HAL_Driver/Src/stm32f0xx_hal_tim.o
                              0x6003c (size before relaxing)
 .debug_str     0x00061513      0x419 Drivers/STM32F0xx_HAL_Driver/Src/stm32f0xx_hal_tim_ex.o
                              0x5fa89 (size before relaxing)
 .debug_str     0x0006192c      0x19b Src/main.o
                              0x5ff14 (size before relaxing)
 .debug_str     0x00061ac7       0x7f Src/stm32f0xx_hal_msp.o
                              0x5fa5c (size before relaxing)
 .debug_str     0x00061b46       0x57 Src/stm32f0xx_it.o
                              0x5f553 (size before relaxing)

.comment        0x00000000       0x6e
 .comment       0x00000000       0x6e Drivers/CMSIS/Device/ST/STM32F0xx/Source/Templates/system_stm32f0xx.o
                                 0x6f (size before relaxing)
 .comment       0x0000006e       0x6f Drivers/STM32F0xx_HAL_Driver/Src/stm32f0xx_hal.o
 .comment       0x0000006e       0x6f Drivers/STM32F0xx_HAL_Driver/Src/stm32f0xx_hal_cortex.o
 .comment       0x0000006e       0x6f Drivers/STM32F0xx_HAL_Driver/Src/stm32f0xx_hal_gpio.o
 .comment       0x0000006e       0x6f Drivers/STM32F0xx_HAL_Driver/Src/stm32f0xx_hal_i2c.o
 .comment       0x0000006e       0x6f Drivers/STM32F0xx_HAL_Driver/Src/stm32f0xx_hal_i2c_ex.o
 .comment       0x0000006e       0x6f Drivers/STM32F0xx_HAL_Driver/Src/stm32f0xx_hal_rcc.o
 .comment       0x0000006e       0x6f Drivers/STM32F0xx_HAL_Driver/Src/stm32f0xx_hal_rcc_ex.o
 .comment       0x0000006e       0x6f Drivers/STM32F0xx_HAL_Driver/Src/stm32f0xx_hal_tim.o
 .comment       0x0000006e       0x6f Drivers/STM32F0xx_HAL_Driver/Src/stm32f0xx_hal_tim_ex.o
 .comment       0x0000006e       0x6f Src/main.o
 .comment       0x0000006e       0x6f Src/stm32f0xx_hal_msp.o
 .comment       0x0000006e       0x6f Src/stm32f0xx_it.o
