Archive member included because of file (symbol)

../stm32f072b-disco_hal_lib/Debug\libstm32f072b-disco_hal_lib.a(stm32f0xx_hal.o)
                              C:\Users\Jerry\AppData\Local\Temp\ccR5GAAU.o (HAL_Init)
../stm32f072b-disco_hal_lib/Debug\libstm32f072b-disco_hal_lib.a(stm32f0xx_hal_can.o)
                              C:\Users\Jerry\AppData\Local\Temp\ccUYZMIQ.o (HAL_CAN_Init)
../stm32f072b-disco_hal_lib/Debug\libstm32f072b-disco_hal_lib.a(stm32f0xx_hal_cortex.o)
                              C:\Users\Jerry\AppData\Local\Temp\ccUYZMIQ.o (HAL_NVIC_SetPriority)
../stm32f072b-disco_hal_lib/Debug\libstm32f072b-disco_hal_lib.a(stm32f0xx_hal_gpio.o)
                              C:\Users\Jerry\AppData\Local\Temp\ccUYZMIQ.o (HAL_GPIO_Init)
../stm32f072b-disco_hal_lib/Debug\libstm32f072b-disco_hal_lib.a(stm32f0xx_hal_rcc.o)
                              C:\Users\Jerry\AppData\Local\Temp\ccR5GAAU.o (HAL_RCC_OscConfig)
c:/program files (x86)/gnu tools arm embedded/4.9 2015q3/bin/../lib/gcc/arm-none-eabi/4.9.3/../../../../arm-none-eabi/lib/armv6-m\libc.a(lib_a-errno.o)
                              C:\Users\Jerry\AppData\Local\Temp\cc1m5ilb.o (__errno)
c:/program files (x86)/gnu tools arm embedded/4.9 2015q3/bin/../lib/gcc/arm-none-eabi/4.9.3/../../../../arm-none-eabi/lib/armv6-m\libc.a(lib_a-exit.o)
                              c:/program files (x86)/gnu tools arm embedded/4.9 2015q3/bin/../lib/gcc/arm-none-eabi/4.9.3/../../../../arm-none-eabi/lib/armv6-m/crt0.o (exit)
c:/program files (x86)/gnu tools arm embedded/4.9 2015q3/bin/../lib/gcc/arm-none-eabi/4.9.3/../../../../arm-none-eabi/lib/armv6-m\libc.a(lib_a-impure.o)
                              c:/program files (x86)/gnu tools arm embedded/4.9 2015q3/bin/../lib/gcc/arm-none-eabi/4.9.3/../../../../arm-none-eabi/lib/armv6-m\libc.a(lib_a-exit.o) (_global_impure_ptr)
c:/program files (x86)/gnu tools arm embedded/4.9 2015q3/bin/../lib/gcc/arm-none-eabi/4.9.3/../../../../arm-none-eabi/lib/armv6-m\libc.a(lib_a-init.o)
                              c:/program files (x86)/gnu tools arm embedded/4.9 2015q3/bin/../lib/gcc/arm-none-eabi/4.9.3/../../../../arm-none-eabi/lib/armv6-m/crt0.o (__libc_init_array)
c:/program files (x86)/gnu tools arm embedded/4.9 2015q3/bin/../lib/gcc/arm-none-eabi/4.9.3/../../../../arm-none-eabi/lib/armv6-m\libc.a(lib_a-memcpy.o)
                              ../stm32f072b-disco_hal_lib/Debug\libstm32f072b-disco_hal_lib.a(stm32f0xx_hal_rcc.o) (memcpy)
c:/program files (x86)/gnu tools arm embedded/4.9 2015q3/bin/../lib/gcc/arm-none-eabi/4.9.3/../../../../arm-none-eabi/lib/armv6-m\libc.a(lib_a-memset.o)
                              c:/program files (x86)/gnu tools arm embedded/4.9 2015q3/bin/../lib/gcc/arm-none-eabi/4.9.3/../../../../arm-none-eabi/lib/armv6-m/crt0.o (memset)
c:/program files (x86)/gnu tools arm embedded/4.9 2015q3/bin/../lib/gcc/arm-none-eabi/4.9.3/../../../../arm-none-eabi/lib/armv6-m\libc.a(lib_a-__call_atexit.o)
                              c:/program files (x86)/gnu tools arm embedded/4.9 2015q3/bin/../lib/gcc/arm-none-eabi/4.9.3/../../../../arm-none-eabi/lib/armv6-m\libc.a(lib_a-exit.o) (__call_exitprocs)
c:/program files (x86)/gnu tools arm embedded/4.9 2015q3/bin/../lib/gcc/arm-none-eabi/4.9.3/../../../../arm-none-eabi/lib/armv6-m\libc.a(lib_a-atexit.o)
                              c:/program files (x86)/gnu tools arm embedded/4.9 2015q3/bin/../lib/gcc/arm-none-eabi/4.9.3/../../../../arm-none-eabi/lib/armv6-m\libc.a(lib_a-__call_atexit.o) (atexit)
c:/program files (x86)/gnu tools arm embedded/4.9 2015q3/bin/../lib/gcc/arm-none-eabi/4.9.3/../../../../arm-none-eabi/lib/armv6-m\libc.a(lib_a-fini.o)
                              c:/program files (x86)/gnu tools arm embedded/4.9 2015q3/bin/../lib/gcc/arm-none-eabi/4.9.3/../../../../arm-none-eabi/lib/armv6-m\libc.a(lib_a-__call_atexit.o) (__libc_fini_array)
c:/program files (x86)/gnu tools arm embedded/4.9 2015q3/bin/../lib/gcc/arm-none-eabi/4.9.3/../../../../arm-none-eabi/lib/armv6-m\libc.a(lib_a-__atexit.o)
                              c:/program files (x86)/gnu tools arm embedded/4.9 2015q3/bin/../lib/gcc/arm-none-eabi/4.9.3/../../../../arm-none-eabi/lib/armv6-m\libc.a(lib_a-atexit.o) (__register_exitproc)
c:/program files (x86)/gnu tools arm embedded/4.9 2015q3/bin/../lib/gcc/arm-none-eabi/4.9.3/armv6-m\libgcc.a(_udivsi3.o)
                              C:\Users\Jerry\AppData\Local\Temp\ccR5GAAU.o (__aeabi_uidiv)
c:/program files (x86)/gnu tools arm embedded/4.9 2015q3/bin/../lib/gcc/arm-none-eabi/4.9.3/armv6-m\libgcc.a(_dvmd_tls.o)
                              c:/program files (x86)/gnu tools arm embedded/4.9 2015q3/bin/../lib/gcc/arm-none-eabi/4.9.3/armv6-m\libgcc.a(_udivsi3.o) (__aeabi_idiv0)

Allocating common symbols
Common symbol       size              file

received_number     0x4               C:\Users\Jerry\AppData\Local\Temp\ccR5GAAU.o
received_bytes      0x8               C:\Users\Jerry\AppData\Local\Temp\ccR5GAAU.o
wrongly_received_number
[...]
Memory Configuration

Name             Origin             Length             Attributes
FLASH            0x08000000         0x00020000         xr
RAM              0x20000000         0x00004000         xrw
*default*        0x00000000         0xffffffff

Linker script and memory map

LOAD c:/program files (x86)/gnu tools arm embedded/4.9 2015q3/bin/../lib/gcc/arm-none-eabi/4.9.3/armv6-m/crti.o
LOAD c:/program files (x86)/gnu tools arm embedded/4.9 2015q3/bin/../lib/gcc/arm-none-eabi/4.9.3/armv6-m/crtbegin.o
LOAD c:/program files (x86)/gnu tools arm embedded/4.9 2015q3/bin/../lib/gcc/arm-none-eabi/4.9.3/../../../../arm-none-eabi/lib/armv6-m/crt0.o
LOAD C:\Users\Jerry\AppData\Local\Temp\ccUYZMIQ.o
LOAD C:\Users\Jerry\AppData\Local\Temp\ccR5GAAU.o
LOAD C:\Users\Jerry\AppData\Local\Temp\cclhIFyY.o
LOAD C:\Users\Jerry\AppData\Local\Temp\cc1m5ilb.o
LOAD C:\Users\Jerry\AppData\Local\Temp\ccV7Ld0x.o
LOAD C:\Users\Jerry\AppData\Local\Temp\cc3BgUbX.o
LOAD ../stm32f072b-disco_hal_lib/Debug\libstm32f072b-disco_hal_lib.a
LOAD c:/program files (x86)/gnu tools arm embedded/4.9 2015q3/bin/../lib/gcc/arm-none-eabi/4.9.3/../../../../arm-none-eabi/lib/armv6-m\libstdc++.a
LOAD c:/program files (x86)/gnu tools arm embedded/4.9 2015q3/bin/../lib/gcc/arm-none-eabi/4.9.3/../../../../arm-none-eabi/lib/armv6-m\libsupc++.a
LOAD c:/program files (x86)/gnu tools arm embedded/4.9 2015q3/bin/../lib/gcc/arm-none-eabi/4.9.3/../../../../arm-none-eabi/lib/armv6-m\libm.a
LOAD c:/program files (x86)/gnu tools arm embedded/4.9 2015q3/bin/../lib/gcc/arm-none-eabi/4.9.3/../../../../arm-none-eabi/lib/armv6-m\libc.a
LOAD c:/program files (x86)/gnu tools arm embedded/4.9 2015q3/bin/../lib/gcc/arm-none-eabi/4.9.3/../../../../arm-none-eabi/lib/armv6-m\libg.a
LOAD c:/program files (x86)/gnu tools arm embedded/4.9 2015q3/bin/../lib/gcc/arm-none-eabi/4.9.3/../../../../arm-none-eabi/lib/armv6-m\libnosys.a
LOAD c:/program files (x86)/gnu tools arm embedded/4.9 2015q3/bin/../lib/gcc/arm-none-eabi/4.9.3/armv6-m\libgcc.a
START GROUP
LOAD c:/program files (x86)/gnu tools arm embedded/4.9 2015q3/bin/../lib/gcc/arm-none-eabi/4.9.3/armv6-m\libgcc.a
LOAD c:/program files (x86)/gnu tools arm embedded/4.9 2015q3/bin/../lib/gcc/arm-none-eabi/4.9.3/../../../../arm-none-eabi/lib/armv6-m\libg.a
LOAD c:/program files (x86)/gnu tools arm embedded/4.9 2015q3/bin/../lib/gcc/arm-none-eabi/4.9.3/../../../../arm-none-eabi/lib/armv6-m\libc.a
END GROUP
LOAD c:/program files (x86)/gnu tools arm embedded/4.9 2015q3/bin/../lib/gcc/arm-none-eabi/4.9.3/armv6-m/crtend.o
LOAD c:/program files (x86)/gnu tools arm embedded/4.9 2015q3/bin/../lib/gcc/arm-none-eabi/4.9.3/armv6-m/crtn.o
                0x20004000                _estack = 0x20004000
                0x00000000                _Min_Heap_Size = 0x0
                0x00000800                _Min_Stack_Size = 0x800

.isr_vector     0x08000000       0xc0
                0x08000000                . = ALIGN (0x4)
 *(.isr_vector)
 .isr_vector    0x08000000       0xc0 C:\Users\Jerry\AppData\Local\Temp\cc3BgUbX.o
                0x08000000                g_pfnVectors
                0x080000c0                . = ALIGN (0x4)

.text           0x080000c0     0x26fc
                0x080000c0                . = ALIGN (0x4)
 *(.text)
 .text          0x080000c0       0x60 c:/program files (x86)/gnu tools arm embedded/4.9 2015q3/bin/../lib/gcc/arm-none-eabi/4.9.3/armv6-m/crtbegin.o
 .text          0x08000120      0x120 c:/program files (x86)/gnu tools arm embedded/4.9 2015q3/bin/../lib/gcc/arm-none-eabi/4.9.3/armv6-m\libgcc.a(_udivsi3.o)
                0x08000120                __aeabi_uidiv
                0x08000120                __udivsi3
                0x0800022c                __aeabi_uidivmod
 .text          0x08000240        0x4 c:/program files (x86)/gnu tools arm embedded/4.9 2015q3/bin/../lib/gcc/arm-none-eabi/4.9.3/armv6-m\libgcc.a(_dvmd_tls.o)
                0x08000240                __aeabi_idiv0
                0x08000240                __aeabi_ldiv0
 *(.text*)
 .text.CEC_CAN_IRQHandler
                0x08000244       0x10 C:\Users\Jerry\AppData\Local\Temp\ccUYZMIQ.o
                0x08000244                CEC_CAN_IRQHandler
 .text.HAL_CAN_MspInit
                0x08000254       0x60 C:\Users\Jerry\AppData\Local\Temp\ccUYZMIQ.o
                0x08000254                HAL_CAN_MspInit
 .text.CANLIB_NetworkInit
                0x080002b4       0x6c C:\Users\Jerry\AppData\Local\Temp\ccUYZMIQ.o
                0x080002b4                CANLIB_NetworkInit
 .text.CANLIB_NodeInit
                0x08000320       0x14 C:\Users\Jerry\AppData\Local\Temp\ccUYZMIQ.o
                0x08000320                CANLIB_NodeInit
 .text.CANLIB_ChangeID
                0x08000334        0xc C:\Users\Jerry\AppData\Local\Temp\ccUYZMIQ.o
                0x08000334                CANLIB_ChangeID
 .text.CANLIB_AddFilter
                0x08000340       0x50 C:\Users\Jerry\AppData\Local\Temp\ccUYZMIQ.o
                0x08000340                CANLIB_AddFilter
 .text.CANLIB_Init
                0x08000390       0x1e C:\Users\Jerry\AppData\Local\Temp\ccUYZMIQ.o
                0x08000390                CANLIB_Init
 *fill*         0x080003ae        0x2 
 .text.CANLIB_ClearDataArray
                0x080003b0       0x1c C:\Users\Jerry\AppData\Local\Temp\ccUYZMIQ.o
                0x080003b0                CANLIB_ClearDataArray
 .text.CANLIB_Tx_SendData
                0x080003cc       0x14 C:\Users\Jerry\AppData\Local\Temp\ccUYZMIQ.o
                0x080003cc                CANLIB_Tx_SendData
 .text.CANLIB_Tx_SetDataWord
                0x080003e0       0x1c C:\Users\Jerry\AppData\Local\Temp\ccUYZMIQ.o
                0x080003e0                CANLIB_Tx_SetDataWord
 .text.CANLIB_Tx_SetBytes
                0x080003fc       0x20 C:\Users\Jerry\AppData\Local\Temp\ccUYZMIQ.o
                0x080003fc                CANLIB_Tx_SetBytes
 .text.CANLIB_Tx_SetUint
                0x0800041c       0x10 C:\Users\Jerry\AppData\Local\Temp\ccUYZMIQ.o
                0x0800041c                CANLIB_Tx_SetUint
 .text.CANLIB_Rx_Decode
                0x0800042c       0x30 C:\Users\Jerry\AppData\Local\Temp\ccUYZMIQ.o
                0x0800042c                CANLIB_Rx_Decode
 .text.HAL_CAN_RxCpltCallback
                0x0800045c       0x1c C:\Users\Jerry\AppData\Local\Temp\ccUYZMIQ.o
                0x0800045c                HAL_CAN_RxCpltCallback
 .text.CANLIB_Rx_GetSenderID
                0x08000478        0xc C:\Users\Jerry\AppData\Local\Temp\ccUYZMIQ.o
                0x08000478                CANLIB_Rx_GetSenderID
 .text.CANLIB_Rx_GetBytes
                0x08000484       0x1c C:\Users\Jerry\AppData\Local\Temp\ccUYZMIQ.o
                0x08000484                CANLIB_Rx_GetBytes
 .text.CANLIB_Rx_GetAsUint
                0x080004a0       0x14 C:\Users\Jerry\AppData\Local\Temp\ccUYZMIQ.o
                0x080004a0                CANLIB_Rx_GetAsUint
 .text.CANLIB_SendBytes
                0x080004b4       0x34 C:\Users\Jerry\AppData\Local\Temp\ccUYZMIQ.o
                0x080004b4                CANLIB_SendBytes
 .text.HAL_MspInit
                0x080004e8       0x20 C:\Users\Jerry\AppData\Local\Temp\ccR5GAAU.o
                0x080004e8                HAL_MspInit
 .text.setup_test
                0x08000508       0x80 C:\Users\Jerry\AppData\Local\Temp\ccR5GAAU.o
                0x08000508                setup_test
 .text.startup.main
                0x08000588      0x148 C:\Users\Jerry\AppData\Local\Temp\ccR5GAAU.o
                0x08000588                main
 .text.CANLIB_Rx_OnMessageReceived
                0x080006d0       0x3c C:\Users\Jerry\AppData\Local\Temp\ccR5GAAU.o
                0x080006d0                CANLIB_Rx_OnMessageReceived
 .text.SysTick_Handler
                0x0800070c        0xc C:\Users\Jerry\AppData\Local\Temp\cclhIFyY.o
                0x0800070c                SysTick_Handler
 .text.SystemInit
                0x08000718       0x60 C:\Users\Jerry\AppData\Local\Temp\ccV7Ld0x.o
                0x08000718                SystemInit
 .text.Reset_Handler
                0x08000778       0x50 C:\Users\Jerry\AppData\Local\Temp\cc3BgUbX.o
                0x08000778                Reset_Handler
 .text.Default_Handler
                0x080007c8        0x2 C:\Users\Jerry\AppData\Local\Temp\cc3BgUbX.o
                0x080007c8                TIM1_CC_IRQHandler
                0x080007c8                TSC_IRQHandler
                0x080007c8                HardFault_Handler
                0x080007c8                ADC1_COMP_IRQHandler
                0x080007c8                PendSV_Handler
                0x080007c8                NMI_Handler
                0x080007c8                I2C1_IRQHandler
                0x080007c8                RCC_CRS_IRQHandler
                0x080007c8                SPI1_IRQHandler
                0x080007c8                TIM6_DAC_IRQHandler
                0x080007c8                USART3_4_IRQHandler
                0x080007c8                EXTI2_3_IRQHandler
                0x080007c8                I2C2_IRQHandler
                0x080007c8                TIM17_IRQHandler
                0x080007c8                RTC_IRQHandler
                0x080007c8                PVD_VDDIO2_IRQHandler
                0x080007c8                DMA1_Channel4_5_6_7_IRQHandler
                0x080007c8                TIM16_IRQHandler
                0x080007c8                TIM3_IRQHandler
                0x080007c8                EXTI4_15_IRQHandler
                0x080007c8                DMA1_Channel1_IRQHandler
                0x080007c8                Default_Handler
                0x080007c8                TIM14_IRQHandler
                0x080007c8                TIM7_IRQHandler
                0x080007c8                TIM15_IRQHandler
                0x080007c8                EXTI0_1_IRQHandler
                0x080007c8                USB_IRQHandler
                0x080007c8                SPI2_IRQHandler
                0x080007c8                SVC_Handler
                0x080007c8                WWDG_IRQHandler
                0x080007c8                TIM2_IRQHandler
                0x080007c8                DMA1_Channel2_3_IRQHandler
                0x080007c8                USART2_IRQHandler
                0x080007c8                FLASH_IRQHandler
                0x080007c8                USART1_IRQHandler
                0x080007c8                TIM1_BRK_UP_TRG_COM_IRQHandler
 *fill*         0x080007ca        0x2 
 .text.HAL_Init
                0x080007cc       0x28 ../stm32f072b-disco_hal_lib/Debug\libstm32f072b-disco_hal_lib.a(stm32f0xx_hal.o)
                0x080007cc                HAL_Init
 .text.HAL_InitTick
                0x080007f4       0x38 ../stm32f072b-disco_hal_lib/Debug\libstm32f072b-disco_hal_lib.a(stm32f0xx_hal.o)
                0x080007f4                HAL_InitTick
 .text.HAL_IncTick
                0x0800082c       0x18 ../stm32f072b-disco_hal_lib/Debug\libstm32f072b-disco_hal_lib.a(stm32f0xx_hal.o)
                0x0800082c                HAL_IncTick
 .text.HAL_GetTick
                0x08000844       0x14 ../stm32f072b-disco_hal_lib/Debug\libstm32f072b-disco_hal_lib.a(stm32f0xx_hal.o)
                0x08000844                HAL_GetTick
 .text.HAL_Delay
                0x08000858       0x30 ../stm32f072b-disco_hal_lib/Debug\libstm32f072b-disco_hal_lib.a(stm32f0xx_hal.o)
                0x08000858                HAL_Delay
 .text.HAL_CAN_Init
                0x08000888      0x248 ../stm32f072b-disco_hal_lib/Debug\libstm32f072b-disco_hal_lib.a(stm32f0xx_hal_can.o)
                0x08000888                HAL_CAN_Init
 .text.HAL_CAN_ConfigFilter
                0x08000ad0      0x210 ../stm32f072b-disco_hal_lib/Debug\libstm32f072b-disco_hal_lib.a(stm32f0xx_hal_can.o)
                0x08000ad0                HAL_CAN_ConfigFilter
 .text.HAL_CAN_Transmit_IT
                0x08000ce0      0x290 ../stm32f072b-disco_hal_lib/Debug\libstm32f072b-disco_hal_lib.a(stm32f0xx_hal_can.o)
                0x08000ce0                HAL_CAN_Transmit_IT
 .text.HAL_CAN_Receive_IT
                0x08000f70       0xfc ../stm32f072b-disco_hal_lib/Debug\libstm32f072b-disco_hal_lib.a(stm32f0xx_hal_can.o)
                0x08000f70                HAL_CAN_Receive_IT
 .text.HAL_CAN_IRQHandler
                0x0800106c      0x224 ../stm32f072b-disco_hal_lib/Debug\libstm32f072b-disco_hal_lib.a(stm32f0xx_hal_can.o)
                0x0800106c                HAL_CAN_IRQHandler
 .text.HAL_CAN_TxCpltCallback
                0x08001290       0x10 ../stm32f072b-disco_hal_lib/Debug\libstm32f072b-disco_hal_lib.a(stm32f0xx_hal_can.o)
                0x08001290                HAL_CAN_TxCpltCallback
 .text.HAL_CAN_ErrorCallback
                0x080012a0       0x10 ../stm32f072b-disco_hal_lib/Debug\libstm32f072b-disco_hal_lib.a(stm32f0xx_hal_can.o)
                0x080012a0                HAL_CAN_ErrorCallback
 .text.CAN_Transmit_IT
                0x080012b0       0xb8 ../stm32f072b-disco_hal_lib/Debug\libstm32f072b-disco_hal_lib.a(stm32f0xx_hal_can.o)
 .text.CAN_Receive_IT
                0x08001368      0x288 ../stm32f072b-disco_hal_lib/Debug\libstm32f072b-disco_hal_lib.a(stm32f0xx_hal_can.o)
 .text.NVIC_EnableIRQ
                0x080015f0       0x2c ../stm32f072b-disco_hal_lib/Debug\libstm32f072b-disco_hal_lib.a(stm32f0xx_hal_cortex.o)
 .text.NVIC_SetPriority
                0x0800161c       0xdc ../stm32f072b-disco_hal_lib/Debug\libstm32f072b-disco_hal_lib.a(stm32f0xx_hal_cortex.o)
 .text.SysTick_Config
                0x080016f8       0x48 ../stm32f072b-disco_hal_lib/Debug\libstm32f072b-disco_hal_lib.a(stm32f0xx_hal_cortex.o)
 .text.HAL_NVIC_SetPriority
                0x08001740       0x2c ../stm32f072b-disco_hal_lib/Debug\libstm32f072b-disco_hal_lib.a(stm32f0xx_hal_cortex.o)
                0x08001740                HAL_NVIC_SetPriority
 .text.HAL_NVIC_EnableIRQ
                0x0800176c       0x20 ../stm32f072b-disco_hal_lib/Debug\libstm32f072b-disco_hal_lib.a(stm32f0xx_hal_cortex.o)
                0x0800176c                HAL_NVIC_EnableIRQ
 .text.HAL_SYSTICK_Config
                0x0800178c       0x1c ../stm32f072b-disco_hal_lib/Debug\libstm32f072b-disco_hal_lib.a(stm32f0xx_hal_cortex.o)
                0x0800178c                HAL_SYSTICK_Config
 .text.HAL_SYSTICK_IRQHandler
                0x080017a8       0x10 ../stm32f072b-disco_hal_lib/Debug\libstm32f072b-disco_hal_lib.a(stm32f0xx_hal_cortex.o)
                0x080017a8                HAL_SYSTICK_IRQHandler
 .text.HAL_SYSTICK_Callback
                0x080017b8        0xc ../stm32f072b-disco_hal_lib/Debug\libstm32f072b-disco_hal_lib.a(stm32f0xx_hal_cortex.o)
                0x080017b8                HAL_SYSTICK_Callback
 .text.HAL_GPIO_Init
                0x080017c4      0x2f8 ../stm32f072b-disco_hal_lib/Debug\libstm32f072b-disco_hal_lib.a(stm32f0xx_hal_gpio.o)
                0x080017c4                HAL_GPIO_Init
 .text.HAL_GPIO_WritePin
                0x08001abc       0x3c ../stm32f072b-disco_hal_lib/Debug\libstm32f072b-disco_hal_lib.a(stm32f0xx_hal_gpio.o)
                0x08001abc                HAL_GPIO_WritePin
 .text.HAL_RCC_OscConfig
                0x08001af8      0x704 ../stm32f072b-disco_hal_lib/Debug\libstm32f072b-disco_hal_lib.a(stm32f0xx_hal_rcc.o)
                0x08001af8                HAL_RCC_OscConfig
 .text.HAL_RCC_ClockConfig
                0x080021fc      0x1ec ../stm32f072b-disco_hal_lib/Debug\libstm32f072b-disco_hal_lib.a(stm32f0xx_hal_rcc.o)
                0x080021fc                HAL_RCC_ClockConfig
 .text.HAL_RCC_GetSysClockFreq
                0x080023e8      0x104 ../stm32f072b-disco_hal_lib/Debug\libstm32f072b-disco_hal_lib.a(stm32f0xx_hal_rcc.o)
                0x080023e8                HAL_RCC_GetSysClockFreq
 .text.HAL_RCC_GetHCLKFreq
                0x080024ec       0x38 ../stm32f072b-disco_hal_lib/Debug\libstm32f072b-disco_hal_lib.a(stm32f0xx_hal_rcc.o)
                0x080024ec                HAL_RCC_GetHCLKFreq
 .text.__libc_init_array
                0x08002524       0x48 c:/program files (x86)/gnu tools arm embedded/4.9 2015q3/bin/../lib/gcc/arm-none-eabi/4.9.3/../../../../arm-none-eabi/lib/armv6-m\libc.a(lib_a-init.o)
                0x08002524                __libc_init_array
 .text.memcpy   0x0800256c       0x7c c:/program files (x86)/gnu tools arm embedded/4.9 2015q3/bin/../lib/gcc/arm-none-eabi/4.9.3/../../../../arm-none-eabi/lib/armv6-m\libc.a(lib_a-memcpy.o)
                0x0800256c                memcpy
 .text.memset   0x080025e8       0x8c c:/program files (x86)/gnu tools arm embedded/4.9 2015q3/bin/../lib/gcc/arm-none-eabi/4.9.3/../../../../arm-none-eabi/lib/armv6-m\libc.a(lib_a-memset.o)
                0x080025e8                memset
 .text.startup.register_fini
                0x08002674       0x18 c:/program files (x86)/gnu tools arm embedded/4.9 2015q3/bin/../lib/gcc/arm-none-eabi/4.9.3/../../../../arm-none-eabi/lib/armv6-m\libc.a(lib_a-__call_atexit.o)
 .text.atexit   0x0800268c       0x10 c:/program files (x86)/gnu tools arm embedded/4.9 2015q3/bin/../lib/gcc/arm-none-eabi/4.9.3/../../../../arm-none-eabi/lib/armv6-m\libc.a(lib_a-atexit.o)
                0x0800268c                atexit
 .text.__libc_fini_array
                0x0800269c       0x34 c:/program files (x86)/gnu tools arm embedded/4.9 2015q3/bin/../lib/gcc/arm-none-eabi/4.9.3/../../../../arm-none-eabi/lib/armv6-m\libc.a(lib_a-fini.o)
                0x0800269c                __libc_fini_array
 .text.__register_exitproc
                0x080026d0       0xd4 c:/program files (x86)/gnu tools arm embedded/4.9 2015q3/bin/../lib/gcc/arm-none-eabi/4.9.3/../../../../arm-none-eabi/lib/armv6-m\libc.a(lib_a-__atexit.o)
                0x080026d0                __register_exitproc
 *(.glue_7)
 .glue_7        0x00000000        0x0 linker stubs
 *(.glue_7t)
 .glue_7t       0x00000000        0x0 linker stubs
 *(.eh_frame)
 .eh_frame      0x080027a4        0x0 c:/program files (x86)/gnu tools arm embedded/4.9 2015q3/bin/../lib/gcc/arm-none-eabi/4.9.3/armv6-m/crtbegin.o
 *(.init)
 .init          0x080027a4        0x4 c:/program files (x86)/gnu tools arm embedded/4.9 2015q3/bin/../lib/gcc/arm-none-eabi/4.9.3/armv6-m/crti.o
                0x080027a4                _init
 .init          0x080027a8        0x8 c:/program files (x86)/gnu tools arm embedded/4.9 2015q3/bin/../lib/gcc/arm-none-eabi/4.9.3/armv6-m/crtn.o
 *(.fini)
 .fini          0x080027b0        0x4 c:/program files (x86)/gnu tools arm embedded/4.9 2015q3/bin/../lib/gcc/arm-none-eabi/4.9.3/armv6-m/crti.o
                0x080027b0                _fini
 .fini          0x080027b4        0x8 c:/program files (x86)/gnu tools arm embedded/4.9 2015q3/bin/../lib/gcc/arm-none-eabi/4.9.3/armv6-m/crtn.o
                0x080027bc                . = ALIGN (0x4)
                0x080027bc                _etext = .

.vfp11_veneer   0x080027bc        0x0
 .vfp11_veneer  0x00000000        0x0 linker stubs

.v4_bx          0x080027bc        0x0
 .v4_bx         0x00000000        0x0 linker stubs

.iplt           0x080027bc        0x0
 .iplt          0x00000000        0x0 c:/program files (x86)/gnu tools arm embedded/4.9 2015q3/bin/../lib/gcc/arm-none-eabi/4.9.3/armv6-m/crtbegin.o

.rodata         0x080027bc       0x38
                0x080027bc                . = ALIGN (0x4)
 *(.rodata)
 .rodata        0x080027bc       0x30 ../stm32f072b-disco_hal_lib/Debug\libstm32f072b-disco_hal_lib.a(stm32f0xx_hal_rcc.o)
                0x080027bc                aAPBAHBPrescTable
 *(.rodata*)
 .rodata.str1.4
                0x080027ec        0x4 c:/program files (x86)/gnu tools arm embedded/4.9 2015q3/bin/../lib/gcc/arm-none-eabi/4.9.3/../../../../arm-none-eabi/lib/armv6-m\libc.a(lib_a-impure.o)
                                  0x2 (size before relaxing)
 .rodata._global_impure_ptr
                0x080027f0        0x4 c:/program files (x86)/gnu tools arm embedded/4.9 2015q3/bin/../lib/gcc/arm-none-eabi/4.9.3/../../../../arm-none-eabi/lib/armv6-m\libc.a(lib_a-impure.o)
                0x080027f0                _global_impure_ptr
                0x080027f4                . = ALIGN (0x4)

.rel.dyn        0x080027f4        0x0
 .rel.iplt      0x00000000        0x0 c:/program files (x86)/gnu tools arm embedded/4.9 2015q3/bin/../lib/gcc/arm-none-eabi/4.9.3/armv6-m/crtbegin.o

.ARM.extab
 *(.ARM.extab* .gnu.linkonce.armextab.*)

.ARM            0x080027f4        0x0
                0x080027f4                __exidx_start = .
 *(.ARM.exidx*)
                0x080027f4                __exidx_end = .

.preinit_array  0x080027f4        0x0
                0x080027f4                PROVIDE (__preinit_array_start, .)
 *(.preinit_array*)
                0x080027f4                PROVIDE (__preinit_array_end, .)

.init_array     0x080027f4        0x8
                0x080027f4                PROVIDE (__init_array_start, .)
 *(SORT(.init_array.*))
 .init_array.00000
                0x080027f4        0x4 c:/program files (x86)/gnu tools arm embedded/4.9 2015q3/bin/../lib/gcc/arm-none-eabi/4.9.3/../../../../arm-none-eabi/lib/armv6-m\libc.a(lib_a-__call_atexit.o)
 *(.init_array*)
 .init_array    0x080027f8        0x4 c:/program files (x86)/gnu tools arm embedded/4.9 2015q3/bin/../lib/gcc/arm-none-eabi/4.9.3/armv6-m/crtbegin.o
                0x080027fc                PROVIDE (__init_array_end, .)

.fini_array     0x080027fc        0x4
                0x080027fc                PROVIDE (__fini_array_start, .)
 *(SORT(.fini_array.*))
 *(.fini_array*)
 .fini_array    0x080027fc        0x4 c:/program files (x86)/gnu tools arm embedded/4.9 2015q3/bin/../lib/gcc/arm-none-eabi/4.9.3/armv6-m/crtbegin.o
                0x08002800                PROVIDE (__fini_array_end, .)
                0x08002800                _sidata = LOADADDR (.data)

.data           0x20000000      0x438 load address 0x08002800
                0x20000000                . = ALIGN (0x4)
                0x20000000                _sdata = .
 *(.data)
 *(.data*)
 .data.array    0x20000000        0x8 C:\Users\Jerry\AppData\Local\Temp\ccR5GAAU.o
                0x20000000                array
 .data.number1  0x20000008        0x4 C:\Users\Jerry\AppData\Local\Temp\ccR5GAAU.o
                0x20000008                number1
 .data.SystemCoreClock
                0x2000000c        0x4 C:\Users\Jerry\AppData\Local\Temp\ccV7Ld0x.o
                0x2000000c                SystemCoreClock
 .data.impure_data
                0x20000010      0x428 c:/program files (x86)/gnu tools arm embedded/4.9 2015q3/bin/../lib/gcc/arm-none-eabi/4.9.3/../../../../arm-none-eabi/lib/armv6-m\libc.a(lib_a-impure.o)
                0x20000438                . = ALIGN (0x4)
                0x20000438                _edata = .

.jcr            0x20000438        0x0 load address 0x08002c38
 .jcr           0x20000438        0x0 c:/program files (x86)/gnu tools arm embedded/4.9 2015q3/bin/../lib/gcc/arm-none-eabi/4.9.3/armv6-m/crtbegin.o

.igot.plt       0x20000438        0x0 load address 0x08002c38
 .igot.plt      0x00000000        0x0 c:/program files (x86)/gnu tools arm embedded/4.9 2015q3/bin/../lib/gcc/arm-none-eabi/4.9.3/armv6-m/crtbegin.o
                0x20000438                . = ALIGN (0x4)

.bss            0x20000438      0x104 load address 0x08002c38
                0x20000438                _sbss = .
                0x20000438                __bss_start__ = _sbss
 *(.bss)
 .bss           0x20000438       0x1c c:/program files (x86)/gnu tools arm embedded/4.9 2015q3/bin/../lib/gcc/arm-none-eabi/4.9.3/armv6-m/crtbegin.o
 .bss           0x20000454        0x4 ../stm32f072b-disco_hal_lib/Debug\libstm32f072b-disco_hal_lib.a(stm32f0xx_hal.o)
 *(.bss*)
 .bss.filterCount
                0x20000458        0x1 C:\Users\Jerry\AppData\Local\Temp\ccUYZMIQ.o
                0x20000458                filterCount
 *fill*         0x20000459        0x3 
 .bss.sFilterConfig.8721
                0x2000045c       0x28 C:\Users\Jerry\AppData\Local\Temp\ccUYZMIQ.o
 *(COMMON)
 *fill*         0x20000484        0x4 
 COMMON         0x20000488       0xa4 C:\Users\Jerry\AppData\Local\Temp\ccUYZMIQ.o
                0x20000488                GPIO_InitStruct
                0x2000049c                TxMessage
                0x200004b8                received_message
                0x200004c8                CAN_HandleStruct
                0x20000508                RxMessage
 COMMON         0x2000052c       0x10 C:\Users\Jerry\AppData\Local\Temp\ccR5GAAU.o
                0x2000052c                received_number
                0x20000530                received_bytes
                0x20000538                wrongly_received_number
                0x2000053c                . = ALIGN (0x4)
                0x2000053c                _ebss = .
                0x2000053c                __bss_end__ = _ebss

._user_heap_stack
                0x2000053c      0x804 load address 0x08002c38
                0x20000540                . = ALIGN (0x8)
 *fill*         0x2000053c        0x4 
                0x20000540                PROVIDE (end, .)
                0x20000540                PROVIDE (_end, .)
                0x20000540                . = (. + _Min_Heap_Size)
                0x20000d40                . = (. + _Min_Stack_Size)
 *fill*         0x20000540      0x800 
                0x20000d40                . = ALIGN (0x8)

/DISCARD/
 libc.a(*)
 libm.a(*)
 libgcc.a(*)

.ARM.attributes
                0x00000000       0x28
 *(.ARM.attributes)
 .ARM.attributes
                0x00000000       0x1e c:/program files (x86)/gnu tools arm embedded/4.9 2015q3/bin/../lib/gcc/arm-none-eabi/4.9.3/armv6-m/crti.o
 .ARM.attributes
                0x0000001e       0x2c c:/program files (x86)/gnu tools arm embedded/4.9 2015q3/bin/../lib/gcc/arm-none-eabi/4.9.3/armv6-m/crtbegin.o
 .ARM.attributes
                0x0000004a       0x31 C:\Users\Jerry\AppData\Local\Temp\ccUYZMIQ.o
 .ARM.attributes
                0x0000007b       0x31 C:\Users\Jerry\AppData\Local\Temp\ccR5GAAU.o
 .ARM.attributes
                0x000000ac       0x31 C:\Users\Jerry\AppData\Local\Temp\cclhIFyY.o
 .ARM.attributes
                0x000000dd       0x31 C:\Users\Jerry\AppData\Local\Temp\ccV7Ld0x.o
 .ARM.attributes
                0x0000010e       0x21 C:\Users\Jerry\AppData\Local\Temp\cc3BgUbX.o
 .ARM.attributes
                0x0000012f       0x31 ../stm32f072b-disco_hal_lib/Debug\libstm32f072b-disco_hal_lib.a(stm32f0xx_hal.o)
 .ARM.attributes
                0x00000160       0x31 ../stm32f072b-disco_hal_lib/Debug\libstm32f072b-disco_hal_lib.a(stm32f0xx_hal_can.o)
 .ARM.attributes
                0x00000191       0x31 ../stm32f072b-disco_hal_lib/Debug\libstm32f072b-disco_hal_lib.a(stm32f0xx_hal_cortex.o)
 .ARM.attributes
                0x000001c2       0x31 ../stm32f072b-disco_hal_lib/Debug\libstm32f072b-disco_hal_lib.a(stm32f0xx_hal_gpio.o)
 .ARM.attributes
                0x000001f3       0x31 ../stm32f072b-disco_hal_lib/Debug\libstm32f072b-disco_hal_lib.a(stm32f0xx_hal_rcc.o)
 .ARM.attributes
                0x00000224       0x2c c:/program files (x86)/gnu tools arm embedded/4.9 2015q3/bin/../lib/gcc/arm-none-eabi/4.9.3/../../../../arm-none-eabi/lib/armv6-m\libc.a(lib_a-impure.o)
 .ARM.attributes
                0x00000250       0x2c c:/program files (x86)/gnu tools arm embedded/4.9 2015q3/bin/../lib/gcc/arm-none-eabi/4.9.3/../../../../arm-none-eabi/lib/armv6-m\libc.a(lib_a-init.o)
 .ARM.attributes
                0x0000027c       0x2c c:/program files (x86)/gnu tools arm embedded/4.9 2015q3/bin/../lib/gcc/arm-none-eabi/4.9.3/../../../../arm-none-eabi/lib/armv6-m\libc.a(lib_a-memcpy.o)
 .ARM.attributes
                0x000002a8       0x2c c:/program files (x86)/gnu tools arm embedded/4.9 2015q3/bin/../lib/gcc/arm-none-eabi/4.9.3/../../../../arm-none-eabi/lib/armv6-m\libc.a(lib_a-memset.o)
 .ARM.attributes
                0x000002d4       0x2c c:/program files (x86)/gnu tools arm embedded/4.9 2015q3/bin/../lib/gcc/arm-none-eabi/4.9.3/../../../../arm-none-eabi/lib/armv6-m\libc.a(lib_a-__call_atexit.o)
 .ARM.attributes
                0x00000300       0x2c c:/program files (x86)/gnu tools arm embedded/4.9 2015q3/bin/../lib/gcc/arm-none-eabi/4.9.3/../../../../arm-none-eabi/lib/armv6-m\libc.a(lib_a-atexit.o)
 .ARM.attributes
                0x0000032c       0x2c c:/program files (x86)/gnu tools arm embedded/4.9 2015q3/bin/../lib/gcc/arm-none-eabi/4.9.3/../../../../arm-none-eabi/lib/armv6-m\libc.a(lib_a-fini.o)
 .ARM.attributes
                0x00000358       0x2c c:/program files (x86)/gnu tools arm embedded/4.9 2015q3/bin/../lib/gcc/arm-none-eabi/4.9.3/../../../../arm-none-eabi/lib/armv6-m\libc.a(lib_a-__atexit.o)
 .ARM.attributes
                0x00000384       0x1e c:/program files (x86)/gnu tools arm embedded/4.9 2015q3/bin/../lib/gcc/arm-none-eabi/4.9.3/armv6-m\libgcc.a(_udivsi3.o)
 .ARM.attributes
                0x000003a2       0x1e c:/program files (x86)/gnu tools arm embedded/4.9 2015q3/bin/../lib/gcc/arm-none-eabi/4.9.3/armv6-m\libgcc.a(_dvmd_tls.o)
 .ARM.attributes
                0x000003c0       0x1e c:/program files (x86)/gnu tools arm embedded/4.9 2015q3/bin/../lib/gcc/arm-none-eabi/4.9.3/armv6-m/crtn.o
OUTPUT(../CANLIB_DEV/build/can_driver.elf elf32-littlearm)

.debug_info     0x00000000     0x4677
 .debug_info    0x00000000     0x1417 C:\Users\Jerry\AppData\Local\Temp\ccUYZMIQ.o
 .debug_info    0x00001417      0xb45 C:\Users\Jerry\AppData\Local\Temp\ccR5GAAU.o
 .debug_info    0x00001f5c       0xb1 C:\Users\Jerry\AppData\Local\Temp\cclhIFyY.o
 .debug_info    0x0000200d      0x23b C:\Users\Jerry\AppData\Local\Temp\ccV7Ld0x.o
 .debug_info    0x00002248       0xa1 C:\Users\Jerry\AppData\Local\Temp\cc3BgUbX.o
 .debug_info    0x000022e9      0x536 ../stm32f072b-disco_hal_lib/Debug\libstm32f072b-disco_hal_lib.a(stm32f0xx_hal.o)
 .debug_info    0x0000281f      0xa30 ../stm32f072b-disco_hal_lib/Debug\libstm32f072b-disco_hal_lib.a(stm32f0xx_hal_can.o)
 .debug_info    0x0000324f      0x6df ../stm32f072b-disco_hal_lib/Debug\libstm32f072b-disco_hal_lib.a(stm32f0xx_hal_cortex.o)
 .debug_info    0x0000392e      0x5e1 ../stm32f072b-disco_hal_lib/Debug\libstm32f072b-disco_hal_lib.a(stm32f0xx_hal_gpio.o)
 .debug_info    0x00003f0f      0x768 ../stm32f072b-disco_hal_lib/Debug\libstm32f072b-disco_hal_lib.a(stm32f0xx_hal_rcc.o)

.debug_abbrev   0x00000000      0xffc
 .debug_abbrev  0x00000000      0x33c C:\Users\Jerry\AppData\Local\Temp\ccUYZMIQ.o
 .debug_abbrev  0x0000033c      0x241 C:\Users\Jerry\AppData\Local\Temp\ccR5GAAU.o
 .debug_abbrev  0x0000057d       0x71 C:\Users\Jerry\AppData\Local\Temp\cclhIFyY.o
 .debug_abbrev  0x000005ee       0xf0 C:\Users\Jerry\AppData\Local\Temp\ccV7Ld0x.o
 .debug_abbrev  0x000006de       0x12 C:\Users\Jerry\AppData\Local\Temp\cc3BgUbX.o
 .debug_abbrev  0x000006f0      0x177 ../stm32f072b-disco_hal_lib/Debug\libstm32f072b-disco_hal_lib.a(stm32f0xx_hal.o)
 .debug_abbrev  0x00000867      0x1c9 ../stm32f072b-disco_hal_lib/Debug\libstm32f072b-disco_hal_lib.a(stm32f0xx_hal_can.o)
 .debug_abbrev  0x00000a30      0x234 ../stm32f072b-disco_hal_lib/Debug\libstm32f072b-disco_hal_lib.a(stm32f0xx_hal_cortex.o)
 .debug_abbrev  0x00000c64      0x1b6 ../stm32f072b-disco_hal_lib/Debug\libstm32f072b-disco_hal_lib.a(stm32f0xx_hal_gpio.o)
 .debug_abbrev  0x00000e1a      0x1e2 ../stm32f072b-disco_hal_lib/Debug\libstm32f072b-disco_hal_lib.a(stm32f0xx_hal_rcc.o)

.debug_loc      0x00000000      0x6a1
 .debug_loc     0x00000000      0x594 C:\Users\Jerry\AppData\Local\Temp\ccUYZMIQ.o
 .debug_loc     0x00000594       0x2b C:\Users\Jerry\AppData\Local\Temp\ccR5GAAU.o
 .debug_loc     0x000005bf       0xe2 C:\Users\Jerry\AppData\Local\Temp\ccV7Ld0x.o

.debug_aranges  0x00000000      0x4c0
 .debug_aranges
                0x00000000      0x130 C:\Users\Jerry\AppData\Local\Temp\ccUYZMIQ.o
 .debug_aranges
                0x00000130       0x38 C:\Users\Jerry\AppData\Local\Temp\ccR5GAAU.o
 .debug_aranges
                0x00000168       0x20 C:\Users\Jerry\AppData\Local\Temp\cclhIFyY.o
 .debug_aranges
                0x00000188       0x28 C:\Users\Jerry\AppData\Local\Temp\ccV7Ld0x.o
 .debug_aranges
                0x000001b0       0x28 C:\Users\Jerry\AppData\Local\Temp\cc3BgUbX.o
 .debug_aranges
                0x000001d8       0xa0 ../stm32f072b-disco_hal_lib/Debug\libstm32f072b-disco_hal_lib.a(stm32f0xx_hal.o)
 .debug_aranges
                0x00000278       0xb0 ../stm32f072b-disco_hal_lib/Debug\libstm32f072b-disco_hal_lib.a(stm32f0xx_hal_can.o)
 .debug_aranges
                0x00000328       0xc0 ../stm32f072b-disco_hal_lib/Debug\libstm32f072b-disco_hal_lib.a(stm32f0xx_hal_cortex.o)
 .debug_aranges
                0x000003e8       0x58 ../stm32f072b-disco_hal_lib/Debug\libstm32f072b-disco_hal_lib.a(stm32f0xx_hal_gpio.o)
 .debug_aranges
                0x00000440       0x80 ../stm32f072b-disco_hal_lib/Debug\libstm32f072b-disco_hal_lib.a(stm32f0xx_hal_rcc.o)

.debug_ranges   0x00000000      0x4b0
 .debug_ranges  0x00000000      0x170 C:\Users\Jerry\AppData\Local\Temp\ccUYZMIQ.o
 .debug_ranges  0x00000170       0x60 C:\Users\Jerry\AppData\Local\Temp\ccR5GAAU.o
 .debug_ranges  0x000001d0       0x10 C:\Users\Jerry\AppData\Local\Temp\cclhIFyY.o
 .debug_ranges  0x000001e0       0x18 C:\Users\Jerry\AppData\Local\Temp\ccV7Ld0x.o
 .debug_ranges  0x000001f8       0x20 C:\Users\Jerry\AppData\Local\Temp\cc3BgUbX.o
 .debug_ranges  0x00000218       0x90 ../stm32f072b-disco_hal_lib/Debug\libstm32f072b-disco_hal_lib.a(stm32f0xx_hal.o)
 .debug_ranges  0x000002a8       0xa0 ../stm32f072b-disco_hal_lib/Debug\libstm32f072b-disco_hal_lib.a(stm32f0xx_hal_can.o)
 .debug_ranges  0x00000348       0xb0 ../stm32f072b-disco_hal_lib/Debug\libstm32f072b-disco_hal_lib.a(stm32f0xx_hal_cortex.o)
 .debug_ranges  0x000003f8       0x48 ../stm32f072b-disco_hal_lib/Debug\libstm32f072b-disco_hal_lib.a(stm32f0xx_hal_gpio.o)
 .debug_ranges  0x00000440       0x70 ../stm32f072b-disco_hal_lib/Debug\libstm32f072b-disco_hal_lib.a(stm32f0xx_hal_rcc.o)

.debug_line     0x00000000     0x47e1
 .debug_line    0x00000000      0x577 C:\Users\Jerry\AppData\Local\Temp\ccUYZMIQ.o
 .debug_line    0x00000577      0x29a C:\Users\Jerry\AppData\Local\Temp\ccR5GAAU.o
 .debug_line    0x00000811       0xac C:\Users\Jerry\AppData\Local\Temp\cclhIFyY.o
 .debug_line    0x000008bd      0x19e C:\Users\Jerry\AppData\Local\Temp\ccV7Ld0x.o
 .debug_line    0x00000a5b       0x9c C:\Users\Jerry\AppData\Local\Temp\cc3BgUbX.o
 .debug_line    0x00000af7      0xb29 ../stm32f072b-disco_hal_lib/Debug\libstm32f072b-disco_hal_lib.a(stm32f0xx_hal.o)
 .debug_line    0x00001620      0xdfe ../stm32f072b-disco_hal_lib/Debug\libstm32f072b-disco_hal_lib.a(stm32f0xx_hal_can.o)
 .debug_line    0x0000241e      0xbb3 ../stm32f072b-disco_hal_lib/Debug\libstm32f072b-disco_hal_lib.a(stm32f0xx_hal_cortex.o)
 .debug_line    0x00002fd1      0xb7b ../stm32f072b-disco_hal_lib/Debug\libstm32f072b-disco_hal_lib.a(stm32f0xx_hal_gpio.o)
 .debug_line    0x00003b4c      0xc95 ../stm32f072b-disco_hal_lib/Debug\libstm32f072b-disco_hal_lib.a(stm32f0xx_hal_rcc.o)

.debug_str      0x00000000    0x83a5b
 .debug_str     0x00000000      0xc35 C:\Users\Jerry\AppData\Local\Temp\ccUYZMIQ.o
                                0xdeb (size before relaxing)
 .debug_str     0x00000c35      0x21d C:\Users\Jerry\AppData\Local\Temp\ccR5GAAU.o
                                0x7d7 (size before relaxing)
 .debug_str     0x00000e52       0x54 C:\Users\Jerry\AppData\Local\Temp\cclhIFyY.o
                                0x1df (size before relaxing)
 .debug_str     0x00000ea6       0x83 C:\Users\Jerry\AppData\Local\Temp\ccV7Ld0x.o
                                0x295 (size before relaxing)
 .debug_str     0x00000f29    0x824bd ../stm32f072b-disco_hal_lib/Debug\libstm32f072b-disco_hal_lib.a(stm32f0xx_hal.o)
                              0x82a7c (size before relaxing)
 .debug_str     0x000833e6      0x111 ../stm32f072b-disco_hal_lib/Debug\libstm32f072b-disco_hal_lib.a(stm32f0xx_hal_can.o)
                              0x82a4e (size before relaxing)
 .debug_str     0x000834f7      0x15a ../stm32f072b-disco_hal_lib/Debug\libstm32f072b-disco_hal_lib.a(stm32f0xx_hal_cortex.o)
                              0x8298c (size before relaxing)
 .debug_str     0x00083651      0x21b ../stm32f072b-disco_hal_lib/Debug\libstm32f072b-disco_hal_lib.a(stm32f0xx_hal_gpio.o)
                              0x82864 (size before relaxing)
 .debug_str     0x0008386c      0x1ef ../stm32f072b-disco_hal_lib/Debug\libstm32f072b-disco_hal_lib.a(stm32f0xx_hal_rcc.o)
                              0x8297f (size before relaxing)

.comment        0x00000000       0xde
 .comment       0x00000000       0x70 C:\Users\Jerry\AppData\Local\Temp\ccUYZMIQ.o
                                 0x71 (size before relaxing)
 .comment       0x00000000       0x71 C:\Users\Jerry\AppData\Local\Temp\ccR5GAAU.o
 .comment       0x00000000       0x71 C:\Users\Jerry\AppData\Local\Temp\cclhIFyY.o
 .comment       0x00000000       0x71 C:\Users\Jerry\AppData\Local\Temp\ccV7Ld0x.o
 .comment       0x00000070       0x6e ../stm32f072b-disco_hal_lib/Debug\libstm32f072b-disco_hal_lib.a(stm32f0xx_hal.o)
                                 0x6f (size before relaxing)
 .comment       0x00000000       0x6f ../stm32f072b-disco_hal_lib/Debug\libstm32f072b-disco_hal_lib.a(stm32f0xx_hal_can.o)
 .comment       0x00000000       0x6f ../stm32f072b-disco_hal_lib/Debug\libstm32f072b-disco_hal_lib.a(stm32f0xx_hal_cortex.o)
 .comment       0x00000000       0x6f ../stm32f072b-disco_hal_lib/Debug\libstm32f072b-disco_hal_lib.a(stm32f0xx_hal_gpio.o)
 .comment       0x00000000       0x6f ../stm32f072b-disco_hal_lib/Debug\libstm32f072b-disco_hal_lib.a(stm32f0xx_hal_rcc.o)

.debug_frame    0x00000000      0xf0c
 .debug_frame   0x00000000      0x2f8 C:\Users\Jerry\AppData\Local\Temp\ccUYZMIQ.o
 .debug_frame   0x000002f8       0x78 C:\Users\Jerry\AppData\Local\Temp\ccR5GAAU.o
 .debug_frame   0x00000370       0x28 C:\Users\Jerry\AppData\Local\Temp\cclhIFyY.o
 .debug_frame   0x00000398       0x40 C:\Users\Jerry\AppData\Local\Temp\ccV7Ld0x.o
 .debug_frame   0x000003d8      0x1f4 ../stm32f072b-disco_hal_lib/Debug\libstm32f072b-disco_hal_lib.a(stm32f0xx_hal.o)
 .debug_frame   0x000005cc      0x270 ../stm32f072b-disco_hal_lib/Debug\libstm32f072b-disco_hal_lib.a(stm32f0xx_hal_can.o)
 .debug_frame   0x0000083c      0x2a4 ../stm32f072b-disco_hal_lib/Debug\libstm32f072b-disco_hal_lib.a(stm32f0xx_hal_cortex.o)
 .debug_frame   0x00000ae0      0x110 ../stm32f072b-disco_hal_lib/Debug\libstm32f072b-disco_hal_lib.a(stm32f0xx_hal_gpio.o)
 .debug_frame   0x00000bf0      0x194 ../stm32f072b-disco_hal_lib/Debug\libstm32f072b-disco_hal_lib.a(stm32f0xx_hal_rcc.o)
 .debug_frame   0x00000d84       0x2c c:/program files (x86)/gnu tools arm embedded/4.9 2015q3/bin/../lib/gcc/arm-none-eabi/4.9.3/../../../../arm-none-eabi/lib/armv6-m\libc.a(lib_a-init.o)
 .debug_frame   0x00000db0       0x2c c:/program files (x86)/gnu tools arm embedded/4.9 2015q3/bin/../lib/gcc/arm-none-eabi/4.9.3/../../../../arm-none-eabi/lib/armv6-m\libc.a(lib_a-memcpy.o)
 .debug_frame   0x00000ddc       0x2c c:/program files (x86)/gnu tools arm embedded/4.9 2015q3/bin/../lib/gcc/arm-none-eabi/4.9.3/../../../../arm-none-eabi/lib/armv6-m\libc.a(lib_a-memset.o)
 .debug_frame   0x00000e08       0x54 c:/program files (x86)/gnu tools arm embedded/4.9 2015q3/bin/../lib/gcc/arm-none-eabi/4.9.3/../../../../arm-none-eabi/lib/armv6-m\libc.a(lib_a-__call_atexit.o)
 .debug_frame   0x00000e5c       0x28 c:/program files (x86)/gnu tools arm embedded/4.9 2015q3/bin/../lib/gcc/arm-none-eabi/4.9.3/../../../../arm-none-eabi/lib/armv6-m\libc.a(lib_a-atexit.o)
 .debug_frame   0x00000e84       0x2c c:/program files (x86)/gnu tools arm embedded/4.9 2015q3/bin/../lib/gcc/arm-none-eabi/4.9.3/../../../../arm-none-eabi/lib/armv6-m\libc.a(lib_a-fini.o)
 .debug_frame   0x00000eb0       0x3c c:/program files (x86)/gnu tools arm embedded/4.9 2015q3/bin/../lib/gcc/arm-none-eabi/4.9.3/../../../../arm-none-eabi/lib/armv6-m\libc.a(lib_a-__atexit.o)
 .debug_frame   0x00000eec       0x20 c:/program files (x86)/gnu tools arm embedded/4.9 2015q3/bin/../lib/gcc/arm-none-eabi/4.9.3/armv6-m\libgcc.a(_udivsi3.o)

.debug_macro    0x00000000    0x12a62
 .debug_macro   0x00000000      0x402 ../stm32f072b-disco_hal_lib/Debug\libstm32f072b-disco_hal_lib.a(stm32f0xx_hal.o)
 .debug_macro   0x00000402      0x83e ../stm32f072b-disco_hal_lib/Debug\libstm32f072b-disco_hal_lib.a(stm32f0xx_hal.o)
 .debug_macro   0x00000c40      0x110 ../stm32f072b-disco_hal_lib/Debug\libstm32f072b-disco_hal_lib.a(stm32f0xx_hal.o)
 .debug_macro   0x00000d50       0x28 ../stm32f072b-disco_hal_lib/Debug\libstm32f072b-disco_hal_lib.a(stm32f0xx_hal.o)
 .debug_macro   0x00000d78       0x22 ../stm32f072b-disco_hal_lib/Debug\libstm32f072b-disco_hal_lib.a(stm32f0xx_hal.o)
 .debug_macro   0x00000d9a       0x22 ../stm32f072b-disco_hal_lib/Debug\libstm32f072b-disco_hal_lib.a(stm32f0xx_hal.o)
 .debug_macro   0x00000dbc       0x44 ../stm32f072b-disco_hal_lib/Debug\libstm32f072b-disco_hal_lib.a(stm32f0xx_hal.o)
 .debug_macro   0x00000e00       0xfd ../stm32f072b-disco_hal_lib/Debug\libstm32f072b-disco_hal_lib.a(stm32f0xx_hal.o)
 .debug_macro   0x00000efd       0x22 ../stm32f072b-disco_hal_lib/Debug\libstm32f072b-disco_hal_lib.a(stm32f0xx_hal.o)
 .debug_macro   0x00000f1f      0x1df ../stm32f072b-disco_hal_lib/Debug\libstm32f072b-disco_hal_lib.a(stm32f0xx_hal.o)
 .debug_macro   0x000010fe       0x34 ../stm32f072b-disco_hal_lib/Debug\libstm32f072b-disco_hal_lib.a(stm32f0xx_hal.o)
 .debug_macro   0x00001132       0x26 ../stm32f072b-disco_hal_lib/Debug\libstm32f072b-disco_hal_lib.a(stm32f0xx_hal.o)
 .debug_macro   0x00001158      0x30d ../stm32f072b-disco_hal_lib/Debug\libstm32f072b-disco_hal_lib.a(stm32f0xx_hal.o)
 .debug_macro   0x00001465     0x6e28 ../stm32f072b-disco_hal_lib/Debug\libstm32f072b-disco_hal_lib.a(stm32f0xx_hal.o)
 .debug_macro   0x0000828d       0x3c ../stm32f072b-disco_hal_lib/Debug\libstm32f072b-disco_hal_lib.a(stm32f0xx_hal.o)
 .debug_macro   0x000082c9     0x3295 ../stm32f072b-disco_hal_lib/Debug\libstm32f072b-disco_hal_lib.a(stm32f0xx_hal.o)
 .debug_macro   0x0000b55e       0x58 ../stm32f072b-disco_hal_lib/Debug\libstm32f072b-disco_hal_lib.a(stm32f0xx_hal.o)
 .debug_macro   0x0000b5b6       0x35 ../stm32f072b-disco_hal_lib/Debug\libstm32f072b-disco_hal_lib.a(stm32f0xx_hal.o)
 .debug_macro   0x0000b5eb       0x9c ../stm32f072b-disco_hal_lib/Debug\libstm32f072b-disco_hal_lib.a(stm32f0xx_hal.o)
 .debug_macro   0x0000b687       0x16 ../stm32f072b-disco_hal_lib/Debug\libstm32f072b-disco_hal_lib.a(stm32f0xx_hal.o)
 .debug_macro   0x0000b69d       0x97 ../stm32f072b-disco_hal_lib/Debug\libstm32f072b-disco_hal_lib.a(stm32f0xx_hal.o)
 .debug_macro   0x0000b734      0x329 ../stm32f072b-disco_hal_lib/Debug\libstm32f072b-disco_hal_lib.a(stm32f0xx_hal.o)
 .debug_macro   0x0000ba5d       0xfd ../stm32f072b-disco_hal_lib/Debug\libstm32f072b-disco_hal_lib.a(stm32f0xx_hal.o)
 .debug_macro   0x0000bb5a       0x10 ../stm32f072b-disco_hal_lib/Debug\libstm32f072b-disco_hal_lib.a(stm32f0xx_hal.o)
 .debug_macro   0x0000bb6a       0x52 ../stm32f072b-disco_hal_lib/Debug\libstm32f072b-disco_hal_lib.a(stm32f0xx_hal.o)
 .debug_macro   0x0000bbbc       0x16 ../stm32f072b-disco_hal_lib/Debug\libstm32f072b-disco_hal_lib.a(stm32f0xx_hal.o)
 .debug_macro   0x0000bbd2       0x43 ../stm32f072b-disco_hal_lib/Debug\libstm32f072b-disco_hal_lib.a(stm32f0xx_hal.o)
 .debug_macro   0x0000bc15      0x187 ../stm32f072b-disco_hal_lib/Debug\libstm32f072b-disco_hal_lib.a(stm32f0xx_hal.o)
 .debug_macro   0x0000bd9c       0x10 ../stm32f072b-disco_hal_lib/Debug\libstm32f072b-disco_hal_lib.a(stm32f0xx_hal.o)
 .debug_macro   0x0000bdac       0x22 ../stm32f072b-disco_hal_lib/Debug\libstm32f072b-disco_hal_lib.a(stm32f0xx_hal.o)
 .debug_macro   0x0000bdce       0x3a ../stm32f072b-disco_hal_lib/Debug\libstm32f072b-disco_hal_lib.a(stm32f0xx_hal.o)
 .debug_macro   0x0000be08       0x10 ../stm32f072b-disco_hal_lib/Debug\libstm32f072b-disco_hal_lib.a(stm32f0xx_hal.o)
 .debug_macro   0x0000be18       0x40 ../stm32f072b-disco_hal_lib/Debug\libstm32f072b-disco_hal_lib.a(stm32f0xx_hal.o)
 .debug_macro   0x0000be58       0x65 ../stm32f072b-disco_hal_lib/Debug\libstm32f072b-disco_hal_lib.a(stm32f0xx_hal.o)
 .debug_macro   0x0000bebd       0x16 ../stm32f072b-disco_hal_lib/Debug\libstm32f072b-disco_hal_lib.a(stm32f0xx_hal.o)
 .debug_macro   0x0000bed3      0x197 ../stm32f072b-disco_hal_lib/Debug\libstm32f072b-disco_hal_lib.a(stm32f0xx_hal.o)
 .debug_macro   0x0000c06a       0x50 ../stm32f072b-disco_hal_lib/Debug\libstm32f072b-disco_hal_lib.a(stm32f0xx_hal.o)
 .debug_macro   0x0000c0ba      0x944 ../stm32f072b-disco_hal_lib/Debug\libstm32f072b-disco_hal_lib.a(stm32f0xx_hal.o)
 .debug_macro   0x0000c9fe      0x609 ../stm32f072b-disco_hal_lib/Debug\libstm32f072b-disco_hal_lib.a(stm32f0xx_hal.o)
 .debug_macro   0x0000d007      0x13a ../stm32f072b-disco_hal_lib/Debug\libstm32f072b-disco_hal_lib.a(stm32f0xx_hal.o)
 .debug_macro   0x0000d141      0x1a7 ../stm32f072b-disco_hal_lib/Debug\libstm32f072b-disco_hal_lib.a(stm32f0xx_hal.o)
 .debug_macro   0x0000d2e8      0x217 ../stm32f072b-disco_hal_lib/Debug\libstm32f072b-disco_hal_lib.a(stm32f0xx_hal.o)
 .debug_macro   0x0000d4ff       0x2d ../stm32f072b-disco_hal_lib/Debug\libstm32f072b-disco_hal_lib.a(stm32f0xx_hal.o)
 .debug_macro   0x0000d52c       0x43 ../stm32f072b-disco_hal_lib/Debug\libstm32f072b-disco_hal_lib.a(stm32f0xx_hal.o)
 .debug_macro   0x0000d56f       0x29 ../stm32f072b-disco_hal_lib/Debug\libstm32f072b-disco_hal_lib.a(stm32f0xx_hal.o)
 .debug_macro   0x0000d598      0x344 ../stm32f072b-disco_hal_lib/Debug\libstm32f072b-disco_hal_lib.a(stm32f0xx_hal.o)
 .debug_macro   0x0000d8dc       0xd6 ../stm32f072b-disco_hal_lib/Debug\libstm32f072b-disco_hal_lib.a(stm32f0xx_hal.o)
 .debug_macro   0x0000d9b2      0x360 ../stm32f072b-disco_hal_lib/Debug\libstm32f072b-disco_hal_lib.a(stm32f0xx_hal.o)
 .debug_macro   0x0000dd12      0x272 ../stm32f072b-disco_hal_lib/Debug\libstm32f072b-disco_hal_lib.a(stm32f0xx_hal.o)
 .debug_macro   0x0000df84      0x27b ../stm32f072b-disco_hal_lib/Debug\libstm32f072b-disco_hal_lib.a(stm32f0xx_hal.o)
 .debug_macro   0x0000e1ff       0x88 ../stm32f072b-disco_hal_lib/Debug\libstm32f072b-disco_hal_lib.a(stm32f0xx_hal.o)
 .debug_macro   0x0000e287       0x85 ../stm32f072b-disco_hal_lib/Debug\libstm32f072b-disco_hal_lib.a(stm32f0xx_hal.o)
 .debug_macro   0x0000e30c       0x12 ../stm32f072b-disco_hal_lib/Debug\libstm32f072b-disco_hal_lib.a(stm32f0xx_hal.o)
 .debug_macro   0x0000e31e       0xcb ../stm32f072b-disco_hal_lib/Debug\libstm32f072b-disco_hal_lib.a(stm32f0xx_hal.o)
 .debug_macro   0x0000e3e9       0xf5 ../stm32f072b-disco_hal_lib/Debug\libstm32f072b-disco_hal_lib.a(stm32f0xx_hal.o)
 .debug_macro   0x0000e4de       0xb6 ../stm32f072b-disco_hal_lib/Debug\libstm32f072b-disco_hal_lib.a(stm32f0xx_hal.o)
 .debug_macro   0x0000e594      0x217 ../stm32f072b-disco_hal_lib/Debug\libstm32f072b-disco_hal_lib.a(stm32f0xx_hal.o)
 .debug_macro   0x0000e7ab      0x1ca ../stm32f072b-disco_hal_lib/Debug\libstm32f072b-disco_hal_lib.a(stm32f0xx_hal.o)
 .debug_macro   0x0000e975       0x4f ../stm32f072b-disco_hal_lib/Debug\libstm32f072b-disco_hal_lib.a(stm32f0xx_hal.o)
 .debug_macro   0x0000e9c4       0x66 ../stm32f072b-disco_hal_lib/Debug\libstm32f072b-disco_hal_lib.a(stm32f0xx_hal.o)
 .debug_macro   0x0000ea2a      0x1a0 ../stm32f072b-disco_hal_lib/Debug\libstm32f072b-disco_hal_lib.a(stm32f0xx_hal.o)
 .debug_macro   0x0000ebca      0x256 ../stm32f072b-disco_hal_lib/Debug\libstm32f072b-disco_hal_lib.a(stm32f0xx_hal.o)
 .debug_macro   0x0000ee20       0x31 ../stm32f072b-disco_hal_lib/Debug\libstm32f072b-disco_hal_lib.a(stm32f0xx_hal.o)
 .debug_macro   0x0000ee51       0xab ../stm32f072b-disco_hal_lib/Debug\libstm32f072b-disco_hal_lib.a(stm32f0xx_hal.o)
 .debug_macro   0x0000eefc      0x265 ../stm32f072b-disco_hal_lib/Debug\libstm32f072b-disco_hal_lib.a(stm32f0xx_hal.o)
 .debug_macro   0x0000f161       0x4d ../stm32f072b-disco_hal_lib/Debug\libstm32f072b-disco_hal_lib.a(stm32f0xx_hal.o)
 .debug_macro   0x0000f1ae      0x16d ../stm32f072b-disco_hal_lib/Debug\libstm32f072b-disco_hal_lib.a(stm32f0xx_hal.o)
 .debug_macro   0x0000f31b      0x2e2 ../stm32f072b-disco_hal_lib/Debug\libstm32f072b-disco_hal_lib.a(stm32f0xx_hal.o)
 .debug_macro   0x0000f5fd      0x3a5 ../stm32f072b-disco_hal_lib/Debug\libstm32f072b-disco_hal_lib.a(stm32f0xx_hal.o)
 .debug_macro   0x0000f9a2       0xdd ../stm32f072b-disco_hal_lib/Debug\libstm32f072b-disco_hal_lib.a(stm32f0xx_hal.o)
 .debug_macro   0x0000fa7f      0x38a ../stm32f072b-disco_hal_lib/Debug\libstm32f072b-disco_hal_lib.a(stm32f0xx_hal.o)
 .debug_macro   0x0000fe09       0x11 ../stm32f072b-disco_hal_lib/Debug\libstm32f072b-disco_hal_lib.a(stm32f0xx_hal.o)
 .debug_macro   0x0000fe1a      0x32c ../stm32f072b-disco_hal_lib/Debug\libstm32f072b-disco_hal_lib.a(stm32f0xx_hal.o)
 .debug_macro   0x00010146      0x2e2 ../stm32f072b-disco_hal_lib/Debug\libstm32f072b-disco_hal_lib.a(stm32f0xx_hal.o)
 .debug_macro   0x00010428      0x829 ../stm32f072b-disco_hal_lib/Debug\libstm32f072b-disco_hal_lib.a(stm32f0xx_hal.o)
 .debug_macro   0x00010c51       0x32 ../stm32f072b-disco_hal_lib/Debug\libstm32f072b-disco_hal_lib.a(stm32f0xx_hal.o)
 .debug_macro   0x00010c83      0x46a ../stm32f072b-disco_hal_lib/Debug\libstm32f072b-disco_hal_lib.a(stm32f0xx_hal.o)
 .debug_macro   0x000110ed      0x37c ../stm32f072b-disco_hal_lib/Debug\libstm32f072b-disco_hal_lib.a(stm32f0xx_hal.o)
 .debug_macro   0x00011469      0x209 ../stm32f072b-disco_hal_lib/Debug\libstm32f072b-disco_hal_lib.a(stm32f0xx_hal.o)
 .debug_macro   0x00011672      0x1d8 ../stm32f072b-disco_hal_lib/Debug\libstm32f072b-disco_hal_lib.a(stm32f0xx_hal.o)
 .debug_macro   0x0001184a       0x99 ../stm32f072b-disco_hal_lib/Debug\libstm32f072b-disco_hal_lib.a(stm32f0xx_hal.o)
 .debug_macro   0x000118e3       0x8d ../stm32f072b-disco_hal_lib/Debug\libstm32f072b-disco_hal_lib.a(stm32f0xx_hal.o)
 .debug_macro   0x00011970      0x129 ../stm32f072b-disco_hal_lib/Debug\libstm32f072b-disco_hal_lib.a(stm32f0xx_hal.o)
 .debug_macro   0x00011a99      0x3e4 ../stm32f072b-disco_hal_lib/Debug\libstm32f072b-disco_hal_lib.a(stm32f0xx_hal_can.o)
 .debug_macro   0x00011e7d      0x3de ../stm32f072b-disco_hal_lib/Debug\libstm32f072b-disco_hal_lib.a(stm32f0xx_hal_cortex.o)
 .debug_macro   0x0001225b      0x417 ../stm32f072b-disco_hal_lib/Debug\libstm32f072b-disco_hal_lib.a(stm32f0xx_hal_gpio.o)
 .debug_macro   0x00012672      0x3f0 ../stm32f072b-disco_hal_lib/Debug\libstm32f072b-disco_hal_lib.a(stm32f0xx_hal_rcc.o)
