Archive member included because of file (symbol)

../stm32f072b-disco_hal_lib/Debug\libstm32f072b-disco_hal_lib.a(stm32f0xx_hal.o)
                              C:\Users\Jerry\AppData\Local\Temp\cc6Mt0yF.o (HAL_Init)
../stm32f072b-disco_hal_lib/Debug\libstm32f072b-disco_hal_lib.a(stm32f0xx_hal_cortex.o)
                              ../stm32f072b-disco_hal_lib/Debug\libstm32f072b-disco_hal_lib.a(stm32f0xx_hal.o) (HAL_NVIC_SetPriority)
../stm32f072b-disco_hal_lib/Debug\libstm32f072b-disco_hal_lib.a(stm32f0xx_hal_gpio.o)
                              C:\Users\Jerry\AppData\Local\Temp\cc6Mt0yF.o (HAL_GPIO_Init)
../stm32f072b-disco_hal_lib/Debug\libstm32f072b-disco_hal_lib.a(stm32f0xx_hal_rcc.o)
                              C:\Users\Jerry\AppData\Local\Temp\cc6Mt0yF.o (HAL_RCC_OscConfig)
c:/program files (x86)/gnu tools arm embedded/4.9 2015q3/bin/../lib/gcc/arm-none-eabi/4.9.3/../../../../arm-none-eabi/lib/armv6-m\libc.a(lib_a-errno.o)
                              C:\Users\Jerry\AppData\Local\Temp\cck97FhG.o (__errno)
c:/program files (x86)/gnu tools arm embedded/4.9 2015q3/bin/../lib/gcc/arm-none-eabi/4.9.3/../../../../arm-none-eabi/lib/armv6-m\libc.a(lib_a-exit.o)
                              c:/program files (x86)/gnu tools arm embedded/4.9 2015q3/bin/../lib/gcc/arm-none-eabi/4.9.3/../../../../arm-none-eabi/lib/armv6-m/crt0.o (exit)
c:/program files (x86)/gnu tools arm embedded/4.9 2015q3/bin/../lib/gcc/arm-none-eabi/4.9.3/../../../../arm-none-eabi/lib/armv6-m\libc.a(lib_a-impure.o)
                              c:/program files (x86)/gnu tools arm embedded/4.9 2015q3/bin/../lib/gcc/arm-none-eabi/4.9.3/../../../../arm-none-eabi/lib/armv6-m\libc.a(lib_a-exit.o) (_global_impure_ptr)
c:/program files (x86)/gnu tools arm embedded/4.9 2015q3/bin/../lib/gcc/arm-none-eabi/4.9.3/../../../../arm-none-eabi/lib/armv6-m\libc.a(lib_a-init.o)
                              c:/program files (x86)/gnu tools arm embedded/4.9 2015q3/bin/../lib/gcc/arm-none-eabi/4.9.3/../../../../arm-none-eabi/lib/armv6-m/crt0.o (__libc_init_array)
c:/program files (x86)/gnu tools arm embedded/4.9 2015q3/bin/../lib/gcc/arm-none-eabi/4.9.3/../../../../arm-none-eabi/lib/armv6-m\libc.a(lib_a-memcpy.o)
                              ../stm32f072b-disco_hal_lib/Debug\libstm32f072b-disco_hal_lib.a(stm32f0xx_hal_rcc.o) (memcpy)
c:/program files (x86)/gnu tools arm embedded/4.9 2015q3/bin/../lib/gcc/arm-none-eabi/4.9.3/../../../../arm-none-eabi/lib/armv6-m\libc.a(lib_a-memset.o)
                              c:/program files (x86)/gnu tools arm embedded/4.9 2015q3/bin/../lib/gcc/arm-none-eabi/4.9.3/../../../../arm-none-eabi/lib/armv6-m/crt0.o (memset)
c:/program files (x86)/gnu tools arm embedded/4.9 2015q3/bin/../lib/gcc/arm-none-eabi/4.9.3/../../../../arm-none-eabi/lib/armv6-m\libc.a(lib_a-__call_atexit.o)
                              c:/program files (x86)/gnu tools arm embedded/4.9 2015q3/bin/../lib/gcc/arm-none-eabi/4.9.3/../../../../arm-none-eabi/lib/armv6-m\libc.a(lib_a-exit.o) (__call_exitprocs)
c:/program files (x86)/gnu tools arm embedded/4.9 2015q3/bin/../lib/gcc/arm-none-eabi/4.9.3/../../../../arm-none-eabi/lib/armv6-m\libc.a(lib_a-atexit.o)
                              c:/program files (x86)/gnu tools arm embedded/4.9 2015q3/bin/../lib/gcc/arm-none-eabi/4.9.3/../../../../arm-none-eabi/lib/armv6-m\libc.a(lib_a-__call_atexit.o) (atexit)
c:/program files (x86)/gnu tools arm embedded/4.9 2015q3/bin/../lib/gcc/arm-none-eabi/4.9.3/../../../../arm-none-eabi/lib/armv6-m\libc.a(lib_a-fini.o)
                              c:/program files (x86)/gnu tools arm embedded/4.9 2015q3/bin/../lib/gcc/arm-none-eabi/4.9.3/../../../../arm-none-eabi/lib/armv6-m\libc.a(lib_a-__call_atexit.o) (__libc_fini_array)
c:/program files (x86)/gnu tools arm embedded/4.9 2015q3/bin/../lib/gcc/arm-none-eabi/4.9.3/../../../../arm-none-eabi/lib/armv6-m\libc.a(lib_a-__atexit.o)
                              c:/program files (x86)/gnu tools arm embedded/4.9 2015q3/bin/../lib/gcc/arm-none-eabi/4.9.3/../../../../arm-none-eabi/lib/armv6-m\libc.a(lib_a-atexit.o) (__register_exitproc)
c:/program files (x86)/gnu tools arm embedded/4.9 2015q3/bin/../lib/gcc/arm-none-eabi/4.9.3/armv6-m\libgcc.a(_udivsi3.o)
                              C:\Users\Jerry\AppData\Local\Temp\ccYw9hpK.o (__aeabi_uidiv)
c:/program files (x86)/gnu tools arm embedded/4.9 2015q3/bin/../lib/gcc/arm-none-eabi/4.9.3/armv6-m\libgcc.a(_dvmd_tls.o)
                              c:/program files (x86)/gnu tools arm embedded/4.9 2015q3/bin/../lib/gcc/arm-none-eabi/4.9.3/armv6-m\libgcc.a(_udivsi3.o) (__aeabi_idiv0)

Discarded input sections

 .text          0x00000000        0x0 c:/program files (x86)/gnu tools arm embedded/4.9 2015q3/bin/../lib/gcc/arm-none-eabi/4.9.3/armv6-m/crti.o
 .data          0x00000000        0x0 c:/program files (x86)/gnu tools arm embedded/4.9 2015q3/bin/../lib/gcc/arm-none-eabi/4.9.3/armv6-m/crti.o
[...]
Memory Configuration

Name             Origin             Length             Attributes
FLASH            0x08000000         0x00020000         xr
RAM              0x20000000         0x00004000         xrw
*default*        0x00000000         0xffffffff

Linker script and memory map

LOAD c:/program files (x86)/gnu tools arm embedded/4.9 2015q3/bin/../lib/gcc/arm-none-eabi/4.9.3/armv6-m/crti.o
LOAD c:/program files (x86)/gnu tools arm embedded/4.9 2015q3/bin/../lib/gcc/arm-none-eabi/4.9.3/armv6-m/crtbegin.o
LOAD c:/program files (x86)/gnu tools arm embedded/4.9 2015q3/bin/../lib/gcc/arm-none-eabi/4.9.3/../../../../arm-none-eabi/lib/armv6-m/crt0.o
LOAD C:\Users\Jerry\AppData\Local\Temp\cc6Mt0yF.o
LOAD C:\Users\Jerry\AppData\Local\Temp\ccbfoDBA.o
LOAD C:\Users\Jerry\AppData\Local\Temp\cck97FhG.o
LOAD C:\Users\Jerry\AppData\Local\Temp\ccYw9hpK.o
LOAD C:\Users\Jerry\AppData\Local\Temp\ccKsW8FP.o
LOAD ../stm32f072b-disco_hal_lib/Debug\libstm32f072b-disco_hal_lib.a
LOAD c:/program files (x86)/gnu tools arm embedded/4.9 2015q3/bin/../lib/gcc/arm-none-eabi/4.9.3/../../../../arm-none-eabi/lib/armv6-m\libm.a
LOAD c:/program files (x86)/gnu tools arm embedded/4.9 2015q3/bin/../lib/gcc/arm-none-eabi/4.9.3/../../../../arm-none-eabi/lib/armv6-m\libc.a
LOAD c:/program files (x86)/gnu tools arm embedded/4.9 2015q3/bin/../lib/gcc/arm-none-eabi/4.9.3/../../../../arm-none-eabi/lib/armv6-m\libg.a
LOAD c:/program files (x86)/gnu tools arm embedded/4.9 2015q3/bin/../lib/gcc/arm-none-eabi/4.9.3/../../../../arm-none-eabi/lib/armv6-m\libnosys.a
LOAD c:/program files (x86)/gnu tools arm embedded/4.9 2015q3/bin/../lib/gcc/arm-none-eabi/4.9.3/armv6-m\libgcc.a
START GROUP
LOAD c:/program files (x86)/gnu tools arm embedded/4.9 2015q3/bin/../lib/gcc/arm-none-eabi/4.9.3/armv6-m\libgcc.a
LOAD c:/program files (x86)/gnu tools arm embedded/4.9 2015q3/bin/../lib/gcc/arm-none-eabi/4.9.3/../../../../arm-none-eabi/lib/armv6-m\libg.a
LOAD c:/program files (x86)/gnu tools arm embedded/4.9 2015q3/bin/../lib/gcc/arm-none-eabi/4.9.3/../../../../arm-none-eabi/lib/armv6-m\libc.a
END GROUP
LOAD c:/program files (x86)/gnu tools arm embedded/4.9 2015q3/bin/../lib/gcc/arm-none-eabi/4.9.3/armv6-m/crtend.o
LOAD c:/program files (x86)/gnu tools arm embedded/4.9 2015q3/bin/../lib/gcc/arm-none-eabi/4.9.3/armv6-m/crtn.o
                0x20004000                _estack = 0x20004000
                0x00000000                _Min_Heap_Size = 0x0
                0x00000800                _Min_Stack_Size = 0x800

.isr_vector     0x08000000       0xc0
                0x08000000                . = ALIGN (0x4)
 *(.isr_vector)
 .isr_vector    0x08000000       0xc0 C:\Users\Jerry\AppData\Local\Temp\ccKsW8FP.o
                0x08000000                g_pfnVectors
                0x080000c0                . = ALIGN (0x4)

.text           0x080000c0     0x1508
                0x080000c0                . = ALIGN (0x4)
 *(.text)
 .text          0x080000c0       0x60 c:/program files (x86)/gnu tools arm embedded/4.9 2015q3/bin/../lib/gcc/arm-none-eabi/4.9.3/armv6-m/crtbegin.o
 .text          0x08000120      0x120 c:/program files (x86)/gnu tools arm embedded/4.9 2015q3/bin/../lib/gcc/arm-none-eabi/4.9.3/armv6-m\libgcc.a(_udivsi3.o)
                0x08000120                __aeabi_uidiv
                0x08000120                __udivsi3
                0x0800022c                __aeabi_uidivmod
 .text          0x08000240        0x4 c:/program files (x86)/gnu tools arm embedded/4.9 2015q3/bin/../lib/gcc/arm-none-eabi/4.9.3/armv6-m\libgcc.a(_dvmd_tls.o)
                0x08000240                __aeabi_idiv0
                0x08000240                __aeabi_ldiv0
 *(.text*)
 .text.startup.main
                0x08000244       0x94 C:\Users\Jerry\AppData\Local\Temp\cc6Mt0yF.o
                0x08000244                main
 .text.SysTick_Handler
                0x080002d8        0xc C:\Users\Jerry\AppData\Local\Temp\ccbfoDBA.o
                0x080002d8                SysTick_Handler
 .text.SystemInit
                0x080002e4       0x60 C:\Users\Jerry\AppData\Local\Temp\ccYw9hpK.o
                0x080002e4                SystemInit
 .text.Reset_Handler
                0x08000344       0x50 C:\Users\Jerry\AppData\Local\Temp\ccKsW8FP.o
                0x08000344                Reset_Handler
 .text.Default_Handler
                0x08000394        0x2 C:\Users\Jerry\AppData\Local\Temp\ccKsW8FP.o
                0x08000394                TIM1_CC_IRQHandler
                0x08000394                TSC_IRQHandler
                0x08000394                HardFault_Handler
                0x08000394                ADC1_COMP_IRQHandler
                0x08000394                PendSV_Handler
                0x08000394                NMI_Handler
                0x08000394                I2C1_IRQHandler
                0x08000394                RCC_CRS_IRQHandler
                0x08000394                SPI1_IRQHandler
                0x08000394                TIM6_DAC_IRQHandler
                0x08000394                USART3_4_IRQHandler
                0x08000394                EXTI2_3_IRQHandler
                0x08000394                I2C2_IRQHandler
                0x08000394                TIM17_IRQHandler
                0x08000394                CEC_CAN_IRQHandler
                0x08000394                RTC_IRQHandler
                0x08000394                PVD_VDDIO2_IRQHandler
                0x08000394                DMA1_Channel4_5_6_7_IRQHandler
                0x08000394                TIM16_IRQHandler
                0x08000394                TIM3_IRQHandler
                0x08000394                EXTI4_15_IRQHandler
                0x08000394                DMA1_Channel1_IRQHandler
                0x08000394                Default_Handler
                0x08000394                TIM14_IRQHandler
                0x08000394                TIM7_IRQHandler
                0x08000394                TIM15_IRQHandler
                0x08000394                EXTI0_1_IRQHandler
                0x08000394                USB_IRQHandler
                0x08000394                SPI2_IRQHandler
                0x08000394                SVC_Handler
                0x08000394                WWDG_IRQHandler
                0x08000394                TIM2_IRQHandler
                0x08000394                DMA1_Channel2_3_IRQHandler
                0x08000394                USART2_IRQHandler
                0x08000394                FLASH_IRQHandler
                0x08000394                USART1_IRQHandler
                0x08000394                TIM1_BRK_UP_TRG_COM_IRQHandler
 *fill*         0x08000396        0x2 
 .text.HAL_Init
                0x08000398       0x28 ../stm32f072b-disco_hal_lib/Debug\libstm32f072b-disco_hal_lib.a(stm32f0xx_hal.o)
                0x08000398                HAL_Init
 .text.HAL_MspInit
                0x080003c0        0xc ../stm32f072b-disco_hal_lib/Debug\libstm32f072b-disco_hal_lib.a(stm32f0xx_hal.o)
                0x080003c0                HAL_MspInit
 .text.HAL_InitTick
                0x080003cc       0x38 ../stm32f072b-disco_hal_lib/Debug\libstm32f072b-disco_hal_lib.a(stm32f0xx_hal.o)
                0x080003cc                HAL_InitTick
 .text.HAL_IncTick
                0x08000404       0x18 ../stm32f072b-disco_hal_lib/Debug\libstm32f072b-disco_hal_lib.a(stm32f0xx_hal.o)
                0x08000404                HAL_IncTick
 .text.HAL_GetTick
                0x0800041c       0x14 ../stm32f072b-disco_hal_lib/Debug\libstm32f072b-disco_hal_lib.a(stm32f0xx_hal.o)
                0x0800041c                HAL_GetTick
 .text.HAL_Delay
                0x08000430       0x30 ../stm32f072b-disco_hal_lib/Debug\libstm32f072b-disco_hal_lib.a(stm32f0xx_hal.o)
                0x08000430                HAL_Delay
 .text.NVIC_SetPriority
                0x08000460       0xdc ../stm32f072b-disco_hal_lib/Debug\libstm32f072b-disco_hal_lib.a(stm32f0xx_hal_cortex.o)
 .text.SysTick_Config
                0x0800053c       0x48 ../stm32f072b-disco_hal_lib/Debug\libstm32f072b-disco_hal_lib.a(stm32f0xx_hal_cortex.o)
 .text.HAL_NVIC_SetPriority
                0x08000584       0x2c ../stm32f072b-disco_hal_lib/Debug\libstm32f072b-disco_hal_lib.a(stm32f0xx_hal_cortex.o)
                0x08000584                HAL_NVIC_SetPriority
 .text.HAL_SYSTICK_Config
                0x080005b0       0x1c ../stm32f072b-disco_hal_lib/Debug\libstm32f072b-disco_hal_lib.a(stm32f0xx_hal_cortex.o)
                0x080005b0                HAL_SYSTICK_Config
 .text.HAL_SYSTICK_IRQHandler
                0x080005cc       0x10 ../stm32f072b-disco_hal_lib/Debug\libstm32f072b-disco_hal_lib.a(stm32f0xx_hal_cortex.o)
                0x080005cc                HAL_SYSTICK_IRQHandler
 .text.HAL_SYSTICK_Callback
                0x080005dc        0xc ../stm32f072b-disco_hal_lib/Debug\libstm32f072b-disco_hal_lib.a(stm32f0xx_hal_cortex.o)
                0x080005dc                HAL_SYSTICK_Callback
 .text.HAL_GPIO_Init
                0x080005e8      0x2f8 ../stm32f072b-disco_hal_lib/Debug\libstm32f072b-disco_hal_lib.a(stm32f0xx_hal_gpio.o)
                0x080005e8                HAL_GPIO_Init
 .text.HAL_GPIO_TogglePin
                0x080008e0       0x24 ../stm32f072b-disco_hal_lib/Debug\libstm32f072b-disco_hal_lib.a(stm32f0xx_hal_gpio.o)
                0x080008e0                HAL_GPIO_TogglePin
 .text.HAL_RCC_OscConfig
                0x08000904      0x704 ../stm32f072b-disco_hal_lib/Debug\libstm32f072b-disco_hal_lib.a(stm32f0xx_hal_rcc.o)
                0x08000904                HAL_RCC_OscConfig
 .text.HAL_RCC_ClockConfig
                0x08001008      0x1ec ../stm32f072b-disco_hal_lib/Debug\libstm32f072b-disco_hal_lib.a(stm32f0xx_hal_rcc.o)
                0x08001008                HAL_RCC_ClockConfig
 .text.HAL_RCC_GetSysClockFreq
                0x080011f4      0x104 ../stm32f072b-disco_hal_lib/Debug\libstm32f072b-disco_hal_lib.a(stm32f0xx_hal_rcc.o)
                0x080011f4                HAL_RCC_GetSysClockFreq
 .text.HAL_RCC_GetHCLKFreq
                0x080012f8       0x38 ../stm32f072b-disco_hal_lib/Debug\libstm32f072b-disco_hal_lib.a(stm32f0xx_hal_rcc.o)
                0x080012f8                HAL_RCC_GetHCLKFreq
 .text.__libc_init_array
                0x08001330       0x48 c:/program files (x86)/gnu tools arm embedded/4.9 2015q3/bin/../lib/gcc/arm-none-eabi/4.9.3/../../../../arm-none-eabi/lib/armv6-m\libc.a(lib_a-init.o)
                0x08001330                __libc_init_array
 .text.memcpy   0x08001378       0x7c c:/program files (x86)/gnu tools arm embedded/4.9 2015q3/bin/../lib/gcc/arm-none-eabi/4.9.3/../../../../arm-none-eabi/lib/armv6-m\libc.a(lib_a-memcpy.o)
                0x08001378                memcpy
 .text.memset   0x080013f4       0x8c c:/program files (x86)/gnu tools arm embedded/4.9 2015q3/bin/../lib/gcc/arm-none-eabi/4.9.3/../../../../arm-none-eabi/lib/armv6-m\libc.a(lib_a-memset.o)
                0x080013f4                memset
 .text.startup.register_fini
                0x08001480       0x18 c:/program files (x86)/gnu tools arm embedded/4.9 2015q3/bin/../lib/gcc/arm-none-eabi/4.9.3/../../../../arm-none-eabi/lib/armv6-m\libc.a(lib_a-__call_atexit.o)
 .text.atexit   0x08001498       0x10 c:/program files (x86)/gnu tools arm embedded/4.9 2015q3/bin/../lib/gcc/arm-none-eabi/4.9.3/../../../../arm-none-eabi/lib/armv6-m\libc.a(lib_a-atexit.o)
                0x08001498                atexit
 .text.__libc_fini_array
                0x080014a8       0x34 c:/program files (x86)/gnu tools arm embedded/4.9 2015q3/bin/../lib/gcc/arm-none-eabi/4.9.3/../../../../arm-none-eabi/lib/armv6-m\libc.a(lib_a-fini.o)
                0x080014a8                __libc_fini_array
 .text.__register_exitproc
                0x080014dc       0xd4 c:/program files (x86)/gnu tools arm embedded/4.9 2015q3/bin/../lib/gcc/arm-none-eabi/4.9.3/../../../../arm-none-eabi/lib/armv6-m\libc.a(lib_a-__atexit.o)
                0x080014dc                __register_exitproc
 *(.glue_7)
 .glue_7        0x00000000        0x0 linker stubs
 *(.glue_7t)
 .glue_7t       0x00000000        0x0 linker stubs
 *(.eh_frame)
 .eh_frame      0x080015b0        0x0 c:/program files (x86)/gnu tools arm embedded/4.9 2015q3/bin/../lib/gcc/arm-none-eabi/4.9.3/armv6-m/crtbegin.o
 *(.init)
 .init          0x080015b0        0x4 c:/program files (x86)/gnu tools arm embedded/4.9 2015q3/bin/../lib/gcc/arm-none-eabi/4.9.3/armv6-m/crti.o
                0x080015b0                _init
 .init          0x080015b4        0x8 c:/program files (x86)/gnu tools arm embedded/4.9 2015q3/bin/../lib/gcc/arm-none-eabi/4.9.3/armv6-m/crtn.o
 *(.fini)
 .fini          0x080015bc        0x4 c:/program files (x86)/gnu tools arm embedded/4.9 2015q3/bin/../lib/gcc/arm-none-eabi/4.9.3/armv6-m/crti.o
                0x080015bc                _fini
 .fini          0x080015c0        0x8 c:/program files (x86)/gnu tools arm embedded/4.9 2015q3/bin/../lib/gcc/arm-none-eabi/4.9.3/armv6-m/crtn.o
                0x080015c8                . = ALIGN (0x4)
                0x080015c8                _etext = .

.vfp11_veneer   0x080015c8        0x0
 .vfp11_veneer  0x00000000        0x0 linker stubs

.v4_bx          0x080015c8        0x0
 .v4_bx         0x00000000        0x0 linker stubs

.iplt           0x080015c8        0x0
 .iplt          0x00000000        0x0 c:/program files (x86)/gnu tools arm embedded/4.9 2015q3/bin/../lib/gcc/arm-none-eabi/4.9.3/armv6-m/crtbegin.o

.rodata         0x080015c8       0x38
                0x080015c8                . = ALIGN (0x4)
 *(.rodata)
 .rodata        0x080015c8       0x30 ../stm32f072b-disco_hal_lib/Debug\libstm32f072b-disco_hal_lib.a(stm32f0xx_hal_rcc.o)
                0x080015c8                aAPBAHBPrescTable
 *(.rodata*)
 .rodata.str1.4
                0x080015f8        0x4 c:/program files (x86)/gnu tools arm embedded/4.9 2015q3/bin/../lib/gcc/arm-none-eabi/4.9.3/../../../../arm-none-eabi/lib/armv6-m\libc.a(lib_a-impure.o)
                                  0x2 (size before relaxing)
 .rodata._global_impure_ptr
                0x080015fc        0x4 c:/program files (x86)/gnu tools arm embedded/4.9 2015q3/bin/../lib/gcc/arm-none-eabi/4.9.3/../../../../arm-none-eabi/lib/armv6-m\libc.a(lib_a-impure.o)
                0x080015fc                _global_impure_ptr
                0x08001600                . = ALIGN (0x4)

.rel.dyn        0x08001600        0x0
 .rel.iplt      0x00000000        0x0 c:/program files (x86)/gnu tools arm embedded/4.9 2015q3/bin/../lib/gcc/arm-none-eabi/4.9.3/armv6-m/crtbegin.o

.ARM.extab
 *(.ARM.extab* .gnu.linkonce.armextab.*)

.ARM            0x08001600        0x0
                0x08001600                __exidx_start = .
 *(.ARM.exidx*)
                0x08001600                __exidx_end = .

.preinit_array  0x08001600        0x0
                0x08001600                PROVIDE (__preinit_array_start, .)
 *(.preinit_array*)
                0x08001600                PROVIDE (__preinit_array_end, .)

.init_array     0x08001600        0x8
                0x08001600                PROVIDE (__init_array_start, .)
 *(SORT(.init_array.*))
 .init_array.00000
                0x08001600        0x4 c:/program files (x86)/gnu tools arm embedded/4.9 2015q3/bin/../lib/gcc/arm-none-eabi/4.9.3/../../../../arm-none-eabi/lib/armv6-m\libc.a(lib_a-__call_atexit.o)
 *(.init_array*)
 .init_array    0x08001604        0x4 c:/program files (x86)/gnu tools arm embedded/4.9 2015q3/bin/../lib/gcc/arm-none-eabi/4.9.3/armv6-m/crtbegin.o
                0x08001608                PROVIDE (__init_array_end, .)

.fini_array     0x08001608        0x4
                0x08001608                PROVIDE (__fini_array_start, .)
 *(SORT(.fini_array.*))
 *(.fini_array*)
 .fini_array    0x08001608        0x4 c:/program files (x86)/gnu tools arm embedded/4.9 2015q3/bin/../lib/gcc/arm-none-eabi/4.9.3/armv6-m/crtbegin.o
                0x0800160c                PROVIDE (__fini_array_end, .)
                0x0800160c                _sidata = LOADADDR (.data)

.data           0x20000000      0x430 load address 0x0800160c
                0x20000000                . = ALIGN (0x4)
                0x20000000                _sdata = .
 *(.data)
 *(.data*)
 .data.SystemCoreClock
                0x20000000        0x4 C:\Users\Jerry\AppData\Local\Temp\ccYw9hpK.o
                0x20000000                SystemCoreClock
 *fill*         0x20000004        0x4 
 .data.impure_data
                0x20000008      0x428 c:/program files (x86)/gnu tools arm embedded/4.9 2015q3/bin/../lib/gcc/arm-none-eabi/4.9.3/../../../../arm-none-eabi/lib/armv6-m\libc.a(lib_a-impure.o)
                0x20000430                . = ALIGN (0x4)
                0x20000430                _edata = .

.jcr            0x20000430        0x0 load address 0x08001a3c
 .jcr           0x20000430        0x0 c:/program files (x86)/gnu tools arm embedded/4.9 2015q3/bin/../lib/gcc/arm-none-eabi/4.9.3/armv6-m/crtbegin.o

.igot.plt       0x20000430        0x0 load address 0x08001a3c
 .igot.plt      0x00000000        0x0 c:/program files (x86)/gnu tools arm embedded/4.9 2015q3/bin/../lib/gcc/arm-none-eabi/4.9.3/armv6-m/crtbegin.o
                0x20000430                . = ALIGN (0x4)

.bss            0x20000430       0x20 load address 0x08001a3c
                0x20000430                _sbss = .
                0x20000430                __bss_start__ = _sbss
 *(.bss)
 .bss           0x20000430       0x1c c:/program files (x86)/gnu tools arm embedded/4.9 2015q3/bin/../lib/gcc/arm-none-eabi/4.9.3/armv6-m/crtbegin.o
 .bss           0x2000044c        0x4 ../stm32f072b-disco_hal_lib/Debug\libstm32f072b-disco_hal_lib.a(stm32f0xx_hal.o)
 *(.bss*)
 *(COMMON)
                0x20000450                . = ALIGN (0x4)
                0x20000450                _ebss = .
                0x20000450                __bss_end__ = _ebss

._user_heap_stack
                0x20000450      0x800 load address 0x08001a3c
                0x20000450                . = ALIGN (0x8)
                0x20000450                PROVIDE (end, .)
                0x20000450                PROVIDE (_end, .)
                0x20000450                . = (. + _Min_Heap_Size)
                0x20000c50                . = (. + _Min_Stack_Size)
 *fill*         0x20000450      0x800 
                0x20000c50                . = ALIGN (0x8)

/DISCARD/
 libc.a(*)
 libm.a(*)
 libgcc.a(*)

.ARM.attributes
                0x00000000       0x28
 *(.ARM.attributes)
 .ARM.attributes
                0x00000000       0x1e c:/program files (x86)/gnu tools arm embedded/4.9 2015q3/bin/../lib/gcc/arm-none-eabi/4.9.3/armv6-m/crti.o
 .ARM.attributes
                0x0000001e       0x2c c:/program files (x86)/gnu tools arm embedded/4.9 2015q3/bin/../lib/gcc/arm-none-eabi/4.9.3/armv6-m/crtbegin.o
 .ARM.attributes
                0x0000004a       0x31 C:\Users\Jerry\AppData\Local\Temp\cc6Mt0yF.o
 .ARM.attributes
                0x0000007b       0x31 C:\Users\Jerry\AppData\Local\Temp\ccbfoDBA.o
 .ARM.attributes
                0x000000ac       0x31 C:\Users\Jerry\AppData\Local\Temp\ccYw9hpK.o
 .ARM.attributes
                0x000000dd       0x21 C:\Users\Jerry\AppData\Local\Temp\ccKsW8FP.o
 .ARM.attributes
                0x000000fe       0x31 ../stm32f072b-disco_hal_lib/Debug\libstm32f072b-disco_hal_lib.a(stm32f0xx_hal.o)
 .ARM.attributes
                0x0000012f       0x31 ../stm32f072b-disco_hal_lib/Debug\libstm32f072b-disco_hal_lib.a(stm32f0xx_hal_cortex.o)
 .ARM.attributes
                0x00000160       0x31 ../stm32f072b-disco_hal_lib/Debug\libstm32f072b-disco_hal_lib.a(stm32f0xx_hal_gpio.o)
 .ARM.attributes
                0x00000191       0x31 ../stm32f072b-disco_hal_lib/Debug\libstm32f072b-disco_hal_lib.a(stm32f0xx_hal_rcc.o)
 .ARM.attributes
                0x000001c2       0x2c c:/program files (x86)/gnu tools arm embedded/4.9 2015q3/bin/../lib/gcc/arm-none-eabi/4.9.3/../../../../arm-none-eabi/lib/armv6-m\libc.a(lib_a-impure.o)
 .ARM.attributes
                0x000001ee       0x2c c:/program files (x86)/gnu tools arm embedded/4.9 2015q3/bin/../lib/gcc/arm-none-eabi/4.9.3/../../../../arm-none-eabi/lib/armv6-m\libc.a(lib_a-init.o)
 .ARM.attributes
                0x0000021a       0x2c c:/program files (x86)/gnu tools arm embedded/4.9 2015q3/bin/../lib/gcc/arm-none-eabi/4.9.3/../../../../arm-none-eabi/lib/armv6-m\libc.a(lib_a-memcpy.o)
 .ARM.attributes
                0x00000246       0x2c c:/program files (x86)/gnu tools arm embedded/4.9 2015q3/bin/../lib/gcc/arm-none-eabi/4.9.3/../../../../arm-none-eabi/lib/armv6-m\libc.a(lib_a-memset.o)
 .ARM.attributes
                0x00000272       0x2c c:/program files (x86)/gnu tools arm embedded/4.9 2015q3/bin/../lib/gcc/arm-none-eabi/4.9.3/../../../../arm-none-eabi/lib/armv6-m\libc.a(lib_a-__call_atexit.o)
 .ARM.attributes
                0x0000029e       0x2c c:/program files (x86)/gnu tools arm embedded/4.9 2015q3/bin/../lib/gcc/arm-none-eabi/4.9.3/../../../../arm-none-eabi/lib/armv6-m\libc.a(lib_a-atexit.o)
 .ARM.attributes
                0x000002ca       0x2c c:/program files (x86)/gnu tools arm embedded/4.9 2015q3/bin/../lib/gcc/arm-none-eabi/4.9.3/../../../../arm-none-eabi/lib/armv6-m\libc.a(lib_a-fini.o)
 .ARM.attributes
                0x000002f6       0x2c c:/program files (x86)/gnu tools arm embedded/4.9 2015q3/bin/../lib/gcc/arm-none-eabi/4.9.3/../../../../arm-none-eabi/lib/armv6-m\libc.a(lib_a-__atexit.o)
 .ARM.attributes
                0x00000322       0x1e c:/program files (x86)/gnu tools arm embedded/4.9 2015q3/bin/../lib/gcc/arm-none-eabi/4.9.3/armv6-m\libgcc.a(_udivsi3.o)
 .ARM.attributes
                0x00000340       0x1e c:/program files (x86)/gnu tools arm embedded/4.9 2015q3/bin/../lib/gcc/arm-none-eabi/4.9.3/armv6-m\libgcc.a(_dvmd_tls.o)
 .ARM.attributes
                0x0000035e       0x1e c:/program files (x86)/gnu tools arm embedded/4.9 2015q3/bin/../lib/gcc/arm-none-eabi/4.9.3/armv6-m/crtn.o
OUTPUT(../blinky/build/blinky_out.elf elf32-littlearm)

.debug_info     0x00000000     0x2261
 .debug_info    0x00000000      0x5a0 C:\Users\Jerry\AppData\Local\Temp\cc6Mt0yF.o
 .debug_info    0x000005a0       0xb1 C:\Users\Jerry\AppData\Local\Temp\ccbfoDBA.o
 .debug_info    0x00000651      0x215 C:\Users\Jerry\AppData\Local\Temp\ccYw9hpK.o
 .debug_info    0x00000866       0x9d C:\Users\Jerry\AppData\Local\Temp\ccKsW8FP.o
 .debug_info    0x00000903      0x536 ../stm32f072b-disco_hal_lib/Debug\libstm32f072b-disco_hal_lib.a(stm32f0xx_hal.o)
 .debug_info    0x00000e39      0x6df ../stm32f072b-disco_hal_lib/Debug\libstm32f072b-disco_hal_lib.a(stm32f0xx_hal_cortex.o)
 .debug_info    0x00001518      0x5e1 ../stm32f072b-disco_hal_lib/Debug\libstm32f072b-disco_hal_lib.a(stm32f0xx_hal_gpio.o)
 .debug_info    0x00001af9      0x768 ../stm32f072b-disco_hal_lib/Debug\libstm32f072b-disco_hal_lib.a(stm32f0xx_hal_rcc.o)

.debug_abbrev   0x00000000      0xa58
 .debug_abbrev  0x00000000      0x1a2 C:\Users\Jerry\AppData\Local\Temp\cc6Mt0yF.o
 .debug_abbrev  0x000001a2       0x71 C:\Users\Jerry\AppData\Local\Temp\ccbfoDBA.o
 .debug_abbrev  0x00000213       0xf0 C:\Users\Jerry\AppData\Local\Temp\ccYw9hpK.o
 .debug_abbrev  0x00000303       0x12 C:\Users\Jerry\AppData\Local\Temp\ccKsW8FP.o
 .debug_abbrev  0x00000315      0x177 ../stm32f072b-disco_hal_lib/Debug\libstm32f072b-disco_hal_lib.a(stm32f0xx_hal.o)
 .debug_abbrev  0x0000048c      0x234 ../stm32f072b-disco_hal_lib/Debug\libstm32f072b-disco_hal_lib.a(stm32f0xx_hal_cortex.o)
 .debug_abbrev  0x000006c0      0x1b6 ../stm32f072b-disco_hal_lib/Debug\libstm32f072b-disco_hal_lib.a(stm32f0xx_hal_gpio.o)
 .debug_abbrev  0x00000876      0x1e2 ../stm32f072b-disco_hal_lib/Debug\libstm32f072b-disco_hal_lib.a(stm32f0xx_hal_rcc.o)

.debug_aranges  0x00000000      0x2c8
 .debug_aranges
                0x00000000       0x20 C:\Users\Jerry\AppData\Local\Temp\cc6Mt0yF.o
 .debug_aranges
                0x00000020       0x20 C:\Users\Jerry\AppData\Local\Temp\ccbfoDBA.o
 .debug_aranges
                0x00000040       0x28 C:\Users\Jerry\AppData\Local\Temp\ccYw9hpK.o
 .debug_aranges
                0x00000068       0x28 C:\Users\Jerry\AppData\Local\Temp\ccKsW8FP.o
 .debug_aranges
                0x00000090       0xa0 ../stm32f072b-disco_hal_lib/Debug\libstm32f072b-disco_hal_lib.a(stm32f0xx_hal.o)
 .debug_aranges
                0x00000130       0xc0 ../stm32f072b-disco_hal_lib/Debug\libstm32f072b-disco_hal_lib.a(stm32f0xx_hal_cortex.o)
 .debug_aranges
                0x000001f0       0x58 ../stm32f072b-disco_hal_lib/Debug\libstm32f072b-disco_hal_lib.a(stm32f0xx_hal_gpio.o)
 .debug_aranges
                0x00000248       0x80 ../stm32f072b-disco_hal_lib/Debug\libstm32f072b-disco_hal_lib.a(stm32f0xx_hal_rcc.o)

.debug_ranges   0x00000000      0x288
 .debug_ranges  0x00000000       0x48 C:\Users\Jerry\AppData\Local\Temp\cc6Mt0yF.o
 .debug_ranges  0x00000048       0x10 C:\Users\Jerry\AppData\Local\Temp\ccbfoDBA.o
 .debug_ranges  0x00000058       0x18 C:\Users\Jerry\AppData\Local\Temp\ccYw9hpK.o
 .debug_ranges  0x00000070       0x20 C:\Users\Jerry\AppData\Local\Temp\ccKsW8FP.o
 .debug_ranges  0x00000090       0x90 ../stm32f072b-disco_hal_lib/Debug\libstm32f072b-disco_hal_lib.a(stm32f0xx_hal.o)
 .debug_ranges  0x00000120       0xb0 ../stm32f072b-disco_hal_lib/Debug\libstm32f072b-disco_hal_lib.a(stm32f0xx_hal_cortex.o)
 .debug_ranges  0x000001d0       0x48 ../stm32f072b-disco_hal_lib/Debug\libstm32f072b-disco_hal_lib.a(stm32f0xx_hal_gpio.o)
 .debug_ranges  0x00000218       0x70 ../stm32f072b-disco_hal_lib/Debug\libstm32f072b-disco_hal_lib.a(stm32f0xx_hal_rcc.o)

.debug_line     0x00000000     0x33cb
 .debug_line    0x00000000      0x201 C:\Users\Jerry\AppData\Local\Temp\cc6Mt0yF.o
 .debug_line    0x00000201       0xa8 C:\Users\Jerry\AppData\Local\Temp\ccbfoDBA.o
 .debug_line    0x000002a9      0x19a C:\Users\Jerry\AppData\Local\Temp\ccYw9hpK.o
 .debug_line    0x00000443       0x9c C:\Users\Jerry\AppData\Local\Temp\ccKsW8FP.o
 .debug_line    0x000004df      0xb29 ../stm32f072b-disco_hal_lib/Debug\libstm32f072b-disco_hal_lib.a(stm32f0xx_hal.o)
 .debug_line    0x00001008      0xbb3 ../stm32f072b-disco_hal_lib/Debug\libstm32f072b-disco_hal_lib.a(stm32f0xx_hal_cortex.o)
 .debug_line    0x00001bbb      0xb7b ../stm32f072b-disco_hal_lib/Debug\libstm32f072b-disco_hal_lib.a(stm32f0xx_hal_gpio.o)
 .debug_line    0x00002736      0xc95 ../stm32f072b-disco_hal_lib/Debug\libstm32f072b-disco_hal_lib.a(stm32f0xx_hal_rcc.o)

.debug_str      0x00000000    0x830af
 .debug_str     0x00000000      0x3a9 C:\Users\Jerry\AppData\Local\Temp\cc6Mt0yF.o
                                0x458 (size before relaxing)
 .debug_str     0x000003a9       0x50 C:\Users\Jerry\AppData\Local\Temp\ccbfoDBA.o
                                0x1d7 (size before relaxing)
 .debug_str     0x000003f9       0x71 C:\Users\Jerry\AppData\Local\Temp\ccYw9hpK.o
                                0x27f (size before relaxing)
 .debug_str     0x0000046a    0x82623 ../stm32f072b-disco_hal_lib/Debug\libstm32f072b-disco_hal_lib.a(stm32f0xx_hal.o)
                              0x82a7c (size before relaxing)
 .debug_str     0x00082a8d      0x1db ../stm32f072b-disco_hal_lib/Debug\libstm32f072b-disco_hal_lib.a(stm32f0xx_hal_cortex.o)
                              0x8298c (size before relaxing)
 .debug_str     0x00082c68      0x244 ../stm32f072b-disco_hal_lib/Debug\libstm32f072b-disco_hal_lib.a(stm32f0xx_hal_gpio.o)
                              0x82864 (size before relaxing)
 .debug_str     0x00082eac      0x203 ../stm32f072b-disco_hal_lib/Debug\libstm32f072b-disco_hal_lib.a(stm32f0xx_hal_rcc.o)
                              0x8297f (size before relaxing)

.comment        0x00000000       0xde
 .comment       0x00000000       0x70 C:\Users\Jerry\AppData\Local\Temp\cc6Mt0yF.o
                                 0x71 (size before relaxing)
 .comment       0x00000000       0x71 C:\Users\Jerry\AppData\Local\Temp\ccbfoDBA.o
 .comment       0x00000000       0x71 C:\Users\Jerry\AppData\Local\Temp\ccYw9hpK.o
 .comment       0x00000070       0x6e ../stm32f072b-disco_hal_lib/Debug\libstm32f072b-disco_hal_lib.a(stm32f0xx_hal.o)
                                 0x6f (size before relaxing)
 .comment       0x00000000       0x6f ../stm32f072b-disco_hal_lib/Debug\libstm32f072b-disco_hal_lib.a(stm32f0xx_hal_cortex.o)
 .comment       0x00000000       0x6f ../stm32f072b-disco_hal_lib/Debug\libstm32f072b-disco_hal_lib.a(stm32f0xx_hal_gpio.o)
 .comment       0x00000000       0x6f ../stm32f072b-disco_hal_lib/Debug\libstm32f072b-disco_hal_lib.a(stm32f0xx_hal_rcc.o)

.debug_frame    0x00000000      0x95c
 .debug_frame   0x00000000       0x30 C:\Users\Jerry\AppData\Local\Temp\cc6Mt0yF.o
 .debug_frame   0x00000030       0x28 C:\Users\Jerry\AppData\Local\Temp\ccbfoDBA.o
 .debug_frame   0x00000058       0x40 C:\Users\Jerry\AppData\Local\Temp\ccYw9hpK.o
 .debug_frame   0x00000098      0x1f4 ../stm32f072b-disco_hal_lib/Debug\libstm32f072b-disco_hal_lib.a(stm32f0xx_hal.o)
 .debug_frame   0x0000028c      0x2a4 ../stm32f072b-disco_hal_lib/Debug\libstm32f072b-disco_hal_lib.a(stm32f0xx_hal_cortex.o)
 .debug_frame   0x00000530      0x110 ../stm32f072b-disco_hal_lib/Debug\libstm32f072b-disco_hal_lib.a(stm32f0xx_hal_gpio.o)
 .debug_frame   0x00000640      0x194 ../stm32f072b-disco_hal_lib/Debug\libstm32f072b-disco_hal_lib.a(stm32f0xx_hal_rcc.o)
 .debug_frame   0x000007d4       0x2c c:/program files (x86)/gnu tools arm embedded/4.9 2015q3/bin/../lib/gcc/arm-none-eabi/4.9.3/../../../../arm-none-eabi/lib/armv6-m\libc.a(lib_a-init.o)
 .debug_frame   0x00000800       0x2c c:/program files (x86)/gnu tools arm embedded/4.9 2015q3/bin/../lib/gcc/arm-none-eabi/4.9.3/../../../../arm-none-eabi/lib/armv6-m\libc.a(lib_a-memcpy.o)
 .debug_frame   0x0000082c       0x2c c:/program files (x86)/gnu tools arm embedded/4.9 2015q3/bin/../lib/gcc/arm-none-eabi/4.9.3/../../../../arm-none-eabi/lib/armv6-m\libc.a(lib_a-memset.o)
 .debug_frame   0x00000858       0x54 c:/program files (x86)/gnu tools arm embedded/4.9 2015q3/bin/../lib/gcc/arm-none-eabi/4.9.3/../../../../arm-none-eabi/lib/armv6-m\libc.a(lib_a-__call_atexit.o)
 .debug_frame   0x000008ac       0x28 c:/program files (x86)/gnu tools arm embedded/4.9 2015q3/bin/../lib/gcc/arm-none-eabi/4.9.3/../../../../arm-none-eabi/lib/armv6-m\libc.a(lib_a-atexit.o)
 .debug_frame   0x000008d4       0x2c c:/program files (x86)/gnu tools arm embedded/4.9 2015q3/bin/../lib/gcc/arm-none-eabi/4.9.3/../../../../arm-none-eabi/lib/armv6-m\libc.a(lib_a-fini.o)
 .debug_frame   0x00000900       0x3c c:/program files (x86)/gnu tools arm embedded/4.9 2015q3/bin/../lib/gcc/arm-none-eabi/4.9.3/../../../../arm-none-eabi/lib/armv6-m\libc.a(lib_a-__atexit.o)
 .debug_frame   0x0000093c       0x20 c:/program files (x86)/gnu tools arm embedded/4.9 2015q3/bin/../lib/gcc/arm-none-eabi/4.9.3/armv6-m\libgcc.a(_udivsi3.o)

.debug_loc      0x00000000       0xe2
 .debug_loc     0x00000000       0xe2 C:\Users\Jerry\AppData\Local\Temp\ccYw9hpK.o

.debug_macro    0x00000000    0x1267e
 .debug_macro   0x00000000      0x402 ../stm32f072b-disco_hal_lib/Debug\libstm32f072b-disco_hal_lib.a(stm32f0xx_hal.o)
 .debug_macro   0x00000402      0x83e ../stm32f072b-disco_hal_lib/Debug\libstm32f072b-disco_hal_lib.a(stm32f0xx_hal.o)
 .debug_macro   0x00000c40      0x110 ../stm32f072b-disco_hal_lib/Debug\libstm32f072b-disco_hal_lib.a(stm32f0xx_hal.o)
 .debug_macro   0x00000d50       0x28 ../stm32f072b-disco_hal_lib/Debug\libstm32f072b-disco_hal_lib.a(stm32f0xx_hal.o)
 .debug_macro   0x00000d78       0x22 ../stm32f072b-disco_hal_lib/Debug\libstm32f072b-disco_hal_lib.a(stm32f0xx_hal.o)
 .debug_macro   0x00000d9a       0x22 ../stm32f072b-disco_hal_lib/Debug\libstm32f072b-disco_hal_lib.a(stm32f0xx_hal.o)
 .debug_macro   0x00000dbc       0x44 ../stm32f072b-disco_hal_lib/Debug\libstm32f072b-disco_hal_lib.a(stm32f0xx_hal.o)
 .debug_macro   0x00000e00       0xfd ../stm32f072b-disco_hal_lib/Debug\libstm32f072b-disco_hal_lib.a(stm32f0xx_hal.o)
 .debug_macro   0x00000efd       0x22 ../stm32f072b-disco_hal_lib/Debug\libstm32f072b-disco_hal_lib.a(stm32f0xx_hal.o)
 .debug_macro   0x00000f1f      0x1df ../stm32f072b-disco_hal_lib/Debug\libstm32f072b-disco_hal_lib.a(stm32f0xx_hal.o)
 .debug_macro   0x000010fe       0x34 ../stm32f072b-disco_hal_lib/Debug\libstm32f072b-disco_hal_lib.a(stm32f0xx_hal.o)
 .debug_macro   0x00001132       0x26 ../stm32f072b-disco_hal_lib/Debug\libstm32f072b-disco_hal_lib.a(stm32f0xx_hal.o)
 .debug_macro   0x00001158      0x30d ../stm32f072b-disco_hal_lib/Debug\libstm32f072b-disco_hal_lib.a(stm32f0xx_hal.o)
 .debug_macro   0x00001465     0x6e28 ../stm32f072b-disco_hal_lib/Debug\libstm32f072b-disco_hal_lib.a(stm32f0xx_hal.o)
 .debug_macro   0x0000828d       0x3c ../stm32f072b-disco_hal_lib/Debug\libstm32f072b-disco_hal_lib.a(stm32f0xx_hal.o)
 .debug_macro   0x000082c9     0x3295 ../stm32f072b-disco_hal_lib/Debug\libstm32f072b-disco_hal_lib.a(stm32f0xx_hal.o)
 .debug_macro   0x0000b55e       0x58 ../stm32f072b-disco_hal_lib/Debug\libstm32f072b-disco_hal_lib.a(stm32f0xx_hal.o)
 .debug_macro   0x0000b5b6       0x35 ../stm32f072b-disco_hal_lib/Debug\libstm32f072b-disco_hal_lib.a(stm32f0xx_hal.o)
 .debug_macro   0x0000b5eb       0x9c ../stm32f072b-disco_hal_lib/Debug\libstm32f072b-disco_hal_lib.a(stm32f0xx_hal.o)
 .debug_macro   0x0000b687       0x16 ../stm32f072b-disco_hal_lib/Debug\libstm32f072b-disco_hal_lib.a(stm32f0xx_hal.o)
 .debug_macro   0x0000b69d       0x97 ../stm32f072b-disco_hal_lib/Debug\libstm32f072b-disco_hal_lib.a(stm32f0xx_hal.o)
 .debug_macro   0x0000b734      0x329 ../stm32f072b-disco_hal_lib/Debug\libstm32f072b-disco_hal_lib.a(stm32f0xx_hal.o)
 .debug_macro   0x0000ba5d       0xfd ../stm32f072b-disco_hal_lib/Debug\libstm32f072b-disco_hal_lib.a(stm32f0xx_hal.o)
 .debug_macro   0x0000bb5a       0x10 ../stm32f072b-disco_hal_lib/Debug\libstm32f072b-disco_hal_lib.a(stm32f0xx_hal.o)
 .debug_macro   0x0000bb6a       0x52 ../stm32f072b-disco_hal_lib/Debug\libstm32f072b-disco_hal_lib.a(stm32f0xx_hal.o)
 .debug_macro   0x0000bbbc       0x16 ../stm32f072b-disco_hal_lib/Debug\libstm32f072b-disco_hal_lib.a(stm32f0xx_hal.o)
 .debug_macro   0x0000bbd2       0x43 ../stm32f072b-disco_hal_lib/Debug\libstm32f072b-disco_hal_lib.a(stm32f0xx_hal.o)
 .debug_macro   0x0000bc15      0x187 ../stm32f072b-disco_hal_lib/Debug\libstm32f072b-disco_hal_lib.a(stm32f0xx_hal.o)
 .debug_macro   0x0000bd9c       0x10 ../stm32f072b-disco_hal_lib/Debug\libstm32f072b-disco_hal_lib.a(stm32f0xx_hal.o)
 .debug_macro   0x0000bdac       0x22 ../stm32f072b-disco_hal_lib/Debug\libstm32f072b-disco_hal_lib.a(stm32f0xx_hal.o)
 .debug_macro   0x0000bdce       0x3a ../stm32f072b-disco_hal_lib/Debug\libstm32f072b-disco_hal_lib.a(stm32f0xx_hal.o)
 .debug_macro   0x0000be08       0x10 ../stm32f072b-disco_hal_lib/Debug\libstm32f072b-disco_hal_lib.a(stm32f0xx_hal.o)
 .debug_macro   0x0000be18       0x40 ../stm32f072b-disco_hal_lib/Debug\libstm32f072b-disco_hal_lib.a(stm32f0xx_hal.o)
 .debug_macro   0x0000be58       0x65 ../stm32f072b-disco_hal_lib/Debug\libstm32f072b-disco_hal_lib.a(stm32f0xx_hal.o)
 .debug_macro   0x0000bebd       0x16 ../stm32f072b-disco_hal_lib/Debug\libstm32f072b-disco_hal_lib.a(stm32f0xx_hal.o)
 .debug_macro   0x0000bed3      0x197 ../stm32f072b-disco_hal_lib/Debug\libstm32f072b-disco_hal_lib.a(stm32f0xx_hal.o)
 .debug_macro   0x0000c06a       0x50 ../stm32f072b-disco_hal_lib/Debug\libstm32f072b-disco_hal_lib.a(stm32f0xx_hal.o)
 .debug_macro   0x0000c0ba      0x944 ../stm32f072b-disco_hal_lib/Debug\libstm32f072b-disco_hal_lib.a(stm32f0xx_hal.o)
 .debug_macro   0x0000c9fe      0x609 ../stm32f072b-disco_hal_lib/Debug\libstm32f072b-disco_hal_lib.a(stm32f0xx_hal.o)
 .debug_macro   0x0000d007      0x13a ../stm32f072b-disco_hal_lib/Debug\libstm32f072b-disco_hal_lib.a(stm32f0xx_hal.o)
 .debug_macro   0x0000d141      0x1a7 ../stm32f072b-disco_hal_lib/Debug\libstm32f072b-disco_hal_lib.a(stm32f0xx_hal.o)
 .debug_macro   0x0000d2e8      0x217 ../stm32f072b-disco_hal_lib/Debug\libstm32f072b-disco_hal_lib.a(stm32f0xx_hal.o)
 .debug_macro   0x0000d4ff       0x2d ../stm32f072b-disco_hal_lib/Debug\libstm32f072b-disco_hal_lib.a(stm32f0xx_hal.o)
 .debug_macro   0x0000d52c       0x43 ../stm32f072b-disco_hal_lib/Debug\libstm32f072b-disco_hal_lib.a(stm32f0xx_hal.o)
 .debug_macro   0x0000d56f       0x29 ../stm32f072b-disco_hal_lib/Debug\libstm32f072b-disco_hal_lib.a(stm32f0xx_hal.o)
 .debug_macro   0x0000d598      0x344 ../stm32f072b-disco_hal_lib/Debug\libstm32f072b-disco_hal_lib.a(stm32f0xx_hal.o)
 .debug_macro   0x0000d8dc       0xd6 ../stm32f072b-disco_hal_lib/Debug\libstm32f072b-disco_hal_lib.a(stm32f0xx_hal.o)
 .debug_macro   0x0000d9b2      0x360 ../stm32f072b-disco_hal_lib/Debug\libstm32f072b-disco_hal_lib.a(stm32f0xx_hal.o)
 .debug_macro   0x0000dd12      0x272 ../stm32f072b-disco_hal_lib/Debug\libstm32f072b-disco_hal_lib.a(stm32f0xx_hal.o)
 .debug_macro   0x0000df84      0x27b ../stm32f072b-disco_hal_lib/Debug\libstm32f072b-disco_hal_lib.a(stm32f0xx_hal.o)
 .debug_macro   0x0000e1ff       0x88 ../stm32f072b-disco_hal_lib/Debug\libstm32f072b-disco_hal_lib.a(stm32f0xx_hal.o)
 .debug_macro   0x0000e287       0x85 ../stm32f072b-disco_hal_lib/Debug\libstm32f072b-disco_hal_lib.a(stm32f0xx_hal.o)
 .debug_macro   0x0000e30c       0x12 ../stm32f072b-disco_hal_lib/Debug\libstm32f072b-disco_hal_lib.a(stm32f0xx_hal.o)
 .debug_macro   0x0000e31e       0xcb ../stm32f072b-disco_hal_lib/Debug\libstm32f072b-disco_hal_lib.a(stm32f0xx_hal.o)
 .debug_macro   0x0000e3e9       0xf5 ../stm32f072b-disco_hal_lib/Debug\libstm32f072b-disco_hal_lib.a(stm32f0xx_hal.o)
 .debug_macro   0x0000e4de       0xb6 ../stm32f072b-disco_hal_lib/Debug\libstm32f072b-disco_hal_lib.a(stm32f0xx_hal.o)
 .debug_macro   0x0000e594      0x217 ../stm32f072b-disco_hal_lib/Debug\libstm32f072b-disco_hal_lib.a(stm32f0xx_hal.o)
 .debug_macro   0x0000e7ab      0x1ca ../stm32f072b-disco_hal_lib/Debug\libstm32f072b-disco_hal_lib.a(stm32f0xx_hal.o)
 .debug_macro   0x0000e975       0x4f ../stm32f072b-disco_hal_lib/Debug\libstm32f072b-disco_hal_lib.a(stm32f0xx_hal.o)
 .debug_macro   0x0000e9c4       0x66 ../stm32f072b-disco_hal_lib/Debug\libstm32f072b-disco_hal_lib.a(stm32f0xx_hal.o)
 .debug_macro   0x0000ea2a      0x1a0 ../stm32f072b-disco_hal_lib/Debug\libstm32f072b-disco_hal_lib.a(stm32f0xx_hal.o)
 .debug_macro   0x0000ebca      0x256 ../stm32f072b-disco_hal_lib/Debug\libstm32f072b-disco_hal_lib.a(stm32f0xx_hal.o)
 .debug_macro   0x0000ee20       0x31 ../stm32f072b-disco_hal_lib/Debug\libstm32f072b-disco_hal_lib.a(stm32f0xx_hal.o)
 .debug_macro   0x0000ee51       0xab ../stm32f072b-disco_hal_lib/Debug\libstm32f072b-disco_hal_lib.a(stm32f0xx_hal.o)
 .debug_macro   0x0000eefc      0x265 ../stm32f072b-disco_hal_lib/Debug\libstm32f072b-disco_hal_lib.a(stm32f0xx_hal.o)
 .debug_macro   0x0000f161       0x4d ../stm32f072b-disco_hal_lib/Debug\libstm32f072b-disco_hal_lib.a(stm32f0xx_hal.o)
 .debug_macro   0x0000f1ae      0x16d ../stm32f072b-disco_hal_lib/Debug\libstm32f072b-disco_hal_lib.a(stm32f0xx_hal.o)
 .debug_macro   0x0000f31b      0x2e2 ../stm32f072b-disco_hal_lib/Debug\libstm32f072b-disco_hal_lib.a(stm32f0xx_hal.o)
 .debug_macro   0x0000f5fd      0x3a5 ../stm32f072b-disco_hal_lib/Debug\libstm32f072b-disco_hal_lib.a(stm32f0xx_hal.o)
 .debug_macro   0x0000f9a2       0xdd ../stm32f072b-disco_hal_lib/Debug\libstm32f072b-disco_hal_lib.a(stm32f0xx_hal.o)
 .debug_macro   0x0000fa7f      0x38a ../stm32f072b-disco_hal_lib/Debug\libstm32f072b-disco_hal_lib.a(stm32f0xx_hal.o)
 .debug_macro   0x0000fe09       0x11 ../stm32f072b-disco_hal_lib/Debug\libstm32f072b-disco_hal_lib.a(stm32f0xx_hal.o)
 .debug_macro   0x0000fe1a      0x32c ../stm32f072b-disco_hal_lib/Debug\libstm32f072b-disco_hal_lib.a(stm32f0xx_hal.o)
 .debug_macro   0x00010146      0x2e2 ../stm32f072b-disco_hal_lib/Debug\libstm32f072b-disco_hal_lib.a(stm32f0xx_hal.o)
 .debug_macro   0x00010428      0x829 ../stm32f072b-disco_hal_lib/Debug\libstm32f072b-disco_hal_lib.a(stm32f0xx_hal.o)
 .debug_macro   0x00010c51       0x32 ../stm32f072b-disco_hal_lib/Debug\libstm32f072b-disco_hal_lib.a(stm32f0xx_hal.o)
 .debug_macro   0x00010c83      0x46a ../stm32f072b-disco_hal_lib/Debug\libstm32f072b-disco_hal_lib.a(stm32f0xx_hal.o)
 .debug_macro   0x000110ed      0x37c ../stm32f072b-disco_hal_lib/Debug\libstm32f072b-disco_hal_lib.a(stm32f0xx_hal.o)
 .debug_macro   0x00011469      0x209 ../stm32f072b-disco_hal_lib/Debug\libstm32f072b-disco_hal_lib.a(stm32f0xx_hal.o)
 .debug_macro   0x00011672      0x1d8 ../stm32f072b-disco_hal_lib/Debug\libstm32f072b-disco_hal_lib.a(stm32f0xx_hal.o)
 .debug_macro   0x0001184a       0x99 ../stm32f072b-disco_hal_lib/Debug\libstm32f072b-disco_hal_lib.a(stm32f0xx_hal.o)
 .debug_macro   0x000118e3       0x8d ../stm32f072b-disco_hal_lib/Debug\libstm32f072b-disco_hal_lib.a(stm32f0xx_hal.o)
 .debug_macro   0x00011970      0x129 ../stm32f072b-disco_hal_lib/Debug\libstm32f072b-disco_hal_lib.a(stm32f0xx_hal.o)
 .debug_macro   0x00011a99      0x3de ../stm32f072b-disco_hal_lib/Debug\libstm32f072b-disco_hal_lib.a(stm32f0xx_hal_cortex.o)
 .debug_macro   0x00011e77      0x417 ../stm32f072b-disco_hal_lib/Debug\libstm32f072b-disco_hal_lib.a(stm32f0xx_hal_gpio.o)
 .debug_macro   0x0001228e      0x3f0 ../stm32f072b-disco_hal_lib/Debug\libstm32f072b-disco_hal_lib.a(stm32f0xx_hal_rcc.o)
